Archive member included because of file (symbol)

c:/program files (x86)/atmel/atmel toolchain/arm gcc/native/4.8.1443/arm-gnu-toolchain/bin/../lib/gcc/arm-none-eabi/4.8.4/../../../../arm-none-eabi/lib/armv7-m\libc.a(lib_a-exit.o)
                              c:/program files (x86)/atmel/atmel toolchain/arm gcc/native/4.8.1443/arm-gnu-toolchain/bin/../lib/gcc/arm-none-eabi/4.8.4/../../../../arm-none-eabi/lib/armv7-m/crt0.o (exit)
c:/program files (x86)/atmel/atmel toolchain/arm gcc/native/4.8.1443/arm-gnu-toolchain/bin/../lib/gcc/arm-none-eabi/4.8.4/../../../../arm-none-eabi/lib/armv7-m\libc.a(lib_a-impure.o)
                              c:/program files (x86)/atmel/atmel toolchain/arm gcc/native/4.8.1443/arm-gnu-toolchain/bin/../lib/gcc/arm-none-eabi/4.8.4/../../../../arm-none-eabi/lib/armv7-m\libc.a(lib_a-exit.o) (_global_impure_ptr)
c:/program files (x86)/atmel/atmel toolchain/arm gcc/native/4.8.1443/arm-gnu-toolchain/bin/../lib/gcc/arm-none-eabi/4.8.4/../../../../arm-none-eabi/lib/armv7-m\libc.a(lib_a-init.o)
                              c:/program files (x86)/atmel/atmel toolchain/arm gcc/native/4.8.1443/arm-gnu-toolchain/bin/../lib/gcc/arm-none-eabi/4.8.4/../../../../arm-none-eabi/lib/armv7-m/crt0.o (__libc_init_array)
c:/program files (x86)/atmel/atmel toolchain/arm gcc/native/4.8.1443/arm-gnu-toolchain/bin/../lib/gcc/arm-none-eabi/4.8.4/../../../../arm-none-eabi/lib/armv7-m\libc.a(lib_a-iprintf.o)
                              src/main.o (iprintf)
c:/program files (x86)/atmel/atmel toolchain/arm gcc/native/4.8.1443/arm-gnu-toolchain/bin/../lib/gcc/arm-none-eabi/4.8.4/../../../../arm-none-eabi/lib/armv7-m\libc.a(lib_a-memcpy.o)
                              src/ASF/thirdparty/freertos/freertos-7.3.0/source/queue.o (memcpy)
c:/program files (x86)/atmel/atmel toolchain/arm gcc/native/4.8.1443/arm-gnu-toolchain/bin/../lib/gcc/arm-none-eabi/4.8.4/../../../../arm-none-eabi/lib/armv7-m\libc.a(lib_a-memset.o)
                              c:/program files (x86)/atmel/atmel toolchain/arm gcc/native/4.8.1443/arm-gnu-toolchain/bin/../lib/gcc/arm-none-eabi/4.8.4/../../../../arm-none-eabi/lib/armv7-m/crt0.o (memset)
c:/program files (x86)/atmel/atmel toolchain/arm gcc/native/4.8.1443/arm-gnu-toolchain/bin/../lib/gcc/arm-none-eabi/4.8.4/../../../../arm-none-eabi/lib/armv7-m\libc.a(lib_a-setbuf.o)
                              src/ASF/thirdparty/wireless/addons/sio2host/uart/sio2host.o (setbuf)
c:/program files (x86)/atmel/atmel toolchain/arm gcc/native/4.8.1443/arm-gnu-toolchain/bin/../lib/gcc/arm-none-eabi/4.8.4/../../../../arm-none-eabi/lib/armv7-m\libc.a(lib_a-setvbuf.o)
                              c:/program files (x86)/atmel/atmel toolchain/arm gcc/native/4.8.1443/arm-gnu-toolchain/bin/../lib/gcc/arm-none-eabi/4.8.4/../../../../arm-none-eabi/lib/armv7-m\libc.a(lib_a-setbuf.o) (setvbuf)
c:/program files (x86)/atmel/atmel toolchain/arm gcc/native/4.8.1443/arm-gnu-toolchain/bin/../lib/gcc/arm-none-eabi/4.8.4/../../../../arm-none-eabi/lib/armv7-m\libc.a(lib_a-sprintf.o)
                              src/ASF/thirdparty/freertos/freertos-7.3.0/source/tasks.o (sprintf)
c:/program files (x86)/atmel/atmel toolchain/arm gcc/native/4.8.1443/arm-gnu-toolchain/bin/../lib/gcc/arm-none-eabi/4.8.4/../../../../arm-none-eabi/lib/armv7-m\libc.a(lib_a-strcat.o)
                              src/ASF/thirdparty/freertos/freertos-7.3.0/source/tasks.o (strcat)
c:/program files (x86)/atmel/atmel toolchain/arm gcc/native/4.8.1443/arm-gnu-toolchain/bin/../lib/gcc/arm-none-eabi/4.8.4/../../../../arm-none-eabi/lib/armv7-m\libc.a(lib_a-strcpy.o)
                              c:/program files (x86)/atmel/atmel toolchain/arm gcc/native/4.8.1443/arm-gnu-toolchain/bin/../lib/gcc/arm-none-eabi/4.8.4/../../../../arm-none-eabi/lib/armv7-m\libc.a(lib_a-strcat.o) (strcpy)
c:/program files (x86)/atmel/atmel toolchain/arm gcc/native/4.8.1443/arm-gnu-toolchain/bin/../lib/gcc/arm-none-eabi/4.8.4/../../../../arm-none-eabi/lib/armv7-m\libc.a(lib_a-strlen.o)
                              src/ASF/thirdparty/freertos/freertos-7.3.0/source/FreeRTOS_CLI.o (strlen)
c:/program files (x86)/atmel/atmel toolchain/arm gcc/native/4.8.1443/arm-gnu-toolchain/bin/../lib/gcc/arm-none-eabi/4.8.4/../../../../arm-none-eabi/lib/armv7-m\libc.a(lib_a-strncmp.o)
                              src/ASF/thirdparty/freertos/freertos-7.3.0/source/FreeRTOS_CLI.o (strncmp)
c:/program files (x86)/atmel/atmel toolchain/arm gcc/native/4.8.1443/arm-gnu-toolchain/bin/../lib/gcc/arm-none-eabi/4.8.4/../../../../arm-none-eabi/lib/armv7-m\libc.a(lib_a-strncpy.o)
                              src/ASF/thirdparty/freertos/freertos-7.3.0/source/FreeRTOS_CLI.o (strncpy)
c:/program files (x86)/atmel/atmel toolchain/arm gcc/native/4.8.1443/arm-gnu-toolchain/bin/../lib/gcc/arm-none-eabi/4.8.4/../../../../arm-none-eabi/lib/armv7-m\libc.a(lib_a-svfprintf.o)
[...]
Memory Configuration

Name             Origin             Length             Attributes
rom              0x00080000         0x00080000         xr
sram0            0x20000000         0x00010000         xrw
sram1            0x20080000         0x00008000         xrw
ram              0x20070000         0x00018000         xrw
*default*        0x00000000         0xffffffff

Linker script and memory map

LOAD c:/program files (x86)/atmel/atmel toolchain/arm gcc/native/4.8.1443/arm-gnu-toolchain/bin/../lib/gcc/arm-none-eabi/4.8.4/armv7-m/crti.o
LOAD c:/program files (x86)/atmel/atmel toolchain/arm gcc/native/4.8.1443/arm-gnu-toolchain/bin/../lib/gcc/arm-none-eabi/4.8.4/armv7-m/crtbegin.o
LOAD c:/program files (x86)/atmel/atmel toolchain/arm gcc/native/4.8.1443/arm-gnu-toolchain/bin/../lib/gcc/arm-none-eabi/4.8.4/../../../../arm-none-eabi/lib/armv7-m/crt0.o
LOAD src/main.o
LOAD src/Statemachine/stateMachine.o
LOAD src/Tasks/task_codeLock.o
LOAD src/Tasks/task_led.o
LOAD src/TestButtons/TestButtons.o
LOAD src/ASF/common/services/serial/usart_serial.o
LOAD src/ASF/common/utils/stdio/read.o
LOAD src/ASF/common/utils/stdio/write.o
LOAD src/ASF/sam/drivers/tc/tc.o
LOAD src/ASF/sam/drivers/uart/uart.o
LOAD src/ASF/sam/drivers/usart/usart.o
LOAD src/ASF/thirdparty/freertos/freertos-7.3.0/source/FreeRTOS_CLI.o
LOAD src/ASF/thirdparty/freertos/freertos-7.3.0/source/list.o
LOAD src/ASF/thirdparty/freertos/freertos-7.3.0/source/portable/gcc/arm_cm3/port.o
LOAD src/ASF/thirdparty/freertos/freertos-7.3.0/source/portable/memmang/heap_4.o
LOAD src/ASF/thirdparty/freertos/freertos-7.3.0/source/queue.o
LOAD src/ASF/thirdparty/freertos/freertos-7.3.0/source/tasks.o
LOAD src/ASF/thirdparty/freertos/freertos-7.3.0/source/timers.o
LOAD src/ASF/thirdparty/wireless/addons/sio2host/uart/sio2host.o
LOAD src/consoleFunctions.o
LOAD src/delayFunctions.o
LOAD src/ASF/common/services/clock/sam3x/sysclk.o
LOAD src/ASF/common/utils/interrupt/interrupt_sam_nvic.o
LOAD src/ASF/sam/boards/arduino_due_x/init.o
LOAD src/ASF/sam/drivers/pio/pio.o
LOAD src/ASF/sam/drivers/pio/pio_handler.o
LOAD src/ASF/sam/drivers/pmc/pmc.o
LOAD src/ASF/sam/drivers/pmc/sleep.o
LOAD src/ASF/sam/utils/cmsis/sam3x/source/templates/exceptions.o
LOAD src/ASF/sam/utils/cmsis/sam3x/source/templates/gcc/startup_sam3x.o
LOAD src/ASF/sam/utils/cmsis/sam3x/source/templates/system_sam3x.o
LOAD src/ASF/sam/utils/syscalls/gcc/syscalls.o
START GROUP
LOAD ../src/ASF/thirdparty/CMSIS/Lib/GCC\libarm_cortexM3l_math.a
LOAD c:/program files (x86)/atmel/atmel toolchain/arm gcc/native/4.8.1443/arm-gnu-toolchain/bin/../lib/gcc/arm-none-eabi/4.8.4/../../../../arm-none-eabi/lib/armv7-m\libm.a
END GROUP
START GROUP
LOAD c:/program files (x86)/atmel/atmel toolchain/arm gcc/native/4.8.1443/arm-gnu-toolchain/bin/../lib/gcc/arm-none-eabi/4.8.4/armv7-m\libgcc.a
LOAD c:/program files (x86)/atmel/atmel toolchain/arm gcc/native/4.8.1443/arm-gnu-toolchain/bin/../lib/gcc/arm-none-eabi/4.8.4/../../../../arm-none-eabi/lib/armv7-m\libc.a
END GROUP
LOAD c:/program files (x86)/atmel/atmel toolchain/arm gcc/native/4.8.1443/arm-gnu-toolchain/bin/../lib/gcc/arm-none-eabi/4.8.4/armv7-m/crtend.o
LOAD c:/program files (x86)/atmel/atmel toolchain/arm gcc/native/4.8.1443/arm-gnu-toolchain/bin/../lib/gcc/arm-none-eabi/4.8.4/armv7-m/crtn.o
                0x00002000                __stack_size__ = DEFINED (__stack_size__)?__stack_size__:0x2000
                0x20087ffc                __ram_end__ = ((ORIGIN (ram) + 0x18000) - 0x4)

.text           0x00080000     0x59bc
                0x00080000                . = ALIGN (0x4)
                0x00080000                _sfixed = .
 *(.vectors .vectors.*)
 .vectors       0x00080000       0xf4 src/ASF/sam/utils/cmsis/sam3x/source/templates/gcc/startup_sam3x.o
                0x00080000                exception_table
 *(.text .text.* .gnu.linkonce.t.*)
 .text          0x000800f4       0x54 c:/program files (x86)/atmel/atmel toolchain/arm gcc/native/4.8.1443/arm-gnu-toolchain/bin/../lib/gcc/arm-none-eabi/4.8.4/armv7-m/crtbegin.o
 .text.main     0x00080148       0xb8 src/main.o
                0x00080148                main
 .text.startCodeLock
                0x00080200        0x8 src/Statemachine/stateMachine.o
                0x00080200                startCodeLock
 .text.pushButton1
                0x00080208       0x10 src/Statemachine/stateMachine.o
                0x00080208                pushButton1
 .text.pushButton2
                0x00080218       0x14 src/Statemachine/stateMachine.o
                0x00080218                pushButton2
 .text.pushButton3
                0x0008022c       0x14 src/Statemachine/stateMachine.o
                0x0008022c                pushButton3
 .text.releaseButton
                0x00080240       0x14 src/Statemachine/stateMachine.o
                0x00080240                releaseButton
 .text.task_codeLock
                0x00080254      0x16c src/Tasks/task_codeLock.o
                0x00080254                task_codeLock
 .text.task_led
                0x000803c0       0x2c src/Tasks/task_led.o
                0x000803c0                task_led
 .text.pinMode  0x000803ec       0xe8 src/TestButtons/TestButtons.o
                0x000803ec                pinMode
 .text.digitalWrite
                0x000804d4      0x104 src/TestButtons/TestButtons.o
                0x000804d4                digitalWrite
 .text.digitalRead
                0x000805d8       0x30 src/TestButtons/TestButtons.o
                0x000805d8                digitalRead
 .text.usart_serial_read_packet
                0x00080608       0xc4 src/ASF/common/services/serial/usart_serial.o
                0x00080608                usart_serial_read_packet
 .text._read    0x000806cc       0x40 src/ASF/common/utils/stdio/read.o
                0x000806cc                _read
 .text._write   0x0008070c       0x54 src/ASF/common/utils/stdio/write.o
                0x0008070c                _write
 .text.tc_init  0x00080760       0x1c src/ASF/sam/drivers/tc/tc.o
                0x00080760                tc_init
 .text.tc_set_block_mode
                0x0008077c        0x8 src/ASF/sam/drivers/tc/tc.o
                0x0008077c                tc_set_block_mode
 .text.tc_start
                0x00080784        0x8 src/ASF/sam/drivers/tc/tc.o
                0x00080784                tc_start
 .text.tc_stop  0x0008078c        0x8 src/ASF/sam/drivers/tc/tc.o
                0x0008078c                tc_stop
 .text.tc_read_cv
                0x00080794        0x8 src/ASF/sam/drivers/tc/tc.o
                0x00080794                tc_read_cv
 .text.uart_init
                0x0008079c       0x38 src/ASF/sam/drivers/uart/uart.o
                0x0008079c                uart_init
 .text.uart_write
                0x000807d4       0x10 src/ASF/sam/drivers/uart/uart.o
                0x000807d4                uart_write
 .text.uart_read
                0x000807e4       0x14 src/ASF/sam/drivers/uart/uart.o
                0x000807e4                uart_read
 .text.usart_write
                0x000807f8       0x14 src/ASF/sam/drivers/usart/usart.o
                0x000807f8                usart_write
 .text.usart_read
                0x0008080c       0x18 src/ASF/sam/drivers/usart/usart.o
                0x0008080c                usart_read
 .text.vListInitialise
                0x00080824       0x18 src/ASF/thirdparty/freertos/freertos-7.3.0/source/list.o
                0x00080824                vListInitialise
 .text.vListInitialiseItem
                0x0008083c        0x8 src/ASF/thirdparty/freertos/freertos-7.3.0/source/list.o
                0x0008083c                vListInitialiseItem
 .text.vListInsertEnd
                0x00080844       0x1c src/ASF/thirdparty/freertos/freertos-7.3.0/source/list.o
                0x00080844                vListInsertEnd
 .text.vListInsert
                0x00080860       0x44 src/ASF/thirdparty/freertos/freertos-7.3.0/source/list.o
                0x00080860                vListInsert
 .text.uxListRemove
                0x000808a4       0x28 src/ASF/thirdparty/freertos/freertos-7.3.0/source/list.o
                0x000808a4                uxListRemove
 .text.prvPortStartFirstTask
                0x000808cc       0x14 src/ASF/thirdparty/freertos/freertos-7.3.0/source/portable/gcc/arm_cm3/port.o
 .text.pxPortInitialiseStack
                0x000808e0       0x1c src/ASF/thirdparty/freertos/freertos-7.3.0/source/portable/gcc/arm_cm3/port.o
                0x000808e0                pxPortInitialiseStack
 .text.SVC_Handler
                0x000808fc       0x20 src/ASF/thirdparty/freertos/freertos-7.3.0/source/portable/gcc/arm_cm3/port.o
                0x000808fc                SVC_Handler
 .text.vPortYieldFromISR
                0x0008091c       0x10 src/ASF/thirdparty/freertos/freertos-7.3.0/source/portable/gcc/arm_cm3/port.o
                0x0008091c                vPortYieldFromISR
 .text.ulPortSetInterruptMask
                0x0008092c       0x10 src/ASF/thirdparty/freertos/freertos-7.3.0/source/portable/gcc/arm_cm3/port.o
                0x0008092c                ulPortSetInterruptMask
 .text.vPortEnterCritical
                0x0008093c       0x18 src/ASF/thirdparty/freertos/freertos-7.3.0/source/portable/gcc/arm_cm3/port.o
                0x0008093c                vPortEnterCritical
 .text.vPortClearInterruptMask
                0x00080954        0x8 src/ASF/thirdparty/freertos/freertos-7.3.0/source/portable/gcc/arm_cm3/port.o
                0x00080954                vPortClearInterruptMask
 .text.vPortExitCritical
                0x0008095c       0x1c src/ASF/thirdparty/freertos/freertos-7.3.0/source/portable/gcc/arm_cm3/port.o
                0x0008095c                vPortExitCritical
 .text.PendSV_Handler
                0x00080978       0x3c src/ASF/thirdparty/freertos/freertos-7.3.0/source/portable/gcc/arm_cm3/port.o
                0x00080978                PendSV_Handler
 .text.SysTick_Handler
                0x000809b4       0x2c src/ASF/thirdparty/freertos/freertos-7.3.0/source/portable/gcc/arm_cm3/port.o
                0x000809b4                SysTick_Handler
 .text.vPortSetupTimerInterrupt
                0x000809e0       0x18 src/ASF/thirdparty/freertos/freertos-7.3.0/source/portable/gcc/arm_cm3/port.o
                0x000809e0                vPortSetupTimerInterrupt
 .text.xPortStartScheduler
                0x000809f8       0x38 src/ASF/thirdparty/freertos/freertos-7.3.0/source/portable/gcc/arm_cm3/port.o
                0x000809f8                xPortStartScheduler
 .text.prvInsertBlockIntoFreeList
                0x00080a30       0x58 src/ASF/thirdparty/freertos/freertos-7.3.0/source/portable/memmang/heap_4.o
 .text.pvPortMalloc
                0x00080a88       0xc4 src/ASF/thirdparty/freertos/freertos-7.3.0/source/portable/memmang/heap_4.o
                0x00080a88                pvPortMalloc
 .text.vPortFree
                0x00080b4c       0x34 src/ASF/thirdparty/freertos/freertos-7.3.0/source/portable/memmang/heap_4.o
                0x00080b4c                vPortFree
 .text.prvCopyDataToQueue
                0x00080b80       0x64 src/ASF/thirdparty/freertos/freertos-7.3.0/source/queue.o
 .text.prvCopyDataFromQueue
                0x00080be4       0x28 src/ASF/thirdparty/freertos/freertos-7.3.0/source/queue.o
 .text.prvUnlockQueue
                0x00080c0c       0x8c src/ASF/thirdparty/freertos/freertos-7.3.0/source/queue.o
 .text.xQueueGenericReset
                0x00080c98       0x7c src/ASF/thirdparty/freertos/freertos-7.3.0/source/queue.o
                0x00080c98                xQueueGenericReset
 .text.xQueueGenericCreate
                0x00080d14       0x58 src/ASF/thirdparty/freertos/freertos-7.3.0/source/queue.o
                0x00080d14                xQueueGenericCreate
 .text.xQueueGenericSend
                0x00080d6c      0x124 src/ASF/thirdparty/freertos/freertos-7.3.0/source/queue.o
                0x00080d6c                xQueueGenericSend
 .text.xQueueGenericSendFromISR
                0x00080e90       0x90 src/ASF/thirdparty/freertos/freertos-7.3.0/source/queue.o
                0x00080e90                xQueueGenericSendFromISR
 .text.xQueueGenericReceive
                0x00080f20      0x164 src/ASF/thirdparty/freertos/freertos-7.3.0/source/queue.o
                0x00080f20                xQueueGenericReceive
 .text.vQueueWaitForMessageRestricted
                0x00081084       0x4c src/ASF/thirdparty/freertos/freertos-7.3.0/source/queue.o
                0x00081084                vQueueWaitForMessageRestricted
 .text.prvAddCurrentTaskToDelayedList
                0x000810d0       0x5c src/ASF/thirdparty/freertos/freertos-7.3.0/source/tasks.o
 .text.xTaskGenericCreate
                0x0008112c      0x208 src/ASF/thirdparty/freertos/freertos-7.3.0/source/tasks.o
                0x0008112c                xTaskGenericCreate
 .text.vTaskStartScheduler
                0x00081334       0x6c src/ASF/thirdparty/freertos/freertos-7.3.0/source/tasks.o
                0x00081334                vTaskStartScheduler
 .text.vTaskSuspendAll
                0x000813a0       0x10 src/ASF/thirdparty/freertos/freertos-7.3.0/source/tasks.o
                0x000813a0                vTaskSuspendAll
 .text.xTaskGetTickCount
                0x000813b0       0x20 src/ASF/thirdparty/freertos/freertos-7.3.0/source/tasks.o
                0x000813b0                xTaskGetTickCount
 .text.vTaskIncrementTick
                0x000813d0      0x12c src/ASF/thirdparty/freertos/freertos-7.3.0/source/tasks.o
                0x000813d0                vTaskIncrementTick
 .text.xTaskResumeAll
                0x000814fc      0x108 src/ASF/thirdparty/freertos/freertos-7.3.0/source/tasks.o
                0x000814fc                xTaskResumeAll
 .text.vTaskDelayUntil
                0x00081604       0x98 src/ASF/thirdparty/freertos/freertos-7.3.0/source/tasks.o
                0x00081604                vTaskDelayUntil
 .text.vTaskDelay
                0x0008169c       0x4c src/ASF/thirdparty/freertos/freertos-7.3.0/source/tasks.o
                0x0008169c                vTaskDelay
 .text.prvIdleTask
                0x000816e8       0x84 src/ASF/thirdparty/freertos/freertos-7.3.0/source/tasks.o
 .text.vTaskSwitchContext
                0x0008176c       0x90 src/ASF/thirdparty/freertos/freertos-7.3.0/source/tasks.o
                0x0008176c                vTaskSwitchContext
 .text.vTaskPlaceOnEventList
                0x000817fc       0x64 src/ASF/thirdparty/freertos/freertos-7.3.0/source/tasks.o
                0x000817fc                vTaskPlaceOnEventList
 .text.vTaskPlaceOnEventListRestricted
                0x00081860       0x48 src/ASF/thirdparty/freertos/freertos-7.3.0/source/tasks.o
                0x00081860                vTaskPlaceOnEventListRestricted
 .text.xTaskRemoveFromEventList
                0x000818a8       0x84 src/ASF/thirdparty/freertos/freertos-7.3.0/source/tasks.o
                0x000818a8                xTaskRemoveFromEventList
 .text.vTaskSetTimeOutState
                0x0008192c       0x28 src/ASF/thirdparty/freertos/freertos-7.3.0/source/tasks.o
                0x0008192c                vTaskSetTimeOutState
 .text.xTaskCheckForTimeOut
                0x00081954       0x8c src/ASF/thirdparty/freertos/freertos-7.3.0/source/tasks.o
                0x00081954                xTaskCheckForTimeOut
 .text.vTaskMissedYield
                0x000819e0        0xc src/ASF/thirdparty/freertos/freertos-7.3.0/source/tasks.o
                0x000819e0                vTaskMissedYield
 .text.xTaskGetCurrentTaskHandle
                0x000819ec        0xc src/ASF/thirdparty/freertos/freertos-7.3.0/source/tasks.o
                0x000819ec                xTaskGetCurrentTaskHandle
 .text.xTaskGetSchedulerState
                0x000819f8       0x20 src/ASF/thirdparty/freertos/freertos-7.3.0/source/tasks.o
                0x000819f8                xTaskGetSchedulerState
 .text.vTaskPriorityInherit
                0x00081a18       0x7c src/ASF/thirdparty/freertos/freertos-7.3.0/source/tasks.o
                0x00081a18                vTaskPriorityInherit
 .text.vTaskPriorityDisinherit
                0x00081a94       0x50 src/ASF/thirdparty/freertos/freertos-7.3.0/source/tasks.o
                0x00081a94                vTaskPriorityDisinherit
 .text.prvInsertTimerInActiveList
                0x00081ae4       0x50 src/ASF/thirdparty/freertos/freertos-7.3.0/source/timers.o
 .text.prvCheckForValidListAndQueue
                0x00081b34       0x5c src/ASF/thirdparty/freertos/freertos-7.3.0/source/timers.o
 .text.xTimerCreateTimerTask
                0x00081b90       0x4c src/ASF/thirdparty/freertos/freertos-7.3.0/source/timers.o
                0x00081b90                xTimerCreateTimerTask
 .text.xTimerGenericCommand
                0x00081bdc       0x58 src/ASF/thirdparty/freertos/freertos-7.3.0/source/timers.o
                0x00081bdc                xTimerGenericCommand
 .text.prvSampleTimeNow
                0x00081c34       0xbc src/ASF/thirdparty/freertos/freertos-7.3.0/source/timers.o
 .text.prvTimerTask
                0x00081cf0      0x180 src/ASF/thirdparty/freertos/freertos-7.3.0/source/timers.o
 .text.USART0_Handler
                0x00081e70       0x60 src/ASF/thirdparty/wireless/addons/sio2host/uart/sio2host.o
                0x00081e70                USART0_Handler
 .text.usart_serial_getchar
                0x00081ed0       0xa8 src/consoleFunctions.o
 .text.usart_serial_putchar
                0x00081f78       0xa8 src/consoleFunctions.o
 .text.configureConsole
                0x00082020       0x80 src/consoleFunctions.o
                0x00082020                configureConsole
 .text.delayInit
                0x000820a0       0x3c src/delayFunctions.o
                0x000820a0                delayInit
 .text.delayMicroseconds
                0x000820dc       0x3c src/delayFunctions.o
                0x000820dc                delayMicroseconds
 .text.sysclk_init
                0x00082118       0x64 src/ASF/common/services/clock/sam3x/sysclk.o
                0x00082118                sysclk_init
 .text.board_init
                0x0008217c       0x80 src/ASF/sam/boards/arduino_due_x/init.o
                0x0008217c                board_init
 .text.pio_set_peripheral
                0x000821fc       0x40 src/ASF/sam/drivers/pio/pio.o
                0x000821fc                pio_set_peripheral
 .text.pio_set_input
                0x0008223c       0x34 src/ASF/sam/drivers/pio/pio.o
                0x0008223c                pio_set_input
 .text.pio_set_output
                0x00082270       0x28 src/ASF/sam/drivers/pio/pio.o
                0x00082270                pio_set_output
 .text.pio_get_interrupt_status
                0x00082298        0x4 src/ASF/sam/drivers/pio/pio.o
                0x00082298                pio_get_interrupt_status
 .text.pio_get_interrupt_mask
                0x0008229c        0x4 src/ASF/sam/drivers/pio/pio.o
                0x0008229c                pio_get_interrupt_mask
 .text.pio_toggle_pin
                0x000822a0       0x24 src/ASF/sam/drivers/pio/pio.o
                0x000822a0                pio_toggle_pin
 .text.pio_configure_pin
                0x000822c4       0xd4 src/ASF/sam/drivers/pio/pio.o
                0x000822c4                pio_configure_pin
 .text.pio_configure_pin_group
                0x00082398       0xa0 src/ASF/sam/drivers/pio/pio.o
                0x00082398                pio_configure_pin_group
 .text.pio_handler_process
                0x00082438       0x58 src/ASF/sam/drivers/pio/pio_handler.o
                0x00082438                pio_handler_process
 .text.PIOA_Handler
                0x00082490       0x14 src/ASF/sam/drivers/pio/pio_handler.o
                0x00082490                PIOA_Handler
 .text.PIOB_Handler
                0x000824a4       0x14 src/ASF/sam/drivers/pio/pio_handler.o
                0x000824a4                PIOB_Handler
 .text.PIOC_Handler
                0x000824b8       0x14 src/ASF/sam/drivers/pio/pio_handler.o
                0x000824b8                PIOC_Handler
 .text.PIOD_Handler
                0x000824cc       0x14 src/ASF/sam/drivers/pio/pio_handler.o
                0x000824cc                PIOD_Handler
 .text.pmc_switch_mck_to_pllack
                0x000824e0       0x64 src/ASF/sam/drivers/pmc/pmc.o
                0x000824e0                pmc_switch_mck_to_pllack
 .text.pmc_switch_mainck_to_xtal
                0x00082544       0x54 src/ASF/sam/drivers/pmc/pmc.o
                0x00082544                pmc_switch_mainck_to_xtal
 .text.pmc_osc_is_ready_mainck
                0x00082598       0x10 src/ASF/sam/drivers/pmc/pmc.o
                0x00082598                pmc_osc_is_ready_mainck
 .text.pmc_disable_pllack
                0x000825a8       0x10 src/ASF/sam/drivers/pmc/pmc.o
                0x000825a8                pmc_disable_pllack
 .text.pmc_is_locked_pllack
                0x000825b8       0x10 src/ASF/sam/drivers/pmc/pmc.o
                0x000825b8                pmc_is_locked_pllack
 .text.pmc_enable_periph_clk
                0x000825c8       0x58 src/ASF/sam/drivers/pmc/pmc.o
                0x000825c8                pmc_enable_periph_clk
 .text.Dummy_Handler
                0x00082620        0x4 src/ASF/sam/utils/cmsis/sam3x/source/templates/exceptions.o
                0x00082620                DACC_Handler
                0x00082620                DebugMon_Handler
                0x00082620                DMAC_Handler
                0x00082620                TRNG_Handler
                0x00082620                HardFault_Handler
                0x00082620                TC2_Handler
                0x00082620                USART3_Handler
                0x00082620                TWI1_Handler
                0x00082620                NMI_Handler
                0x00082620                TC7_Handler
                0x00082620                ADC_Handler
                0x00082620                SMC_Handler
                0x00082620                RTT_Handler
                0x00082620                EFC1_Handler
                0x00082620                RTC_Handler
                0x00082620                UsageFault_Handler
                0x00082620                TC6_Handler
                0x00082620                WDT_Handler
                0x00082620                CAN0_Handler
                0x00082620                TC4_Handler
                0x00082620                TC1_Handler
                0x00082620                HSMCI_Handler
                0x00082620                TC3_Handler
                0x00082620                Dummy_Handler
                0x00082620                TWI0_Handler
                0x00082620                USART1_Handler
                0x00082620                SSC_Handler
                0x00082620                EFC0_Handler
                0x00082620                PMC_Handler
                0x00082620                PWM_Handler
                0x00082620                CAN1_Handler
                0x00082620                MemManage_Handler
                0x00082620                SUPC_Handler
                0x00082620                TC8_Handler
                0x00082620                USART2_Handler
                0x00082620                EMAC_Handler
                0x00082620                UART_Handler
                0x00082620                BusFault_Handler
                0x00082620                RSTC_Handler
                0x00082620                TC0_Handler
                0x00082620                TC5_Handler
                0x00082620                UOTGHS_Handler
                0x00082620                SPI0_Handler
 .text.Reset_Handler
                0x00082624       0xb0 src/ASF/sam/utils/cmsis/sam3x/source/templates/gcc/startup_sam3x.o
                0x00082624                Reset_Handler
 .text.SystemCoreClockUpdate
                0x000826d4      0x11c src/ASF/sam/utils/cmsis/sam3x/source/templates/system_sam3x.o
                0x000826d4                SystemCoreClockUpdate
 .text._sbrk    0x000827f0       0x34 src/ASF/sam/utils/syscalls/gcc/syscalls.o
                0x000827f0                _sbrk
 .text._close   0x00082824        0x8 src/ASF/sam/utils/syscalls/gcc/syscalls.o
                0x00082824                _close
 .text._fstat   0x0008282c        0xc src/ASF/sam/utils/syscalls/gcc/syscalls.o
                0x0008282c                _fstat
 .text._isatty  0x00082838        0x4 src/ASF/sam/utils/syscalls/gcc/syscalls.o
                0x00082838                _isatty
 .text._lseek   0x0008283c        0x4 src/ASF/sam/utils/syscalls/gcc/syscalls.o
                0x0008283c                _lseek
 .text.__libc_init_array
                0x00082840       0x50 c:/program files (x86)/atmel/atmel toolchain/arm gcc/native/4.8.1443/arm-gnu-toolchain/bin/../lib/gcc/arm-none-eabi/4.8.4/../../../../arm-none-eabi/lib/armv7-m\libc.a(lib_a-init.o)
                0x00082840                __libc_init_array
 .text.iprintf  0x00082890       0x28 c:/program files (x86)/atmel/atmel toolchain/arm gcc/native/4.8.1443/arm-gnu-toolchain/bin/../lib/gcc/arm-none-eabi/4.8.4/../../../../arm-none-eabi/lib/armv7-m\libc.a(lib_a-iprintf.o)
                0x00082890                iprintf
 .text          0x000828b8       0xec c:/program files (x86)/atmel/atmel toolchain/arm gcc/native/4.8.1443/arm-gnu-toolchain/bin/../lib/gcc/arm-none-eabi/4.8.4/../../../../arm-none-eabi/lib/armv7-m\libc.a(lib_a-memcpy.o)
                0x000828b8                memcpy
 .text.memset   0x000829a4       0x94 c:/program files (x86)/atmel/atmel toolchain/arm gcc/native/4.8.1443/arm-gnu-toolchain/bin/../lib/gcc/arm-none-eabi/4.8.4/../../../../arm-none-eabi/lib/armv7-m\libc.a(lib_a-memset.o)
                0x000829a4                memset
 .text.setbuf   0x00082a38       0x10 c:/program files (x86)/atmel/atmel toolchain/arm gcc/native/4.8.1443/arm-gnu-toolchain/bin/../lib/gcc/arm-none-eabi/4.8.4/../../../../arm-none-eabi/lib/armv7-m\libc.a(lib_a-setbuf.o)
                0x00082a38                setbuf
 .text.setvbuf  0x00082a48      0x100 c:/program files (x86)/atmel/atmel toolchain/arm gcc/native/4.8.1443/arm-gnu-toolchain/bin/../lib/gcc/arm-none-eabi/4.8.4/../../../../arm-none-eabi/lib/armv7-m\libc.a(lib_a-setvbuf.o)
                0x00082a48                setvbuf
 .text.strlen   0x00082b48       0x60 c:/program files (x86)/atmel/atmel toolchain/arm gcc/native/4.8.1443/arm-gnu-toolchain/bin/../lib/gcc/arm-none-eabi/4.8.4/../../../../arm-none-eabi/lib/armv7-m\libc.a(lib_a-strlen.o)
                0x00082b48                strlen
 .text.strncpy  0x00082ba8       0x64 c:/program files (x86)/atmel/atmel toolchain/arm gcc/native/4.8.1443/arm-gnu-toolchain/bin/../lib/gcc/arm-none-eabi/4.8.4/../../../../arm-none-eabi/lib/armv7-m\libc.a(lib_a-strncpy.o)
                0x00082ba8                strncpy
 .text.__sprint_r.part.0
                0x00082c0c       0x78 c:/program files (x86)/atmel/atmel toolchain/arm gcc/native/4.8.1443/arm-gnu-toolchain/bin/../lib/gcc/arm-none-eabi/4.8.4/../../../../arm-none-eabi/lib/armv7-m\libc.a(lib_a-vfiprintf.o)
 .text._vfiprintf_r
                0x00082c84      0xc54 c:/program files (x86)/atmel/atmel toolchain/arm gcc/native/4.8.1443/arm-gnu-toolchain/bin/../lib/gcc/arm-none-eabi/4.8.4/../../../../arm-none-eabi/lib/armv7-m\libc.a(lib_a-vfiprintf.o)
                0x00082c84                _vfiprintf_r
 .text.__sbprintf
                0x000838d8       0x7c c:/program files (x86)/atmel/atmel toolchain/arm gcc/native/4.8.1443/arm-gnu-toolchain/bin/../lib/gcc/arm-none-eabi/4.8.4/../../../../arm-none-eabi/lib/armv7-m\libc.a(lib_a-vfiprintf.o)
 .text.__swsetup_r
                0x00083954       0xc4 c:/program files (x86)/atmel/atmel toolchain/arm gcc/native/4.8.1443/arm-gnu-toolchain/bin/../lib/gcc/arm-none-eabi/4.8.4/../../../../arm-none-eabi/lib/armv7-m\libc.a(lib_a-wsetup.o)
                0x00083954                __swsetup_r
 .text.startup.register_fini
                0x00083a18       0x14 c:/program files (x86)/atmel/atmel toolchain/arm gcc/native/4.8.1443/arm-gnu-toolchain/bin/../lib/gcc/arm-none-eabi/4.8.4/../../../../arm-none-eabi/lib/armv7-m\libc.a(lib_a-__call_atexit.o)
 .text.atexit   0x00083a2c        0xc c:/program files (x86)/atmel/atmel toolchain/arm gcc/native/4.8.1443/arm-gnu-toolchain/bin/../lib/gcc/arm-none-eabi/4.8.4/../../../../arm-none-eabi/lib/armv7-m\libc.a(lib_a-atexit.o)
                0x00083a2c                atexit
 .text.__sflush_r
                0x00083a38      0x148 c:/program files (x86)/atmel/atmel toolchain/arm gcc/native/4.8.1443/arm-gnu-toolchain/bin/../lib/gcc/arm-none-eabi/4.8.4/../../../../arm-none-eabi/lib/armv7-m\libc.a(lib_a-fflush.o)
                0x00083a38                __sflush_r
 .text._fflush_r
                0x00083b80       0x2c c:/program files (x86)/atmel/atmel toolchain/arm gcc/native/4.8.1443/arm-gnu-toolchain/bin/../lib/gcc/arm-none-eabi/4.8.4/../../../../arm-none-eabi/lib/armv7-m\libc.a(lib_a-fflush.o)
                0x00083b80                _fflush_r
 .text._cleanup_r
                0x00083bac        0xc c:/program files (x86)/atmel/atmel toolchain/arm gcc/native/4.8.1443/arm-gnu-toolchain/bin/../lib/gcc/arm-none-eabi/4.8.4/../../../../arm-none-eabi/lib/armv7-m\libc.a(lib_a-findfp.o)
                0x00083bac                _cleanup_r
 .text.__sinit  0x00083bb8       0xf4 c:/program files (x86)/atmel/atmel toolchain/arm gcc/native/4.8.1443/arm-gnu-toolchain/bin/../lib/gcc/arm-none-eabi/4.8.4/../../../../arm-none-eabi/lib/armv7-m\libc.a(lib_a-findfp.o)
                0x00083bb8                __sinit
 .text.__sfp_lock_acquire
                0x00083cac        0x4 c:/program files (x86)/atmel/atmel toolchain/arm gcc/native/4.8.1443/arm-gnu-toolchain/bin/../lib/gcc/arm-none-eabi/4.8.4/../../../../arm-none-eabi/lib/armv7-m\libc.a(lib_a-findfp.o)
                0x00083cac                __sfp_lock_acquire
 .text.__sfp_lock_release
                0x00083cb0        0x4 c:/program files (x86)/atmel/atmel toolchain/arm gcc/native/4.8.1443/arm-gnu-toolchain/bin/../lib/gcc/arm-none-eabi/4.8.4/../../../../arm-none-eabi/lib/armv7-m\libc.a(lib_a-findfp.o)
                0x00083cb0                __sfp_lock_release
 .text.__libc_fini_array
                0x00083cb4       0x30 c:/program files (x86)/atmel/atmel toolchain/arm gcc/native/4.8.1443/arm-gnu-toolchain/bin/../lib/gcc/arm-none-eabi/4.8.4/../../../../arm-none-eabi/lib/armv7-m\libc.a(lib_a-fini.o)
                0x00083cb4                __libc_fini_array
 .text._fputwc_r
                0x00083ce4       0xc0 c:/program files (x86)/atmel/atmel toolchain/arm gcc/native/4.8.1443/arm-gnu-toolchain/bin/../lib/gcc/arm-none-eabi/4.8.4/../../../../arm-none-eabi/lib/armv7-m\libc.a(lib_a-fputwc.o)
                0x00083ce4                _fputwc_r
 .text._malloc_trim_r
                0x00083da4       0x9c c:/program files (x86)/atmel/atmel toolchain/arm gcc/native/4.8.1443/arm-gnu-toolchain/bin/../lib/gcc/arm-none-eabi/4.8.4/../../../../arm-none-eabi/lib/armv7-m\libc.a(lib_a-freer.o)
                0x00083da4                _malloc_trim_r
 .text._free_r  0x00083e40      0x198 c:/program files (x86)/atmel/atmel toolchain/arm gcc/native/4.8.1443/arm-gnu-toolchain/bin/../lib/gcc/arm-none-eabi/4.8.4/../../../../arm-none-eabi/lib/armv7-m\libc.a(lib_a-freer.o)
                0x00083e40                _free_r
 .text.__sfvwrite_r
                0x00083fd8      0x318 c:/program files (x86)/atmel/atmel toolchain/arm gcc/native/4.8.1443/arm-gnu-toolchain/bin/../lib/gcc/arm-none-eabi/4.8.4/../../../../arm-none-eabi/lib/armv7-m\libc.a(lib_a-fvwrite.o)
                0x00083fd8                __sfvwrite_r
 .text._fwalk   0x000842f0       0x48 c:/program files (x86)/atmel/atmel toolchain/arm gcc/native/4.8.1443/arm-gnu-toolchain/bin/../lib/gcc/arm-none-eabi/4.8.4/../../../../arm-none-eabi/lib/armv7-m\libc.a(lib_a-fwalk.o)
                0x000842f0                _fwalk
 .text.__locale_charset
                0x00084338        0x8 c:/program files (x86)/atmel/atmel toolchain/arm gcc/native/4.8.1443/arm-gnu-toolchain/bin/../lib/gcc/arm-none-eabi/4.8.4/../../../../arm-none-eabi/lib/armv7-m\libc.a(lib_a-locale.o)
                0x00084338                __locale_charset
 .text.__locale_mb_cur_max
                0x00084340        0xc c:/program files (x86)/atmel/atmel toolchain/arm gcc/native/4.8.1443/arm-gnu-toolchain/bin/../lib/gcc/arm-none-eabi/4.8.4/../../../../arm-none-eabi/lib/armv7-m\libc.a(lib_a-locale.o)
                0x00084340                __locale_mb_cur_max
 .text.__smakebuf_r
                0x0008434c       0xe0 c:/program files (x86)/atmel/atmel toolchain/arm gcc/native/4.8.1443/arm-gnu-toolchain/bin/../lib/gcc/arm-none-eabi/4.8.4/../../../../arm-none-eabi/lib/armv7-m\libc.a(lib_a-makebuf.o)
                0x0008434c                __smakebuf_r
 .text.malloc   0x0008442c       0x10 c:/program files (x86)/atmel/atmel toolchain/arm gcc/native/4.8.1443/arm-gnu-toolchain/bin/../lib/gcc/arm-none-eabi/4.8.4/../../../../arm-none-eabi/lib/armv7-m\libc.a(lib_a-malloc.o)
                0x0008442c                malloc
 .text._malloc_r
                0x0008443c      0x538 c:/program files (x86)/atmel/atmel toolchain/arm gcc/native/4.8.1443/arm-gnu-toolchain/bin/../lib/gcc/arm-none-eabi/4.8.4/../../../../arm-none-eabi/lib/armv7-m\libc.a(lib_a-mallocr.o)
                0x0008443c                _malloc_r
 .text.memchr   0x00084974       0x94 c:/program files (x86)/atmel/atmel toolchain/arm gcc/native/4.8.1443/arm-gnu-toolchain/bin/../lib/gcc/arm-none-eabi/4.8.4/../../../../arm-none-eabi/lib/armv7-m\libc.a(lib_a-memchr-stub.o)
                0x00084974                memchr
 .text.memmove  0x00084a08       0xcc c:/program files (x86)/atmel/atmel toolchain/arm gcc/native/4.8.1443/arm-gnu-toolchain/bin/../lib/gcc/arm-none-eabi/4.8.4/../../../../arm-none-eabi/lib/armv7-m\libc.a(lib_a-memmove.o)
                0x00084a08                memmove
 .text.__malloc_lock
                0x00084ad4        0x4 c:/program files (x86)/atmel/atmel toolchain/arm gcc/native/4.8.1443/arm-gnu-toolchain/bin/../lib/gcc/arm-none-eabi/4.8.4/../../../../arm-none-eabi/lib/armv7-m\libc.a(lib_a-mlock.o)
                0x00084ad4                __malloc_lock
 .text.__malloc_unlock
                0x00084ad8        0x4 c:/program files (x86)/atmel/atmel toolchain/arm gcc/native/4.8.1443/arm-gnu-toolchain/bin/../lib/gcc/arm-none-eabi/4.8.4/../../../../arm-none-eabi/lib/armv7-m\libc.a(lib_a-mlock.o)
                0x00084ad8                __malloc_unlock
 .text._realloc_r
                0x00084adc      0x3c0 c:/program files (x86)/atmel/atmel toolchain/arm gcc/native/4.8.1443/arm-gnu-toolchain/bin/../lib/gcc/arm-none-eabi/4.8.4/../../../../arm-none-eabi/lib/armv7-m\libc.a(lib_a-reallocr.o)
                0x00084adc                _realloc_r
 .text._sbrk_r  0x00084e9c       0x24 c:/program files (x86)/atmel/atmel toolchain/arm gcc/native/4.8.1443/arm-gnu-toolchain/bin/../lib/gcc/arm-none-eabi/4.8.4/../../../../arm-none-eabi/lib/armv7-m\libc.a(lib_a-sbrkr.o)
                0x00084e9c                _sbrk_r
 .text.__sread  0x00084ec0       0x24 c:/program files (x86)/atmel/atmel toolchain/arm gcc/native/4.8.1443/arm-gnu-toolchain/bin/../lib/gcc/arm-none-eabi/4.8.4/../../../../arm-none-eabi/lib/armv7-m\libc.a(lib_a-stdio.o)
                0x00084ec0                __sread
 .text.__swrite
                0x00084ee4       0x38 c:/program files (x86)/atmel/atmel toolchain/arm gcc/native/4.8.1443/arm-gnu-toolchain/bin/../lib/gcc/arm-none-eabi/4.8.4/../../../../arm-none-eabi/lib/armv7-m\libc.a(lib_a-stdio.o)
                0x00084ee4                __swrite
 .text.__sseek  0x00084f1c       0x20 c:/program files (x86)/atmel/atmel toolchain/arm gcc/native/4.8.1443/arm-gnu-toolchain/bin/../lib/gcc/arm-none-eabi/4.8.4/../../../../arm-none-eabi/lib/armv7-m\libc.a(lib_a-stdio.o)
                0x00084f1c                __sseek
 .text.__sclose
                0x00084f3c        0x8 c:/program files (x86)/atmel/atmel toolchain/arm gcc/native/4.8.1443/arm-gnu-toolchain/bin/../lib/gcc/arm-none-eabi/4.8.4/../../../../arm-none-eabi/lib/armv7-m\libc.a(lib_a-stdio.o)
                0x00084f3c                __sclose
 .text.__swbuf_r
                0x00084f44       0xa8 c:/program files (x86)/atmel/atmel toolchain/arm gcc/native/4.8.1443/arm-gnu-toolchain/bin/../lib/gcc/arm-none-eabi/4.8.4/../../../../arm-none-eabi/lib/armv7-m\libc.a(lib_a-wbuf.o)
                0x00084f44                __swbuf_r
 .text._wcrtomb_r
                0x00084fec       0x50 c:/program files (x86)/atmel/atmel toolchain/arm gcc/native/4.8.1443/arm-gnu-toolchain/bin/../lib/gcc/arm-none-eabi/4.8.4/../../../../arm-none-eabi/lib/armv7-m\libc.a(lib_a-wcrtomb.o)
                0x00084fec                _wcrtomb_r
 .text.__ascii_wctomb
                0x0008503c       0x1c c:/program files (x86)/atmel/atmel toolchain/arm gcc/native/4.8.1443/arm-gnu-toolchain/bin/../lib/gcc/arm-none-eabi/4.8.4/../../../../arm-none-eabi/lib/armv7-m\libc.a(lib_a-wctomb_r.o)
                0x0008503c                __ascii_wctomb
 .text._write_r
                0x00085058       0x28 c:/program files (x86)/atmel/atmel toolchain/arm gcc/native/4.8.1443/arm-gnu-toolchain/bin/../lib/gcc/arm-none-eabi/4.8.4/../../../../arm-none-eabi/lib/armv7-m\libc.a(lib_a-writer.o)
                0x00085058                _write_r
 .text.__register_exitproc
                0x00085080       0xa8 c:/program files (x86)/atmel/atmel toolchain/arm gcc/native/4.8.1443/arm-gnu-toolchain/bin/../lib/gcc/arm-none-eabi/4.8.4/../../../../arm-none-eabi/lib/armv7-m\libc.a(lib_a-__atexit.o)
                0x00085080                __register_exitproc
 .text._close_r
                0x00085128       0x24 c:/program files (x86)/atmel/atmel toolchain/arm gcc/native/4.8.1443/arm-gnu-toolchain/bin/../lib/gcc/arm-none-eabi/4.8.4/../../../../arm-none-eabi/lib/armv7-m\libc.a(lib_a-closer.o)
                0x00085128                _close_r
 .text._fclose_r
                0x0008514c       0x80 c:/program files (x86)/atmel/atmel toolchain/arm gcc/native/4.8.1443/arm-gnu-toolchain/bin/../lib/gcc/arm-none-eabi/4.8.4/../../../../arm-none-eabi/lib/armv7-m\libc.a(lib_a-fclose.o)
                0x0008514c                _fclose_r
 .text.fclose   0x000851cc       0x10 c:/program files (x86)/atmel/atmel toolchain/arm gcc/native/4.8.1443/arm-gnu-toolchain/bin/../lib/gcc/arm-none-eabi/4.8.4/../../../../arm-none-eabi/lib/armv7-m\libc.a(lib_a-fclose.o)
                0x000851cc                fclose
 .text._fstat_r
                0x000851dc       0x28 c:/program files (x86)/atmel/atmel toolchain/arm gcc/native/4.8.1443/arm-gnu-toolchain/bin/../lib/gcc/arm-none-eabi/4.8.4/../../../../arm-none-eabi/lib/armv7-m\libc.a(lib_a-fstatr.o)
                0x000851dc                _fstat_r
 .text._isatty_r
                0x00085204       0x24 c:/program files (x86)/atmel/atmel toolchain/arm gcc/native/4.8.1443/arm-gnu-toolchain/bin/../lib/gcc/arm-none-eabi/4.8.4/../../../../arm-none-eabi/lib/armv7-m\libc.a(lib_a-isattyr.o)
                0x00085204                _isatty_r
 .text._lseek_r
                0x00085228       0x28 c:/program files (x86)/atmel/atmel toolchain/arm gcc/native/4.8.1443/arm-gnu-toolchain/bin/../lib/gcc/arm-none-eabi/4.8.4/../../../../arm-none-eabi/lib/armv7-m\libc.a(lib_a-lseekr.o)
                0x00085228                _lseek_r
 .text._read_r  0x00085250       0x28 c:/program files (x86)/atmel/atmel toolchain/arm gcc/native/4.8.1443/arm-gnu-toolchain/bin/../lib/gcc/arm-none-eabi/4.8.4/../../../../arm-none-eabi/lib/armv7-m\libc.a(lib_a-readr.o)
                0x00085250                _read_r
 .text          0x00085278       0x2c c:/program files (x86)/atmel/atmel toolchain/arm gcc/native/4.8.1443/arm-gnu-toolchain/bin/../lib/gcc/arm-none-eabi/4.8.4/armv7-m\libgcc.a(_aeabi_uldivmod.o)
                0x00085278                __aeabi_uldivmod
 .text          0x000852a4       0x60 c:/program files (x86)/atmel/atmel toolchain/arm gcc/native/4.8.1443/arm-gnu-toolchain/bin/../lib/gcc/arm-none-eabi/4.8.4/armv7-m\libgcc.a(bpabi.o)
                0x000852a4                __gnu_ldivmod_helper
                0x000852d4                __gnu_uldivmod_helper
 .text          0x00085304        0x4 c:/program files (x86)/atmel/atmel toolchain/arm gcc/native/4.8.1443/arm-gnu-toolchain/bin/../lib/gcc/arm-none-eabi/4.8.4/armv7-m\libgcc.a(_dvmd_tls.o)
                0x00085304                __aeabi_idiv0
                0x00085304                __aeabi_ldiv0
 .text          0x00085308      0x2a0 c:/program files (x86)/atmel/atmel toolchain/arm gcc/native/4.8.1443/arm-gnu-toolchain/bin/../lib/gcc/arm-none-eabi/4.8.4/armv7-m\libgcc.a(_divdi3.o)
                0x00085308                __divdi3
 .text          0x000855a8      0x290 c:/program files (x86)/atmel/atmel toolchain/arm gcc/native/4.8.1443/arm-gnu-toolchain/bin/../lib/gcc/arm-none-eabi/4.8.4/armv7-m\libgcc.a(_udivdi3.o)
                0x000855a8                __udivdi3
 *(.glue_7t)
 .glue_7t       0x00000000        0x0 linker stubs
 *(.glue_7)
 .glue_7        0x00000000        0x0 linker stubs
 *(.rodata .rodata* .gnu.linkonce.r.*)
 .rodata.str1.4
                0x00085838       0xbc src/main.o
 .rodata.OurTransitionTable
                0x000858f4       0x24 src/Statemachine/stateMachine.o
                0x000858f4                OurTransitionTable
 .rodata.str1.4
                0x00085918       0x1f src/ASF/thirdparty/freertos/freertos-7.3.0/source/tasks.o
                                 0x20 (size before relaxing)
 *fill*         0x00085937        0x1 
 .rodata.str1.4
                0x00085938        0x8 src/ASF/thirdparty/freertos/freertos-7.3.0/source/timers.o
 .rodata.str1.4
                0x00085940        0x2 c:/program files (x86)/atmel/atmel toolchain/arm gcc/native/4.8.1443/arm-gnu-toolchain/bin/../lib/gcc/arm-none-eabi/4.8.4/../../../../arm-none-eabi/lib/armv7-m\libc.a(lib_a-impure.o)
                                  0x4 (size before relaxing)
 *fill*         0x00085942        0x2 
 .rodata._global_impure_ptr
                0x00085944        0x4 c:/program files (x86)/atmel/atmel toolchain/arm gcc/native/4.8.1443/arm-gnu-toolchain/bin/../lib/gcc/arm-none-eabi/4.8.4/../../../../arm-none-eabi/lib/armv7-m\libc.a(lib_a-impure.o)
                0x00085944                _global_impure_ptr
 .rodata.str1.4
                0x00085948       0x30 c:/program files (x86)/atmel/atmel toolchain/arm gcc/native/4.8.1443/arm-gnu-toolchain/bin/../lib/gcc/arm-none-eabi/4.8.4/../../../../arm-none-eabi/lib/armv7-m\libc.a(lib_a-vfiprintf.o)
 .rodata.zeroes.6721
                0x00085978       0x10 c:/program files (x86)/atmel/atmel toolchain/arm gcc/native/4.8.1443/arm-gnu-toolchain/bin/../lib/gcc/arm-none-eabi/4.8.4/../../../../arm-none-eabi/lib/armv7-m\libc.a(lib_a-vfiprintf.o)
 .rodata.blanks.6720
                0x00085988       0x10 c:/program files (x86)/atmel/atmel toolchain/arm gcc/native/4.8.1443/arm-gnu-toolchain/bin/../lib/gcc/arm-none-eabi/4.8.4/../../../../arm-none-eabi/lib/armv7-m\libc.a(lib_a-vfiprintf.o)
 *(.ARM.extab* .gnu.linkonce.armextab.*)
                0x00085998                . = ALIGN (0x4)
 *(.init)
 .init          0x00085998        0x4 c:/program files (x86)/atmel/atmel toolchain/arm gcc/native/4.8.1443/arm-gnu-toolchain/bin/../lib/gcc/arm-none-eabi/4.8.4/armv7-m/crti.o
                0x00085998                _init
 .init          0x0008599c        0x8 c:/program files (x86)/atmel/atmel toolchain/arm gcc/native/4.8.1443/arm-gnu-toolchain/bin/../lib/gcc/arm-none-eabi/4.8.4/armv7-m/crtn.o
                0x000859a4                . = ALIGN (0x4)
                0x000859a4                __preinit_array_start = .
 *(.preinit_array)
                0x000859a4                __preinit_array_end = .
                0x000859a4                . = ALIGN (0x4)
                0x000859a4                __init_array_start = .
 *(SORT(.init_array.*))
 .init_array.00000
                0x000859a4        0x4 c:/program files (x86)/atmel/atmel toolchain/arm gcc/native/4.8.1443/arm-gnu-toolchain/bin/../lib/gcc/arm-none-eabi/4.8.4/../../../../arm-none-eabi/lib/armv7-m\libc.a(lib_a-__call_atexit.o)
 *(.init_array)
 .init_array    0x000859a8        0x4 c:/program files (x86)/atmel/atmel toolchain/arm gcc/native/4.8.1443/arm-gnu-toolchain/bin/../lib/gcc/arm-none-eabi/4.8.4/armv7-m/crtbegin.o
                0x000859ac                __init_array_end = .
                0x000859ac                . = ALIGN (0x4)
 *crtbegin.o(.ctors)
 *(EXCLUDE_FILE(*crtend.o) .ctors)
 *(SORT(.ctors.*))
 *crtend.o(.ctors)
                0x000859ac                . = ALIGN (0x4)
 *(.fini)
 .fini          0x000859ac        0x4 c:/program files (x86)/atmel/atmel toolchain/arm gcc/native/4.8.1443/arm-gnu-toolchain/bin/../lib/gcc/arm-none-eabi/4.8.4/armv7-m/crti.o
                0x000859ac                _fini
 .fini          0x000859b0        0x8 c:/program files (x86)/atmel/atmel toolchain/arm gcc/native/4.8.1443/arm-gnu-toolchain/bin/../lib/gcc/arm-none-eabi/4.8.4/armv7-m/crtn.o
                0x000859b8                . = ALIGN (0x4)
                0x000859b8                __fini_array_start = .
 *(.fini_array)
 .fini_array    0x000859b8        0x4 c:/program files (x86)/atmel/atmel toolchain/arm gcc/native/4.8.1443/arm-gnu-toolchain/bin/../lib/gcc/arm-none-eabi/4.8.4/armv7-m/crtbegin.o
 *(SORT(.fini_array.*))
                0x000859bc                __fini_array_end = .
 *crtbegin.o(.dtors)
 *(EXCLUDE_FILE(*crtend.o) .dtors)
 *(SORT(.dtors.*))
 *crtend.o(.dtors)
                0x000859bc                . = ALIGN (0x4)
                0x000859bc                _efixed = .
                0x000859bc                PROVIDE (__exidx_start, .)

.vfp11_veneer   0x000859bc        0x0
 .vfp11_veneer  0x00000000        0x0 linker stubs

.v4_bx          0x000859bc        0x0
 .v4_bx         0x00000000        0x0 linker stubs

.iplt           0x000859bc        0x0
 .iplt          0x00000000        0x0 c:/program files (x86)/atmel/atmel toolchain/arm gcc/native/4.8.1443/arm-gnu-toolchain/bin/../lib/gcc/arm-none-eabi/4.8.4/armv7-m/crtbegin.o

.ARM.exidx      0x000859bc        0x8
 *(.ARM.exidx* .gnu.linkonce.armexidx.*)
 .ARM.exidx     0x000859bc        0x8 c:/program files (x86)/atmel/atmel toolchain/arm gcc/native/4.8.1443/arm-gnu-toolchain/bin/../lib/gcc/arm-none-eabi/4.8.4/armv7-m\libgcc.a(_divdi3.o)
 .ARM.exidx     0x000859c4        0x0 c:/program files (x86)/atmel/atmel toolchain/arm gcc/native/4.8.1443/arm-gnu-toolchain/bin/../lib/gcc/arm-none-eabi/4.8.4/armv7-m\libgcc.a(_udivdi3.o)
                                  0x8 (size before relaxing)
                0x000859c4                PROVIDE (__exidx_end, .)

.eh_frame       0x000859c4        0x0
 .eh_frame      0x000859c4        0x0 c:/program files (x86)/atmel/atmel toolchain/arm gcc/native/4.8.1443/arm-gnu-toolchain/bin/../lib/gcc/arm-none-eabi/4.8.4/armv7-m/crtbegin.o

.rel.dyn        0x000859c4        0x0
 .rel.iplt      0x00000000        0x0 c:/program files (x86)/atmel/atmel toolchain/arm gcc/native/4.8.1443/arm-gnu-toolchain/bin/../lib/gcc/arm-none-eabi/4.8.4/armv7-m/crtbegin.o

.jcr            0x000859c4        0x0
 .jcr           0x000859c4        0x0 c:/program files (x86)/atmel/atmel toolchain/arm gcc/native/4.8.1443/arm-gnu-toolchain/bin/../lib/gcc/arm-none-eabi/4.8.4/armv7-m/crtbegin.o

.igot.plt       0x000859c4        0x0
 .igot.plt      0x00000000        0x0 c:/program files (x86)/atmel/atmel toolchain/arm gcc/native/4.8.1443/arm-gnu-toolchain/bin/../lib/gcc/arm-none-eabi/4.8.4/armv7-m/crtbegin.o
                0x000859c4                . = ALIGN (0x4)
                0x000859c4                _etext = .

.relocate       0x20070000      0x9a4 load address 0x000859c4
                0x20070000                . = ALIGN (0x4)
                0x20070000                _srelocate = .
 *(.ramfunc .ramfunc.*)
 .ramfunc       0x20070000      0x12c src/ASF/sam/utils/cmsis/sam3x/source/templates/system_sam3x.o
                0x20070000                SystemInit
                0x200700a4                system_init_flash
 *(.data .data.*)
 .data.uxCriticalNesting
                0x2007012c        0x4 src/ASF/thirdparty/freertos/freertos-7.3.0/source/portable/gcc/arm_cm3/port.o
 .data.xFreeBytesRemaining
                0x20070130        0x4 src/ASF/thirdparty/freertos/freertos-7.3.0/source/portable/memmang/heap_4.o
 .data.xNextTaskUnblockTime
                0x20070134        0x2 src/ASF/thirdparty/freertos/freertos-7.3.0/source/tasks.o
 .data.g_interrupt_enabled
                0x20070136        0x1 src/ASF/common/utils/interrupt/interrupt_sam_nvic.o
                0x20070136                g_interrupt_enabled
 *fill*         0x20070137        0x1 
 .data.SystemCoreClock
                0x20070138        0x4 src/ASF/sam/utils/cmsis/sam3x/source/templates/system_sam3x.o
                0x20070138                SystemCoreClock
 *fill*         0x2007013c        0x4 
 .data.impure_data
                0x20070140      0x428 c:/program files (x86)/atmel/atmel toolchain/arm gcc/native/4.8.1443/arm-gnu-toolchain/bin/../lib/gcc/arm-none-eabi/4.8.4/../../../../arm-none-eabi/lib/armv7-m\libc.a(lib_a-impure.o)
 .data._impure_ptr
                0x20070568        0x4 c:/program files (x86)/atmel/atmel toolchain/arm gcc/native/4.8.1443/arm-gnu-toolchain/bin/../lib/gcc/arm-none-eabi/4.8.4/../../../../arm-none-eabi/lib/armv7-m\libc.a(lib_a-impure.o)
                0x20070568                _impure_ptr
 .data.lc_ctype_charset
                0x2007056c       0x20 c:/program files (x86)/atmel/atmel toolchain/arm gcc/native/4.8.1443/arm-gnu-toolchain/bin/../lib/gcc/arm-none-eabi/4.8.4/../../../../arm-none-eabi/lib/armv7-m\libc.a(lib_a-locale.o)
 .data.__mb_cur_max
                0x2007058c        0x4 c:/program files (x86)/atmel/atmel toolchain/arm gcc/native/4.8.1443/arm-gnu-toolchain/bin/../lib/gcc/arm-none-eabi/4.8.4/../../../../arm-none-eabi/lib/armv7-m\libc.a(lib_a-locale.o)
                0x2007058c                __mb_cur_max
 .data.__malloc_av_
                0x20070590      0x408 c:/program files (x86)/atmel/atmel toolchain/arm gcc/native/4.8.1443/arm-gnu-toolchain/bin/../lib/gcc/arm-none-eabi/4.8.4/../../../../arm-none-eabi/lib/armv7-m\libc.a(lib_a-mallocr.o)
                0x20070590                __malloc_av_
 .data.__malloc_trim_threshold
                0x20070998        0x4 c:/program files (x86)/atmel/atmel toolchain/arm gcc/native/4.8.1443/arm-gnu-toolchain/bin/../lib/gcc/arm-none-eabi/4.8.4/../../../../arm-none-eabi/lib/armv7-m\libc.a(lib_a-mallocr.o)
                0x20070998                __malloc_trim_threshold
 .data.__malloc_sbrk_base
                0x2007099c        0x4 c:/program files (x86)/atmel/atmel toolchain/arm gcc/native/4.8.1443/arm-gnu-toolchain/bin/../lib/gcc/arm-none-eabi/4.8.4/../../../../arm-none-eabi/lib/armv7-m\libc.a(lib_a-mallocr.o)
                0x2007099c                __malloc_sbrk_base
 .data.__wctomb
                0x200709a0        0x4 c:/program files (x86)/atmel/atmel toolchain/arm gcc/native/4.8.1443/arm-gnu-toolchain/bin/../lib/gcc/arm-none-eabi/4.8.4/../../../../arm-none-eabi/lib/armv7-m\libc.a(lib_a-wctomb_r.o)
                0x200709a0                __wctomb
                0x200709a4                . = ALIGN (0x4)
                0x200709a4                _erelocate = .

.bss            0x200709a8     0x8320 load address 0x00086370
                0x200709a8                . = ALIGN (0x4)
                0x200709a8                _sbss = .
                0x200709a8                _szero = .
 *(.bss .bss.*)
 .bss           0x200709a8       0x1c c:/program files (x86)/atmel/atmel toolchain/arm gcc/native/4.8.1443/arm-gnu-toolchain/bin/../lib/gcc/arm-none-eabi/4.8.4/armv7-m/crtbegin.o
 *fill*         0x200709c4        0x4 
 .bss.xHeap     0x200709c8     0x8000 src/ASF/thirdparty/freertos/freertos-7.3.0/source/portable/memmang/heap_4.o
 .bss.pxEnd     0x200789c8        0x4 src/ASF/thirdparty/freertos/freertos-7.3.0/source/portable/memmang/heap_4.o
 .bss.xStart    0x200789cc        0x8 src/ASF/thirdparty/freertos/freertos-7.3.0/source/portable/memmang/heap_4.o
 .bss.uxMissedTicks
                0x200789d4        0x4 src/ASF/thirdparty/freertos/freertos-7.3.0/source/tasks.o
 .bss.xSuspendedTaskList
                0x200789d8       0x14 src/ASF/thirdparty/freertos/freertos-7.3.0/source/tasks.o
 .bss.pxDelayedTaskList
                0x200789ec        0x4 src/ASF/thirdparty/freertos/freertos-7.3.0/source/tasks.o
 .bss.xSchedulerRunning
                0x200789f0        0x4 src/ASF/thirdparty/freertos/freertos-7.3.0/source/tasks.o
 .bss.uxTasksDeleted
                0x200789f4        0x4 src/ASF/thirdparty/freertos/freertos-7.3.0/source/tasks.o
 .bss.xTasksWaitingTermination
                0x200789f8       0x14 src/ASF/thirdparty/freertos/freertos-7.3.0/source/tasks.o
 .bss.xDelayedTaskList2
                0x20078a0c       0x14 src/ASF/thirdparty/freertos/freertos-7.3.0/source/tasks.o
 .bss.uxTopReadyPriority
                0x20078a20        0x4 src/ASF/thirdparty/freertos/freertos-7.3.0/source/tasks.o
 .bss.pxReadyTasksLists
                0x20078a24       0xc8 src/ASF/thirdparty/freertos/freertos-7.3.0/source/tasks.o
 .bss.uxSchedulerSuspended
                0x20078aec        0x4 src/ASF/thirdparty/freertos/freertos-7.3.0/source/tasks.o
 .bss.pxCurrentTCB
                0x20078af0        0x4 src/ASF/thirdparty/freertos/freertos-7.3.0/source/tasks.o
                0x20078af0                pxCurrentTCB
 .bss.xPendingReadyList
                0x20078af4       0x14 src/ASF/thirdparty/freertos/freertos-7.3.0/source/tasks.o
 .bss.xNumOfOverflows
                0x20078b08        0x4 src/ASF/thirdparty/freertos/freertos-7.3.0/source/tasks.o
 .bss.xTickCount
                0x20078b0c        0x2 src/ASF/thirdparty/freertos/freertos-7.3.0/source/tasks.o
 *fill*         0x20078b0e        0x2 
 .bss.pxOverflowDelayedTaskList
                0x20078b10        0x4 src/ASF/thirdparty/freertos/freertos-7.3.0/source/tasks.o
 .bss.uxTaskNumber
                0x20078b14        0x4 src/ASF/thirdparty/freertos/freertos-7.3.0/source/tasks.o
 .bss.xDelayedTaskList1
                0x20078b18       0x14 src/ASF/thirdparty/freertos/freertos-7.3.0/source/tasks.o
 .bss.xMissedYield
                0x20078b2c        0x4 src/ASF/thirdparty/freertos/freertos-7.3.0/source/tasks.o
 .bss.uxCurrentNumberOfTasks
                0x20078b30        0x4 src/ASF/thirdparty/freertos/freertos-7.3.0/source/tasks.o
 .bss.uxTopUsedPriority
                0x20078b34        0x4 src/ASF/thirdparty/freertos/freertos-7.3.0/source/tasks.o
 .bss.pxCurrentTimerList
                0x20078b38        0x4 src/ASF/thirdparty/freertos/freertos-7.3.0/source/timers.o
 .bss.xActiveTimerList1
                0x20078b3c       0x14 src/ASF/thirdparty/freertos/freertos-7.3.0/source/timers.o
 .bss.xActiveTimerList2
                0x20078b50       0x14 src/ASF/thirdparty/freertos/freertos-7.3.0/source/timers.o
 .bss.xLastTime.4484
                0x20078b64        0x2 src/ASF/thirdparty/freertos/freertos-7.3.0/source/timers.o
 *fill*         0x20078b66        0x2 
 .bss.xTimerQueue
                0x20078b68        0x4 src/ASF/thirdparty/freertos/freertos-7.3.0/source/timers.o
 .bss.pxOverflowTimerList
                0x20078b6c        0x4 src/ASF/thirdparty/freertos/freertos-7.3.0/source/timers.o
 .bss.serial_rx_buf
                0x20078b70       0x9c src/ASF/thirdparty/wireless/addons/sio2host/uart/sio2host.o
 .bss.serial_rx_buf_tail
                0x20078c0c        0x1 src/ASF/thirdparty/wireless/addons/sio2host/uart/sio2host.o
 *fill*         0x20078c0d        0x3 
 .bss.gs_interrupt_sources
                0x20078c10       0x70 src/ASF/sam/drivers/pio/pio_handler.o
 .bss.heap.5098
                0x20078c80        0x4 src/ASF/sam/utils/syscalls/gcc/syscalls.o
 .bss.__malloc_max_total_mem
                0x20078c84        0x4 c:/program files (x86)/atmel/atmel toolchain/arm gcc/native/4.8.1443/arm-gnu-toolchain/bin/../lib/gcc/arm-none-eabi/4.8.4/../../../../arm-none-eabi/lib/armv7-m\libc.a(lib_a-mallocr.o)
                0x20078c84                __malloc_max_total_mem
 .bss.__malloc_max_sbrked_mem
                0x20078c88        0x4 c:/program files (x86)/atmel/atmel toolchain/arm gcc/native/4.8.1443/arm-gnu-toolchain/bin/../lib/gcc/arm-none-eabi/4.8.4/../../../../arm-none-eabi/lib/armv7-m\libc.a(lib_a-mallocr.o)
                0x20078c88                __malloc_max_sbrked_mem
 .bss.__malloc_top_pad
                0x20078c8c        0x4 c:/program files (x86)/atmel/atmel toolchain/arm gcc/native/4.8.1443/arm-gnu-toolchain/bin/../lib/gcc/arm-none-eabi/4.8.4/../../../../arm-none-eabi/lib/armv7-m\libc.a(lib_a-mallocr.o)
                0x20078c8c                __malloc_top_pad
 .bss.__malloc_current_mallinfo
                0x20078c90       0x28 c:/program files (x86)/atmel/atmel toolchain/arm gcc/native/4.8.1443/arm-gnu-toolchain/bin/../lib/gcc/arm-none-eabi/4.8.4/../../../../arm-none-eabi/lib/armv7-m\libc.a(lib_a-mallocr.o)
                0x20078c90                __malloc_current_mallinfo
 *(COMMON)
 COMMON         0x20078cb8        0x4 src/ASF/common/utils/stdio/read.o
                0x20078cb8                ptr_get
 COMMON         0x20078cbc        0x8 src/ASF/common/utils/stdio/write.o
                0x20078cbc                ptr_put
                0x20078cc0                stdio_base
 COMMON         0x20078cc4        0x4 c:/program files (x86)/atmel/atmel toolchain/arm gcc/native/4.8.1443/arm-gnu-toolchain/bin/../lib/gcc/arm-none-eabi/4.8.4/../../../../arm-none-eabi/lib/armv7-m\libc.a(lib_a-reent.o)
                0x20078cc4                errno
                0x20078cc8                . = ALIGN (0x4)
                0x20078cc8                _ebss = .
                0x20078cc8                _ezero = .

.stack          0x20078cc8     0x2000 load address 0x0008e690
                0x20078cc8                . = ALIGN (0x8)
                0x20078cc8                _sstack = .
                0x2007acc8                . = (. + __stack_size__)
 *fill*         0x20078cc8     0x2000 
                0x2007acc8                . = ALIGN (0x8)
                0x2007acc8                _estack = .
                0x2007acc8                . = ALIGN (0x4)
                0x2007acc8                _end = .
OUTPUT(ProjectCodeLockInC.elf elf32-littlearm)

.ARM.attributes
                0x00000000       0x29
 .ARM.attributes
                0x00000000       0x1d c:/program files (x86)/atmel/atmel toolchain/arm gcc/native/4.8.1443/arm-gnu-toolchain/bin/../lib/gcc/arm-none-eabi/4.8.4/armv7-m/crti.o
 .ARM.attributes
                0x0000001d       0x2d c:/program files (x86)/atmel/atmel toolchain/arm gcc/native/4.8.1443/arm-gnu-toolchain/bin/../lib/gcc/arm-none-eabi/4.8.4/armv7-m/crtbegin.o
 .ARM.attributes
                0x0000004a       0x33 src/main.o
 .ARM.attributes
                0x0000007d       0x33 src/Statemachine/stateMachine.o
 .ARM.attributes
                0x000000b0       0x33 src/Tasks/task_codeLock.o
 .ARM.attributes
                0x000000e3       0x33 src/Tasks/task_led.o
 .ARM.attributes
                0x00000116       0x33 src/TestButtons/TestButtons.o
 .ARM.attributes
                0x00000149       0x33 src/ASF/common/services/serial/usart_serial.o
 .ARM.attributes
                0x0000017c       0x33 src/ASF/common/utils/stdio/read.o
 .ARM.attributes
                0x000001af       0x33 src/ASF/common/utils/stdio/write.o
 .ARM.attributes
                0x000001e2       0x33 src/ASF/sam/drivers/tc/tc.o
 .ARM.attributes
                0x00000215       0x33 src/ASF/sam/drivers/uart/uart.o
 .ARM.attributes
                0x00000248       0x33 src/ASF/sam/drivers/usart/usart.o
 .ARM.attributes
                0x0000027b       0x33 src/ASF/thirdparty/freertos/freertos-7.3.0/source/list.o
 .ARM.attributes
                0x000002ae       0x33 src/ASF/thirdparty/freertos/freertos-7.3.0/source/portable/gcc/arm_cm3/port.o
 .ARM.attributes
                0x000002e1       0x33 src/ASF/thirdparty/freertos/freertos-7.3.0/source/portable/memmang/heap_4.o
 .ARM.attributes
                0x00000314       0x33 src/ASF/thirdparty/freertos/freertos-7.3.0/source/queue.o
 .ARM.attributes
                0x00000347       0x33 src/ASF/thirdparty/freertos/freertos-7.3.0/source/tasks.o
 .ARM.attributes
                0x0000037a       0x33 src/ASF/thirdparty/freertos/freertos-7.3.0/source/timers.o
 .ARM.attributes
                0x000003ad       0x33 src/ASF/thirdparty/wireless/addons/sio2host/uart/sio2host.o
 .ARM.attributes
                0x000003e0       0x33 src/consoleFunctions.o
 .ARM.attributes
                0x00000413       0x33 src/delayFunctions.o
 .ARM.attributes
                0x00000446       0x33 src/ASF/common/services/clock/sam3x/sysclk.o
 .ARM.attributes
                0x00000479       0x33 src/ASF/common/utils/interrupt/interrupt_sam_nvic.o
 .ARM.attributes
                0x000004ac       0x33 src/ASF/sam/boards/arduino_due_x/init.o
 .ARM.attributes
                0x000004df       0x33 src/ASF/sam/drivers/pio/pio.o
 .ARM.attributes
                0x00000512       0x33 src/ASF/sam/drivers/pio/pio_handler.o
 .ARM.attributes
                0x00000545       0x33 src/ASF/sam/drivers/pmc/pmc.o
 .ARM.attributes
                0x00000578       0x33 src/ASF/sam/utils/cmsis/sam3x/source/templates/exceptions.o
 .ARM.attributes
                0x000005ab       0x33 src/ASF/sam/utils/cmsis/sam3x/source/templates/gcc/startup_sam3x.o
 .ARM.attributes
                0x000005de       0x33 src/ASF/sam/utils/cmsis/sam3x/source/templates/system_sam3x.o
 .ARM.attributes
                0x00000611       0x33 src/ASF/sam/utils/syscalls/gcc/syscalls.o
 .ARM.attributes
                0x00000644       0x2d c:/program files (x86)/atmel/atmel toolchain/arm gcc/native/4.8.1443/arm-gnu-toolchain/bin/../lib/gcc/arm-none-eabi/4.8.4/../../../../arm-none-eabi/lib/armv7-m\libc.a(lib_a-impure.o)
 .ARM.attributes
                0x00000671       0x2d c:/program files (x86)/atmel/atmel toolchain/arm gcc/native/4.8.1443/arm-gnu-toolchain/bin/../lib/gcc/arm-none-eabi/4.8.4/../../../../arm-none-eabi/lib/armv7-m\libc.a(lib_a-init.o)
 .ARM.attributes
                0x0000069e       0x2d c:/program files (x86)/atmel/atmel toolchain/arm gcc/native/4.8.1443/arm-gnu-toolchain/bin/../lib/gcc/arm-none-eabi/4.8.4/../../../../arm-none-eabi/lib/armv7-m\libc.a(lib_a-iprintf.o)
 .ARM.attributes
                0x000006cb       0x1b c:/program files (x86)/atmel/atmel toolchain/arm gcc/native/4.8.1443/arm-gnu-toolchain/bin/../lib/gcc/arm-none-eabi/4.8.4/../../../../arm-none-eabi/lib/armv7-m\libc.a(lib_a-memcpy.o)
 .ARM.attributes
                0x000006e6       0x2d c:/program files (x86)/atmel/atmel toolchain/arm gcc/native/4.8.1443/arm-gnu-toolchain/bin/../lib/gcc/arm-none-eabi/4.8.4/../../../../arm-none-eabi/lib/armv7-m\libc.a(lib_a-memset.o)
 .ARM.attributes
                0x00000713       0x2d c:/program files (x86)/atmel/atmel toolchain/arm gcc/native/4.8.1443/arm-gnu-toolchain/bin/../lib/gcc/arm-none-eabi/4.8.4/../../../../arm-none-eabi/lib/armv7-m\libc.a(lib_a-setbuf.o)
 .ARM.attributes
                0x00000740       0x2d c:/program files (x86)/atmel/atmel toolchain/arm gcc/native/4.8.1443/arm-gnu-toolchain/bin/../lib/gcc/arm-none-eabi/4.8.4/../../../../arm-none-eabi/lib/armv7-m\libc.a(lib_a-setvbuf.o)
 .ARM.attributes
                0x0000076d       0x2d c:/program files (x86)/atmel/atmel toolchain/arm gcc/native/4.8.1443/arm-gnu-toolchain/bin/../lib/gcc/arm-none-eabi/4.8.4/../../../../arm-none-eabi/lib/armv7-m\libc.a(lib_a-strlen.o)
 .ARM.attributes
                0x0000079a       0x2d c:/program files (x86)/atmel/atmel toolchain/arm gcc/native/4.8.1443/arm-gnu-toolchain/bin/../lib/gcc/arm-none-eabi/4.8.4/../../../../arm-none-eabi/lib/armv7-m\libc.a(lib_a-strncpy.o)
 .ARM.attributes
                0x000007c7       0x2d c:/program files (x86)/atmel/atmel toolchain/arm gcc/native/4.8.1443/arm-gnu-toolchain/bin/../lib/gcc/arm-none-eabi/4.8.4/../../../../arm-none-eabi/lib/armv7-m\libc.a(lib_a-vfiprintf.o)
 .ARM.attributes
                0x000007f4       0x2d c:/program files (x86)/atmel/atmel toolchain/arm gcc/native/4.8.1443/arm-gnu-toolchain/bin/../lib/gcc/arm-none-eabi/4.8.4/../../../../arm-none-eabi/lib/armv7-m\libc.a(lib_a-wsetup.o)
 .ARM.attributes
                0x00000821       0x2d c:/program files (x86)/atmel/atmel toolchain/arm gcc/native/4.8.1443/arm-gnu-toolchain/bin/../lib/gcc/arm-none-eabi/4.8.4/../../../../arm-none-eabi/lib/armv7-m\libc.a(lib_a-__call_atexit.o)
 .ARM.attributes
                0x0000084e       0x2d c:/program files (x86)/atmel/atmel toolchain/arm gcc/native/4.8.1443/arm-gnu-toolchain/bin/../lib/gcc/arm-none-eabi/4.8.4/../../../../arm-none-eabi/lib/armv7-m\libc.a(lib_a-atexit.o)
 .ARM.attributes
                0x0000087b       0x2d c:/program files (x86)/atmel/atmel toolchain/arm gcc/native/4.8.1443/arm-gnu-toolchain/bin/../lib/gcc/arm-none-eabi/4.8.4/../../../../arm-none-eabi/lib/armv7-m\libc.a(lib_a-fflush.o)
 .ARM.attributes
                0x000008a8       0x2d c:/program files (x86)/atmel/atmel toolchain/arm gcc/native/4.8.1443/arm-gnu-toolchain/bin/../lib/gcc/arm-none-eabi/4.8.4/../../../../arm-none-eabi/lib/armv7-m\libc.a(lib_a-findfp.o)
 .ARM.attributes
                0x000008d5       0x2d c:/program files (x86)/atmel/atmel toolchain/arm gcc/native/4.8.1443/arm-gnu-toolchain/bin/../lib/gcc/arm-none-eabi/4.8.4/../../../../arm-none-eabi/lib/armv7-m\libc.a(lib_a-fini.o)
 .ARM.attributes
                0x00000902       0x2d c:/program files (x86)/atmel/atmel toolchain/arm gcc/native/4.8.1443/arm-gnu-toolchain/bin/../lib/gcc/arm-none-eabi/4.8.4/../../../../arm-none-eabi/lib/armv7-m\libc.a(lib_a-fputwc.o)
 .ARM.attributes
                0x0000092f       0x2d c:/program files (x86)/atmel/atmel toolchain/arm gcc/native/4.8.1443/arm-gnu-toolchain/bin/../lib/gcc/arm-none-eabi/4.8.4/../../../../arm-none-eabi/lib/armv7-m\libc.a(lib_a-freer.o)
 .ARM.attributes
                0x0000095c       0x2d c:/program files (x86)/atmel/atmel toolchain/arm gcc/native/4.8.1443/arm-gnu-toolchain/bin/../lib/gcc/arm-none-eabi/4.8.4/../../../../arm-none-eabi/lib/armv7-m\libc.a(lib_a-fvwrite.o)
 .ARM.attributes
                0x00000989       0x2d c:/program files (x86)/atmel/atmel toolchain/arm gcc/native/4.8.1443/arm-gnu-toolchain/bin/../lib/gcc/arm-none-eabi/4.8.4/../../../../arm-none-eabi/lib/armv7-m\libc.a(lib_a-fwalk.o)
 .ARM.attributes
                0x000009b6       0x2d c:/program files (x86)/atmel/atmel toolchain/arm gcc/native/4.8.1443/arm-gnu-toolchain/bin/../lib/gcc/arm-none-eabi/4.8.4/../../../../arm-none-eabi/lib/armv7-m\libc.a(lib_a-locale.o)
 .ARM.attributes
                0x000009e3       0x2d c:/program files (x86)/atmel/atmel toolchain/arm gcc/native/4.8.1443/arm-gnu-toolchain/bin/../lib/gcc/arm-none-eabi/4.8.4/../../../../arm-none-eabi/lib/armv7-m\libc.a(lib_a-makebuf.o)
 .ARM.attributes
                0x00000a10       0x2d c:/program files (x86)/atmel/atmel toolchain/arm gcc/native/4.8.1443/arm-gnu-toolchain/bin/../lib/gcc/arm-none-eabi/4.8.4/../../../../arm-none-eabi/lib/armv7-m\libc.a(lib_a-malloc.o)
 .ARM.attributes
                0x00000a3d       0x2d c:/program files (x86)/atmel/atmel toolchain/arm gcc/native/4.8.1443/arm-gnu-toolchain/bin/../lib/gcc/arm-none-eabi/4.8.4/../../../../arm-none-eabi/lib/armv7-m\libc.a(lib_a-mallocr.o)
 .ARM.attributes
                0x00000a6a       0x2d c:/program files (x86)/atmel/atmel toolchain/arm gcc/native/4.8.1443/arm-gnu-toolchain/bin/../lib/gcc/arm-none-eabi/4.8.4/../../../../arm-none-eabi/lib/armv7-m\libc.a(lib_a-memchr-stub.o)
 .ARM.attributes
                0x00000a97       0x2d c:/program files (x86)/atmel/atmel toolchain/arm gcc/native/4.8.1443/arm-gnu-toolchain/bin/../lib/gcc/arm-none-eabi/4.8.4/../../../../arm-none-eabi/lib/armv7-m\libc.a(lib_a-memmove.o)
 .ARM.attributes
                0x00000ac4       0x2d c:/program files (x86)/atmel/atmel toolchain/arm gcc/native/4.8.1443/arm-gnu-toolchain/bin/../lib/gcc/arm-none-eabi/4.8.4/../../../../arm-none-eabi/lib/armv7-m\libc.a(lib_a-mlock.o)
 .ARM.attributes
                0x00000af1       0x2d c:/program files (x86)/atmel/atmel toolchain/arm gcc/native/4.8.1443/arm-gnu-toolchain/bin/../lib/gcc/arm-none-eabi/4.8.4/../../../../arm-none-eabi/lib/armv7-m\libc.a(lib_a-reallocr.o)
 .ARM.attributes
                0x00000b1e       0x2d c:/program files (x86)/atmel/atmel toolchain/arm gcc/native/4.8.1443/arm-gnu-toolchain/bin/../lib/gcc/arm-none-eabi/4.8.4/../../../../arm-none-eabi/lib/armv7-m\libc.a(lib_a-sbrkr.o)
 .ARM.attributes
                0x00000b4b       0x2d c:/program files (x86)/atmel/atmel toolchain/arm gcc/native/4.8.1443/arm-gnu-toolchain/bin/../lib/gcc/arm-none-eabi/4.8.4/../../../../arm-none-eabi/lib/armv7-m\libc.a(lib_a-stdio.o)
 .ARM.attributes
                0x00000b78       0x2d c:/program files (x86)/atmel/atmel toolchain/arm gcc/native/4.8.1443/arm-gnu-toolchain/bin/../lib/gcc/arm-none-eabi/4.8.4/../../../../arm-none-eabi/lib/armv7-m\libc.a(lib_a-wbuf.o)
 .ARM.attributes
                0x00000ba5       0x2d c:/program files (x86)/atmel/atmel toolchain/arm gcc/native/4.8.1443/arm-gnu-toolchain/bin/../lib/gcc/arm-none-eabi/4.8.4/../../../../arm-none-eabi/lib/armv7-m\libc.a(lib_a-wcrtomb.o)
 .ARM.attributes
                0x00000bd2       0x2d c:/program files (x86)/atmel/atmel toolchain/arm gcc/native/4.8.1443/arm-gnu-toolchain/bin/../lib/gcc/arm-none-eabi/4.8.4/../../../../arm-none-eabi/lib/armv7-m\libc.a(lib_a-wctomb_r.o)
 .ARM.attributes
                0x00000bff       0x2d c:/program files (x86)/atmel/atmel toolchain/arm gcc/native/4.8.1443/arm-gnu-toolchain/bin/../lib/gcc/arm-none-eabi/4.8.4/../../../../arm-none-eabi/lib/armv7-m\libc.a(lib_a-writer.o)
 .ARM.attributes
                0x00000c2c       0x2d c:/program files (x86)/atmel/atmel toolchain/arm gcc/native/4.8.1443/arm-gnu-toolchain/bin/../lib/gcc/arm-none-eabi/4.8.4/../../../../arm-none-eabi/lib/armv7-m\libc.a(lib_a-__atexit.o)
 .ARM.attributes
                0x00000c59       0x2d c:/program files (x86)/atmel/atmel toolchain/arm gcc/native/4.8.1443/arm-gnu-toolchain/bin/../lib/gcc/arm-none-eabi/4.8.4/../../../../arm-none-eabi/lib/armv7-m\libc.a(lib_a-closer.o)
 .ARM.attributes
                0x00000c86       0x2d c:/program files (x86)/atmel/atmel toolchain/arm gcc/native/4.8.1443/arm-gnu-toolchain/bin/../lib/gcc/arm-none-eabi/4.8.4/../../../../arm-none-eabi/lib/armv7-m\libc.a(lib_a-fclose.o)
 .ARM.attributes
                0x00000cb3       0x2d c:/program files (x86)/atmel/atmel toolchain/arm gcc/native/4.8.1443/arm-gnu-toolchain/bin/../lib/gcc/arm-none-eabi/4.8.4/../../../../arm-none-eabi/lib/armv7-m\libc.a(lib_a-fstatr.o)
 .ARM.attributes
                0x00000ce0       0x2d c:/program files (x86)/atmel/atmel toolchain/arm gcc/native/4.8.1443/arm-gnu-toolchain/bin/../lib/gcc/arm-none-eabi/4.8.4/../../../../arm-none-eabi/lib/armv7-m\libc.a(lib_a-isattyr.o)
 .ARM.attributes
                0x00000d0d       0x2d c:/program files (x86)/atmel/atmel toolchain/arm gcc/native/4.8.1443/arm-gnu-toolchain/bin/../lib/gcc/arm-none-eabi/4.8.4/../../../../arm-none-eabi/lib/armv7-m\libc.a(lib_a-lseekr.o)
 .ARM.attributes
                0x00000d3a       0x2d c:/program files (x86)/atmel/atmel toolchain/arm gcc/native/4.8.1443/arm-gnu-toolchain/bin/../lib/gcc/arm-none-eabi/4.8.4/../../../../arm-none-eabi/lib/armv7-m\libc.a(lib_a-readr.o)
 .ARM.attributes
                0x00000d67       0x2d c:/program files (x86)/atmel/atmel toolchain/arm gcc/native/4.8.1443/arm-gnu-toolchain/bin/../lib/gcc/arm-none-eabi/4.8.4/../../../../arm-none-eabi/lib/armv7-m\libc.a(lib_a-reent.o)
 .ARM.attributes
                0x00000d94       0x1d c:/program files (x86)/atmel/atmel toolchain/arm gcc/native/4.8.1443/arm-gnu-toolchain/bin/../lib/gcc/arm-none-eabi/4.8.4/armv7-m\libgcc.a(_aeabi_uldivmod.o)
 .ARM.attributes
                0x00000db1       0x2d c:/program files (x86)/atmel/atmel toolchain/arm gcc/native/4.8.1443/arm-gnu-toolchain/bin/../lib/gcc/arm-none-eabi/4.8.4/armv7-m\libgcc.a(bpabi.o)
 .ARM.attributes
                0x00000dde       0x1d c:/program files (x86)/atmel/atmel toolchain/arm gcc/native/4.8.1443/arm-gnu-toolchain/bin/../lib/gcc/arm-none-eabi/4.8.4/armv7-m\libgcc.a(_dvmd_tls.o)
 .ARM.attributes
                0x00000dfb       0x2d c:/program files (x86)/atmel/atmel toolchain/arm gcc/native/4.8.1443/arm-gnu-toolchain/bin/../lib/gcc/arm-none-eabi/4.8.4/armv7-m\libgcc.a(_divdi3.o)
 .ARM.attributes
                0x00000e28       0x2d c:/program files (x86)/atmel/atmel toolchain/arm gcc/native/4.8.1443/arm-gnu-toolchain/bin/../lib/gcc/arm-none-eabi/4.8.4/armv7-m\libgcc.a(_udivdi3.o)
 .ARM.attributes
                0x00000e55       0x1d c:/program files (x86)/atmel/atmel toolchain/arm gcc/native/4.8.1443/arm-gnu-toolchain/bin/../lib/gcc/arm-none-eabi/4.8.4/armv7-m/crtn.o

.comment        0x00000000       0x5b
 .comment       0x00000000       0x5b src/main.o
                                 0x5c (size before relaxing)
 .comment       0x00000000       0x5c src/Statemachine/stateMachine.o
 .comment       0x00000000       0x5c src/Tasks/task_codeLock.o
 .comment       0x00000000       0x5c src/Tasks/task_led.o
 .comment       0x00000000       0x5c src/TestButtons/TestButtons.o
 .comment       0x00000000       0x5c src/ASF/common/services/serial/usart_serial.o
 .comment       0x00000000       0x5c src/ASF/common/utils/stdio/read.o
 .comment       0x00000000       0x5c src/ASF/common/utils/stdio/write.o
 .comment       0x00000000       0x5c src/ASF/sam/drivers/tc/tc.o
 .comment       0x00000000       0x5c src/ASF/sam/drivers/uart/uart.o
 .comment       0x00000000       0x5c src/ASF/sam/drivers/usart/usart.o
 .comment       0x00000000       0x5c src/ASF/thirdparty/freertos/freertos-7.3.0/source/list.o
 .comment       0x00000000       0x5c src/ASF/thirdparty/freertos/freertos-7.3.0/source/portable/gcc/arm_cm3/port.o
 .comment       0x00000000       0x5c src/ASF/thirdparty/freertos/freertos-7.3.0/source/portable/memmang/heap_4.o
 .comment       0x00000000       0x5c src/ASF/thirdparty/freertos/freertos-7.3.0/source/queue.o
 .comment       0x00000000       0x5c src/ASF/thirdparty/freertos/freertos-7.3.0/source/tasks.o
 .comment       0x00000000       0x5c src/ASF/thirdparty/freertos/freertos-7.3.0/source/timers.o
 .comment       0x00000000       0x5c src/ASF/thirdparty/wireless/addons/sio2host/uart/sio2host.o
 .comment       0x00000000       0x5c src/consoleFunctions.o
 .comment       0x00000000       0x5c src/delayFunctions.o
 .comment       0x00000000       0x5c src/ASF/common/services/clock/sam3x/sysclk.o
 .comment       0x00000000       0x5c src/ASF/common/utils/interrupt/interrupt_sam_nvic.o
 .comment       0x00000000       0x5c src/ASF/sam/boards/arduino_due_x/init.o
 .comment       0x00000000       0x5c src/ASF/sam/drivers/pio/pio.o
 .comment       0x00000000       0x5c src/ASF/sam/drivers/pio/pio_handler.o
 .comment       0x00000000       0x5c src/ASF/sam/drivers/pmc/pmc.o
 .comment       0x00000000       0x5c src/ASF/sam/utils/cmsis/sam3x/source/templates/exceptions.o
 .comment       0x00000000       0x5c src/ASF/sam/utils/cmsis/sam3x/source/templates/gcc/startup_sam3x.o
 .comment       0x00000000       0x5c src/ASF/sam/utils/cmsis/sam3x/source/templates/system_sam3x.o
 .comment       0x00000000       0x5c src/ASF/sam/utils/syscalls/gcc/syscalls.o

.debug_info     0x00000000    0x12fc9
 .debug_info    0x00000000      0xb6e src/main.o
 .debug_info    0x00000b6e      0x250 src/Statemachine/stateMachine.o
 .debug_info    0x00000dbe      0xdca src/Tasks/task_codeLock.o
 .debug_info    0x00001b88      0xac1 src/Tasks/task_led.o
 .debug_info    0x00002649      0xbd3 src/TestButtons/TestButtons.o
 .debug_info    0x0000321c      0x7c5 src/ASF/common/services/serial/usart_serial.o
 .debug_info    0x000039e1      0x1bb src/ASF/common/utils/stdio/read.o
 .debug_info    0x00003b9c      0x1c0 src/ASF/common/utils/stdio/write.o
 .debug_info    0x00003d5c      0x945 src/ASF/sam/drivers/tc/tc.o
 .debug_info    0x000046a1      0x889 src/ASF/sam/drivers/uart/uart.o
 .debug_info    0x00004f2a     0x1bfa src/ASF/sam/drivers/usart/usart.o
 .debug_info    0x00006b24      0x2b7 src/ASF/thirdparty/freertos/freertos-7.3.0/source/list.o
 .debug_info    0x00006ddb      0x3a0 src/ASF/thirdparty/freertos/freertos-7.3.0/source/portable/gcc/arm_cm3/port.o
 .debug_info    0x0000717b      0x38d src/ASF/thirdparty/freertos/freertos-7.3.0/source/portable/memmang/heap_4.o
 .debug_info    0x00007508      0xea7 src/ASF/thirdparty/freertos/freertos-7.3.0/source/queue.o
 .debug_info    0x000083af     0x178e src/ASF/thirdparty/freertos/freertos-7.3.0/source/tasks.o
 .debug_info    0x00009b3d      0xb44 src/ASF/thirdparty/freertos/freertos-7.3.0/source/timers.o
 .debug_info    0x0000a681     0x187d src/ASF/thirdparty/wireless/addons/sio2host/uart/sio2host.o
 .debug_info    0x0000befe     0x129e src/consoleFunctions.o
 .debug_info    0x0000d19c      0xd16 src/delayFunctions.o
 .debug_info    0x0000deb2      0x796 src/ASF/common/services/clock/sam3x/sysclk.o
 .debug_info    0x0000e648      0x1e8 src/ASF/common/utils/interrupt/interrupt_sam_nvic.o
 .debug_info    0x0000e830      0x75c src/ASF/sam/boards/arduino_due_x/init.o
 .debug_info    0x0000ef8c     0x1385 src/ASF/sam/drivers/pio/pio.o
 .debug_info    0x00010311      0xe52 src/ASF/sam/drivers/pio/pio_handler.o
 .debug_info    0x00011163     0x1080 src/ASF/sam/drivers/pmc/pmc.o
 .debug_info    0x000121e3      0x124 src/ASF/sam/utils/cmsis/sam3x/source/templates/exceptions.o
 .debug_info    0x00012307      0x3bd src/ASF/sam/utils/cmsis/sam3x/source/templates/gcc/startup_sam3x.o
 .debug_info    0x000126c4      0x4c6 src/ASF/sam/utils/cmsis/sam3x/source/templates/system_sam3x.o
 .debug_info    0x00012b8a      0x43f src/ASF/sam/utils/syscalls/gcc/syscalls.o

.debug_abbrev   0x00000000     0x391d
 .debug_abbrev  0x00000000      0x1d2 src/main.o
 .debug_abbrev  0x000001d2       0xec src/Statemachine/stateMachine.o
 .debug_abbrev  0x000002be      0x21c src/Tasks/task_codeLock.o
 .debug_abbrev  0x000004da      0x1e9 src/Tasks/task_led.o
 .debug_abbrev  0x000006c3      0x217 src/TestButtons/TestButtons.o
 .debug_abbrev  0x000008da      0x1a8 src/ASF/common/services/serial/usart_serial.o
 .debug_abbrev  0x00000a82      0x101 src/ASF/common/utils/stdio/read.o
 .debug_abbrev  0x00000b83       0xf5 src/ASF/common/utils/stdio/write.o
 .debug_abbrev  0x00000c78      0x1bb src/ASF/sam/drivers/tc/tc.o
 .debug_abbrev  0x00000e33      0x1bd src/ASF/sam/drivers/uart/uart.o
 .debug_abbrev  0x00000ff0      0x325 src/ASF/sam/drivers/usart/usart.o
 .debug_abbrev  0x00001315       0xfb src/ASF/thirdparty/freertos/freertos-7.3.0/source/list.o
 .debug_abbrev  0x00001410      0x246 src/ASF/thirdparty/freertos/freertos-7.3.0/source/portable/gcc/arm_cm3/port.o
 .debug_abbrev  0x00001656      0x220 src/ASF/thirdparty/freertos/freertos-7.3.0/source/portable/memmang/heap_4.o
 .debug_abbrev  0x00001876      0x231 src/ASF/thirdparty/freertos/freertos-7.3.0/source/queue.o
 .debug_abbrev  0x00001aa7      0x2e0 src/ASF/thirdparty/freertos/freertos-7.3.0/source/tasks.o
 .debug_abbrev  0x00001d87      0x261 src/ASF/thirdparty/freertos/freertos-7.3.0/source/timers.o
 .debug_abbrev  0x00001fe8      0x3da src/ASF/thirdparty/wireless/addons/sio2host/uart/sio2host.o
 .debug_abbrev  0x000023c2      0x341 src/consoleFunctions.o
 .debug_abbrev  0x00002703      0x1fa src/delayFunctions.o
 .debug_abbrev  0x000028fd      0x227 src/ASF/common/services/clock/sam3x/sysclk.o
 .debug_abbrev  0x00002b24       0xef src/ASF/common/utils/interrupt/interrupt_sam_nvic.o
 .debug_abbrev  0x00002c13      0x16f src/ASF/sam/boards/arduino_due_x/init.o
 .debug_abbrev  0x00002d82      0x2d5 src/ASF/sam/drivers/pio/pio.o
 .debug_abbrev  0x00003057      0x257 src/ASF/sam/drivers/pio/pio_handler.o
 .debug_abbrev  0x000032ae      0x268 src/ASF/sam/drivers/pmc/pmc.o
 .debug_abbrev  0x00003516       0x8c src/ASF/sam/utils/cmsis/sam3x/source/templates/exceptions.o
 .debug_abbrev  0x000035a2      0x118 src/ASF/sam/utils/cmsis/sam3x/source/templates/gcc/startup_sam3x.o
 .debug_abbrev  0x000036ba      0x115 src/ASF/sam/utils/cmsis/sam3x/source/templates/system_sam3x.o
 .debug_abbrev  0x000037cf      0x14e src/ASF/sam/utils/syscalls/gcc/syscalls.o

.debug_loc      0x00000000     0x80cc
 .debug_loc     0x00000000       0x2c src/main.o
 .debug_loc     0x0000002c       0x7c src/Statemachine/stateMachine.o
 .debug_loc     0x000000a8      0x10a src/Tasks/task_codeLock.o
 .debug_loc     0x000001b2       0x4d src/Tasks/task_led.o
 .debug_loc     0x000001ff      0x3bf src/TestButtons/TestButtons.o
 .debug_loc     0x000005be      0x2d1 src/ASF/common/services/serial/usart_serial.o
 .debug_loc     0x0000088f       0xc5 src/ASF/common/utils/stdio/read.o
 .debug_loc     0x00000954      0x161 src/ASF/common/utils/stdio/write.o
 .debug_loc     0x00000ab5      0x57a src/ASF/sam/drivers/tc/tc.o
 .debug_loc     0x0000102f      0x236 src/ASF/sam/drivers/uart/uart.o
 .debug_loc     0x00001265     0x128d src/ASF/sam/drivers/usart/usart.o
 .debug_loc     0x000024f2       0x91 src/ASF/thirdparty/freertos/freertos-7.3.0/source/list.o
 .debug_loc     0x00002583      0x100 src/ASF/thirdparty/freertos/freertos-7.3.0/source/portable/gcc/arm_cm3/port.o
 .debug_loc     0x00002683      0x371 src/ASF/thirdparty/freertos/freertos-7.3.0/source/portable/memmang/heap_4.o
 .debug_loc     0x000029f4     0x10da src/ASF/thirdparty/freertos/freertos-7.3.0/source/queue.o
 .debug_loc     0x00003ace     0x1545 src/ASF/thirdparty/freertos/freertos-7.3.0/source/tasks.o
 .debug_loc     0x00005013      0x9a4 src/ASF/thirdparty/freertos/freertos-7.3.0/source/timers.o
 .debug_loc     0x000059b7      0x4b5 src/ASF/thirdparty/wireless/addons/sio2host/uart/sio2host.o
 .debug_loc     0x00005e6c      0x28b src/consoleFunctions.o
 .debug_loc     0x000060f7       0x6c src/delayFunctions.o
 .debug_loc     0x00006163      0x12d src/ASF/common/services/clock/sam3x/sysclk.o
 .debug_loc     0x00006290       0x1e src/ASF/common/utils/interrupt/interrupt_sam_nvic.o
 .debug_loc     0x000062ae       0x20 src/ASF/sam/boards/arduino_due_x/init.o
 .debug_loc     0x000062ce      0xa83 src/ASF/sam/drivers/pio/pio.o
 .debug_loc     0x00006d51      0x53d src/ASF/sam/drivers/pio/pio_handler.o
 .debug_loc     0x0000728e      0xc95 src/ASF/sam/drivers/pmc/pmc.o
 .debug_loc     0x00007f23       0x7e src/ASF/sam/utils/cmsis/sam3x/source/templates/gcc/startup_sam3x.o
 .debug_loc     0x00007fa1      0x12b src/ASF/sam/utils/syscalls/gcc/syscalls.o

.debug_aranges  0x00000000      0xea0
 .debug_aranges
                0x00000000       0x20 src/main.o
 .debug_aranges
                0x00000020       0x40 src/Statemachine/stateMachine.o
 .debug_aranges
                0x00000060       0x20 src/Tasks/task_codeLock.o
 .debug_aranges
                0x00000080       0x20 src/Tasks/task_led.o
 .debug_aranges
                0x000000a0       0x30 src/TestButtons/TestButtons.o
 .debug_aranges
                0x000000d0       0x28 src/ASF/common/services/serial/usart_serial.o
 .debug_aranges
                0x000000f8       0x20 src/ASF/common/utils/stdio/read.o
 .debug_aranges
                0x00000118       0x20 src/ASF/common/utils/stdio/write.o
 .debug_aranges
                0x00000138       0xd0 src/ASF/sam/drivers/tc/tc.o
 .debug_aranges
                0x00000208       0xe8 src/ASF/sam/drivers/uart/uart.o
 .debug_aranges
                0x000002f0      0x2a8 src/ASF/sam/drivers/usart/usart.o
 .debug_aranges
                0x00000598       0x40 src/ASF/thirdparty/freertos/freertos-7.3.0/source/list.o
 .debug_aranges
                0x000005d8       0x80 src/ASF/thirdparty/freertos/freertos-7.3.0/source/portable/gcc/arm_cm3/port.o
 .debug_aranges
                0x00000658       0x40 src/ASF/thirdparty/freertos/freertos-7.3.0/source/portable/memmang/heap_4.o
 .debug_aranges
                0x00000698       0xc8 src/ASF/thirdparty/freertos/freertos-7.3.0/source/queue.o
 .debug_aranges
                0x00000760      0x130 src/ASF/thirdparty/freertos/freertos-7.3.0/source/tasks.o
 .debug_aranges
                0x00000890       0x60 src/ASF/thirdparty/freertos/freertos-7.3.0/source/timers.o
 .debug_aranges
                0x000008f0       0x60 src/ASF/thirdparty/wireless/addons/sio2host/uart/sio2host.o
 .debug_aranges
                0x00000950       0x30 src/consoleFunctions.o
 .debug_aranges
                0x00000980       0x28 src/delayFunctions.o
 .debug_aranges
                0x000009a8       0x40 src/ASF/common/services/clock/sam3x/sysclk.o
 .debug_aranges
                0x000009e8       0x28 src/ASF/common/utils/interrupt/interrupt_sam_nvic.o
 .debug_aranges
                0x00000a10       0x20 src/ASF/sam/boards/arduino_due_x/init.o
 .debug_aranges
                0x00000a30      0x148 src/ASF/sam/drivers/pio/pio.o
 .debug_aranges
                0x00000b78       0x58 src/ASF/sam/drivers/pio/pio_handler.o
 .debug_aranges
                0x00000bd0      0x200 src/ASF/sam/drivers/pmc/pmc.o
 .debug_aranges
                0x00000dd0       0x20 src/ASF/sam/utils/cmsis/sam3x/source/templates/exceptions.o
 .debug_aranges
                0x00000df0       0x20 src/ASF/sam/utils/cmsis/sam3x/source/templates/gcc/startup_sam3x.o
 .debug_aranges
                0x00000e10       0x30 src/ASF/sam/utils/cmsis/sam3x/source/templates/system_sam3x.o
 .debug_aranges
                0x00000e40       0x60 src/ASF/sam/utils/syscalls/gcc/syscalls.o

.debug_ranges   0x00000000      0xd78
 .debug_ranges  0x00000000       0x10 src/main.o
 .debug_ranges  0x00000010       0x30 src/Statemachine/stateMachine.o
 .debug_ranges  0x00000040       0x10 src/Tasks/task_codeLock.o
 .debug_ranges  0x00000050       0x10 src/Tasks/task_led.o
 .debug_ranges  0x00000060       0x20 src/TestButtons/TestButtons.o
 .debug_ranges  0x00000080       0x30 src/ASF/common/services/serial/usart_serial.o
 .debug_ranges  0x000000b0       0x10 src/ASF/common/utils/stdio/read.o
 .debug_ranges  0x000000c0       0x10 src/ASF/common/utils/stdio/write.o
 .debug_ranges  0x000000d0       0xc0 src/ASF/sam/drivers/tc/tc.o
 .debug_ranges  0x00000190       0xd8 src/ASF/sam/drivers/uart/uart.o
 .debug_ranges  0x00000268      0x298 src/ASF/sam/drivers/usart/usart.o
 .debug_ranges  0x00000500       0x30 src/ASF/thirdparty/freertos/freertos-7.3.0/source/list.o
 .debug_ranges  0x00000530       0x70 src/ASF/thirdparty/freertos/freertos-7.3.0/source/portable/gcc/arm_cm3/port.o
 .debug_ranges  0x000005a0       0x30 src/ASF/thirdparty/freertos/freertos-7.3.0/source/portable/memmang/heap_4.o
 .debug_ranges  0x000005d0       0xb8 src/ASF/thirdparty/freertos/freertos-7.3.0/source/queue.o
 .debug_ranges  0x00000688      0x168 src/ASF/thirdparty/freertos/freertos-7.3.0/source/tasks.o
 .debug_ranges  0x000007f0       0xa8 src/ASF/thirdparty/freertos/freertos-7.3.0/source/timers.o
 .debug_ranges  0x00000898       0x50 src/ASF/thirdparty/wireless/addons/sio2host/uart/sio2host.o
 .debug_ranges  0x000008e8       0x20 src/consoleFunctions.o
 .debug_ranges  0x00000908       0x18 src/delayFunctions.o
 .debug_ranges  0x00000920       0x30 src/ASF/common/services/clock/sam3x/sysclk.o
 .debug_ranges  0x00000950       0x18 src/ASF/common/utils/interrupt/interrupt_sam_nvic.o
 .debug_ranges  0x00000968       0x10 src/ASF/sam/boards/arduino_due_x/init.o
 .debug_ranges  0x00000978      0x138 src/ASF/sam/drivers/pio/pio.o
 .debug_ranges  0x00000ab0       0x48 src/ASF/sam/drivers/pio/pio_handler.o
 .debug_ranges  0x00000af8      0x1f0 src/ASF/sam/drivers/pmc/pmc.o
 .debug_ranges  0x00000ce8       0x10 src/ASF/sam/utils/cmsis/sam3x/source/templates/exceptions.o
 .debug_ranges  0x00000cf8       0x10 src/ASF/sam/utils/cmsis/sam3x/source/templates/gcc/startup_sam3x.o
 .debug_ranges  0x00000d08       0x20 src/ASF/sam/utils/cmsis/sam3x/source/templates/system_sam3x.o
 .debug_ranges  0x00000d28       0x50 src/ASF/sam/utils/syscalls/gcc/syscalls.o

.debug_macro    0x00000000    0x1bb12
 .debug_macro   0x00000000      0x6bb src/main.o
 .debug_macro   0x000006bb      0x874 src/main.o
 .debug_macro   0x00000f2f      0x166 src/main.o
 .debug_macro   0x00001095      0x5db src/main.o
 .debug_macro   0x00001670       0x76 src/main.o
 .debug_macro   0x000016e6       0x16 src/main.o
 .debug_macro   0x000016fc      0x6e4 src/main.o
 .debug_macro   0x00001de0       0x16 src/main.o
 .debug_macro   0x00001df6       0x44 src/main.o
 .debug_macro   0x00001e3a      0x209 src/main.o
 .debug_macro   0x00002043       0x20 src/main.o
 .debug_macro   0x00002063       0x3a src/main.o
 .debug_macro   0x0000209d       0x2d src/main.o
 .debug_macro   0x000020ca      0xbb1 src/main.o
 .debug_macro   0x00002c7b      0xab6 src/main.o
 .debug_macro   0x00003731      0x569 src/main.o
 .debug_macro   0x00003c9a      0x2b5 src/main.o
 .debug_macro   0x00003f4f      0x31a src/main.o
 .debug_macro   0x00004269      0x74f src/main.o
 .debug_macro   0x000049b8       0x82 src/main.o
 .debug_macro   0x00004a3a      0x57b src/main.o
 .debug_macro   0x00004fb5       0x1c src/main.o
 .debug_macro   0x00004fd1      0x6b7 src/main.o
 .debug_macro   0x00005688      0x52d src/main.o
 .debug_macro   0x00005bb5       0xbe src/main.o
 .debug_macro   0x00005c73     0x2342 src/main.o
 .debug_macro   0x00007fb5      0x85d src/main.o
 .debug_macro   0x00008812      0xdc9 src/main.o
 .debug_macro   0x000095db       0x7c src/main.o
 .debug_macro   0x00009657      0x263 src/main.o
 .debug_macro   0x000098ba       0x58 src/main.o
 .debug_macro   0x00009912      0x9a7 src/main.o
 .debug_macro   0x0000a2b9      0x248 src/main.o
 .debug_macro   0x0000a501      0x4df src/main.o
 .debug_macro   0x0000a9e0      0x6b3 src/main.o
 .debug_macro   0x0000b093      0x59f src/main.o
 .debug_macro   0x0000b632       0x46 src/main.o
 .debug_macro   0x0000b678      0x34d src/main.o
 .debug_macro   0x0000b9c5      0x28c src/main.o
 .debug_macro   0x0000bc51     0x14d7 src/main.o
 .debug_macro   0x0000d128      0x7ba src/main.o
 .debug_macro   0x0000d8e2       0x76 src/main.o
 .debug_macro   0x0000d958       0x82 src/main.o
 .debug_macro   0x0000d9da       0x76 src/main.o
 .debug_macro   0x0000da50       0x4c src/main.o
 .debug_macro   0x0000da9c      0x105 src/main.o
 .debug_macro   0x0000dba1      0x105 src/main.o
 .debug_macro   0x0000dca6      0x105 src/main.o
 .debug_macro   0x0000ddab       0x88 src/main.o
 .debug_macro   0x0000de33       0x88 src/main.o
 .debug_macro   0x0000debb      0x3b4 src/main.o
 .debug_macro   0x0000e26f       0xb8 src/main.o
 .debug_macro   0x0000e327       0xb8 src/main.o
 .debug_macro   0x0000e3df       0xb8 src/main.o
 .debug_macro   0x0000e497       0xb8 src/main.o
 .debug_macro   0x0000e54f      0x2b8 src/main.o
 .debug_macro   0x0000e807      0x125 src/main.o
 .debug_macro   0x0000e92c      0x225 src/main.o
 .debug_macro   0x0000eb51      0x225 src/main.o
 .debug_macro   0x0000ed76       0x2e src/main.o
 .debug_macro   0x0000eda4       0xac src/main.o
 .debug_macro   0x0000ee50      0x14d src/main.o
 .debug_macro   0x0000ef9d       0x7c src/main.o
 .debug_macro   0x0000f019      0x205 src/main.o
 .debug_macro   0x0000f21e       0x64 src/main.o
 .debug_macro   0x0000f282       0xa6 src/main.o
 .debug_macro   0x0000f328       0x7c src/main.o
 .debug_macro   0x0000f3a4       0x16 src/main.o
 .debug_macro   0x0000f3ba       0x22 src/main.o
 .debug_macro   0x0000f3dc       0x22 src/main.o
 .debug_macro   0x0000f3fe      0x115 src/main.o
 .debug_macro   0x0000f513      0x115 src/main.o
 .debug_macro   0x0000f628      0x115 src/main.o
 .debug_macro   0x0000f73d      0x115 src/main.o
 .debug_macro   0x0000f852       0x1c src/main.o
 .debug_macro   0x0000f86e       0x2e src/main.o
 .debug_macro   0x0000f89c       0x22 src/main.o
 .debug_macro   0x0000f8be       0x1c src/main.o
 .debug_macro   0x0000f8da       0x58 src/main.o
 .debug_macro   0x0000f932       0x10 src/main.o
 .debug_macro   0x0000f942      0x273 src/main.o
 .debug_macro   0x0000fbb5      0xd43 src/main.o
 .debug_macro   0x000108f8      0x131 src/main.o
 .debug_macro   0x00010a29       0x58 src/main.o
 .debug_macro   0x00010a81       0x35 src/main.o
 .debug_macro   0x00010ab6       0xa3 src/main.o
 .debug_macro   0x00010b59       0x16 src/main.o
 .debug_macro   0x00010b6f       0x35 src/main.o
 .debug_macro   0x00010ba4       0x10 src/main.o
 .debug_macro   0x00010bb4       0x52 src/main.o
 .debug_macro   0x00010c06       0x16 src/main.o
 .debug_macro   0x00010c1c       0x43 src/main.o
 .debug_macro   0x00010c5f      0x180 src/main.o
 .debug_macro   0x00010ddf       0x10 src/main.o
 .debug_macro   0x00010def       0x22 src/main.o
 .debug_macro   0x00010e11       0xbd src/main.o
 .debug_macro   0x00010ece       0x16 src/main.o
 .debug_macro   0x00010ee4      0x16c src/main.o
 .debug_macro   0x00011050       0x22 src/main.o
 .debug_macro   0x00011072       0x16 src/main.o
 .debug_macro   0x00011088       0x16 src/main.o
 .debug_macro   0x0001109e       0x29 src/main.o
 .debug_macro   0x000110c7       0x6e src/main.o
 .debug_macro   0x00011135       0x45 src/main.o
 .debug_macro   0x0001117a      0x3ca src/main.o
 .debug_macro   0x00011544       0x46 src/main.o
 .debug_macro   0x0001158a      0x100 src/main.o
 .debug_macro   0x0001168a       0x99 src/main.o
 .debug_macro   0x00011723       0x12 src/main.o
 .debug_macro   0x00011735       0x1f src/main.o
 .debug_macro   0x00011754      0x1e7 src/main.o
 .debug_macro   0x0001193b       0x10 src/main.o
 .debug_macro   0x0001194b       0x16 src/main.o
 .debug_macro   0x00011961       0x5e src/main.o
 .debug_macro   0x000119bf       0x43 src/main.o
 .debug_macro   0x00011a02       0x96 src/main.o
 .debug_macro   0x00011a98       0x77 src/main.o
 .debug_macro   0x00011b0f       0x5d src/main.o
 .debug_macro   0x00011b6c       0x5b src/main.o
 .debug_macro   0x00011bc7       0x94 src/main.o
 .debug_macro   0x00011c5b       0x40 src/main.o
 .debug_macro   0x00011c9b      0x272 src/main.o
 .debug_macro   0x00011f0d      0x790 src/main.o
 .debug_macro   0x0001269d       0x34 src/main.o
 .debug_macro   0x000126d1       0x5e src/main.o
 .debug_macro   0x0001272f       0x64 src/main.o
 .debug_macro   0x00012793       0x5f src/main.o
 .debug_macro   0x000127f2       0x90 src/main.o
 .debug_macro   0x00012882       0x6a src/main.o
 .debug_macro   0x000128ec       0x34 src/main.o
 .debug_macro   0x00012920       0x1c src/main.o
 .debug_macro   0x0001293c       0x2e src/main.o