Archive member included to satisfy reference by file (symbol)

c:/program files (x86)/atmel/studio/7.0/toolchain/arm/arm-gnu-toolchain/bin/../lib/gcc/arm-none-eabi/6.3.1/thumb/v7-m\libgcc.a(_arm_addsubsf3.o)
                              unity/unity.o (__aeabi_fsub)
c:/program files (x86)/atmel/studio/7.0/toolchain/arm/arm-gnu-toolchain/bin/../lib/gcc/arm-none-eabi/6.3.1/thumb/v7-m\libgcc.a(_arm_muldivsf3.o)
                              unity/unity.o (__aeabi_fmul)
c:/program files (x86)/atmel/studio/7.0/toolchain/arm/arm-gnu-toolchain/bin/../lib/gcc/arm-none-eabi/6.3.1/thumb/v7-m\libgcc.a(_arm_cmpsf2.o)
                              unity/unity.o (__aeabi_fcmpeq)
c:/program files (x86)/atmel/studio/7.0/toolchain/arm/arm-gnu-toolchain/bin/../lib/gcc/arm-none-eabi/6.3.1/../../../../arm-none-eabi/lib/thumb/v7-m\libc.a(lib_a-exit.o)
                              c:/program files (x86)/atmel/studio/7.0/toolchain/arm/arm-gnu-toolchain/bin/../lib/gcc/arm-none-eabi/6.3.1/../../../../arm-none-eabi/lib/thumb/v7-m/crt0.o (exit)
c:/program files (x86)/atmel/studio/7.0/toolchain/arm/arm-gnu-toolchain/bin/../lib/gcc/arm-none-eabi/6.3.1/../../../../arm-none-eabi/lib/thumb/v7-m\libc.a(lib_a-impure.o)
                              c:/program files (x86)/atmel/studio/7.0/toolchain/arm/arm-gnu-toolchain/bin/../lib/gcc/arm-none-eabi/6.3.1/../../../../arm-none-eabi/lib/thumb/v7-m\libc.a(lib_a-exit.o) (_global_impure_ptr)
c:/program files (x86)/atmel/studio/7.0/toolchain/arm/arm-gnu-toolchain/bin/../lib/gcc/arm-none-eabi/6.3.1/../../../../arm-none-eabi/lib/thumb/v7-m\libc.a(lib_a-init.o)
                              c:/program files (x86)/atmel/studio/7.0/toolchain/arm/arm-gnu-toolchain/bin/../lib/gcc/arm-none-eabi/6.3.1/../../../../arm-none-eabi/lib/thumb/v7-m/crt0.o (__libc_init_array)
c:/program files (x86)/atmel/studio/7.0/toolchain/arm/arm-gnu-toolchain/bin/../lib/gcc/arm-none-eabi/6.3.1/../../../../arm-none-eabi/lib/thumb/v7-m\libc.a(lib_a-iprintf.o)
                              src/digitalIO.o (iprintf)
c:/program files (x86)/atmel/studio/7.0/toolchain/arm/arm-gnu-toolchain/bin/../lib/gcc/arm-none-eabi/6.3.1/../../../../arm-none-eabi/lib/thumb/v7-m\libc.a(lib_a-memset.o)
                              c:/program files (x86)/atmel/studio/7.0/toolchain/arm/arm-gnu-toolchain/bin/../lib/gcc/arm-none-eabi/6.3.1/../../../../arm-none-eabi/lib/thumb/v7-m/crt0.o (memset)
c:/program files (x86)/atmel/studio/7.0/toolchain/arm/arm-gnu-toolchain/bin/../lib/gcc/arm-none-eabi/6.3.1/../../../../arm-none-eabi/lib/thumb/v7-m\libc.a(lib_a-setbuf.o)
                              src/ASF/thirdparty/wireless/addons/sio2host/uart/sio2host.o (setbuf)
c:/program files (x86)/atmel/studio/7.0/toolchain/arm/arm-gnu-toolchain/bin/../lib/gcc/arm-none-eabi/6.3.1/../../../../arm-none-eabi/lib/thumb/v7-m\libc.a(lib_a-setjmp.o)
                              unity/unity.o (setjmp)
c:/program files (x86)/atmel/studio/7.0/toolchain/arm/arm-gnu-toolchain/bin/../lib/gcc/arm-none-eabi/6.3.1/../../../../arm-none-eabi/lib/thumb/v7-m\libc.a(lib_a-setvbuf.o)
                              c:/program files (x86)/atmel/studio/7.0/toolchain/arm/arm-gnu-toolchain/bin/../lib/gcc/arm-none-eabi/6.3.1/../../../../arm-none-eabi/lib/thumb/v7-m\libc.a(lib_a-setbuf.o) (setvbuf)
c:/program files (x86)/atmel/studio/7.0/toolchain/arm/arm-gnu-toolchain/bin/../lib/gcc/arm-none-eabi/6.3.1/../../../../arm-none-eabi/lib/thumb/v7-m\libc.a(lib_a-vfiprintf.o)
                              c:/program files (x86)/atmel/studio/7.0/toolchain/arm/arm-gnu-toolchain/bin/../lib/gcc/arm-none-eabi/6.3.1/../../../../arm-none-eabi/lib/thumb/v7-m\libc.a(lib_a-iprintf.o) (_vfiprintf_r)
c:/program files (x86)/atmel/studio/7.0/toolchain/arm/arm-gnu-toolchain/bin/../lib/gcc/arm-none-eabi/6.3.1/../../../../arm-none-eabi/lib/thumb/v7-m\libc.a(lib_a-wbuf.o)
                              unity/unity.o (__swbuf_r)
c:/program files (x86)/atmel/studio/7.0/toolchain/arm/arm-gnu-toolchain/bin/../lib/gcc/arm-none-eabi/6.3.1/../../../../arm-none-eabi/lib/thumb/v7-m\libc.a(lib_a-wsetup.o)
                              c:/program files (x86)/atmel/studio/7.0/toolchain/arm/arm-gnu-toolchain/bin/../lib/gcc/arm-none-eabi/6.3.1/../../../../arm-none-eabi/lib/thumb/v7-m\libc.a(lib_a-vfiprintf.o) (__swsetup_r)
c:/program files (x86)/atmel/studio/7.0/toolchain/arm/arm-gnu-toolchain/bin/../lib/gcc/arm-none-eabi/6.3.1/../../../../arm-none-eabi/lib/thumb/v7-m\libc.a(lib_a-__call_atexit.o)
                              c:/program files (x86)/atmel/studio/7.0/toolchain/arm/arm-gnu-toolchain/bin/../lib/gcc/arm-none-eabi/6.3.1/../../../../arm-none-eabi/lib/thumb/v7-m\libc.a(lib_a-exit.o) (__call_exitprocs)
c:/program files (x86)/atmel/studio/7.0/toolchain/arm/arm-gnu-toolchain/bin/../lib/gcc/arm-none-eabi/6.3.1/../../../../arm-none-eabi/lib/thumb/v7-m\libc.a(lib_a-atexit.o)
[...]
Memory Configuration

Name             Origin             Length             Attributes
rom              0x00080000         0x00080000         xr
sram0            0x20000000         0x00010000         xrw
sram1            0x20080000         0x00008000         xrw
ram              0x20070000         0x00018000         xrw
*default*        0x00000000         0xffffffff

Linker script and memory map

LOAD c:/program files (x86)/atmel/studio/7.0/toolchain/arm/arm-gnu-toolchain/bin/../lib/gcc/arm-none-eabi/6.3.1/thumb/v7-m/crti.o
LOAD c:/program files (x86)/atmel/studio/7.0/toolchain/arm/arm-gnu-toolchain/bin/../lib/gcc/arm-none-eabi/6.3.1/thumb/v7-m/crtbegin.o
LOAD c:/program files (x86)/atmel/studio/7.0/toolchain/arm/arm-gnu-toolchain/bin/../lib/gcc/arm-none-eabi/6.3.1/../../../../arm-none-eabi/lib/thumb/v7-m/crt0.o
LOAD src/ASF/common/utils/stdio/read.o
LOAD src/ASF/sam/drivers/usart/usart.o
LOAD src/ASF/thirdparty/wireless/addons/sio2host/uart/sio2host.o
LOAD src/digitalIO.o
LOAD unity/unity.o
LOAD src/ASF/common/utils/stdio/write.o
LOAD src/ASF/common/services/serial/usart_serial.o
LOAD src/ASF/sam/drivers/uart/uart.o
LOAD test/test_digitalIO.o
LOAD test/main.o
LOAD src/ASF/common/services/clock/sam3x/sysclk.o
LOAD src/ASF/common/utils/interrupt/interrupt_sam_nvic.o
LOAD src/ASF/sam/boards/arduino_due_x/init.o
LOAD src/ASF/sam/drivers/pio/pio.o
LOAD src/ASF/sam/drivers/pio/pio_handler.o
LOAD src/ASF/sam/drivers/pmc/pmc.o
LOAD src/ASF/sam/drivers/pmc/sleep.o
LOAD src/ASF/sam/utils/cmsis/sam3x/source/templates/exceptions.o
LOAD src/ASF/sam/utils/cmsis/sam3x/source/templates/gcc/startup_sam3x.o
LOAD src/ASF/sam/utils/cmsis/sam3x/source/templates/system_sam3x.o
LOAD src/ASF/sam/utils/syscalls/gcc/syscalls.o
START GROUP
LOAD ../src/ASF/thirdparty/CMSIS/Lib/GCC\libarm_cortexM3l_math.a
LOAD c:/program files (x86)/atmel/studio/7.0/toolchain/arm/arm-gnu-toolchain/bin/../lib/gcc/arm-none-eabi/6.3.1/../../../../arm-none-eabi/lib/thumb/v7-m\libm.a
END GROUP
START GROUP
LOAD c:/program files (x86)/atmel/studio/7.0/toolchain/arm/arm-gnu-toolchain/bin/../lib/gcc/arm-none-eabi/6.3.1/thumb/v7-m\libgcc.a
LOAD c:/program files (x86)/atmel/studio/7.0/toolchain/arm/arm-gnu-toolchain/bin/../lib/gcc/arm-none-eabi/6.3.1/../../../../arm-none-eabi/lib/thumb/v7-m\libc.a
END GROUP
LOAD c:/program files (x86)/atmel/studio/7.0/toolchain/arm/arm-gnu-toolchain/bin/../lib/gcc/arm-none-eabi/6.3.1/thumb/v7-m/crtend.o
LOAD c:/program files (x86)/atmel/studio/7.0/toolchain/arm/arm-gnu-toolchain/bin/../lib/gcc/arm-none-eabi/6.3.1/thumb/v7-m/crtn.o
                0x00002000                __stack_size__ = DEFINED (__stack_size__)?__stack_size__:0x2000
                0x20087ffc                __ram_end__ = ((ORIGIN (ram) + LENGTH (ram)) - 0x4)

.text           0x00080000     0x3d9c
                0x00080000                . = ALIGN (0x4)
                0x00080000                _sfixed = .
 *(.vectors .vectors.*)
 .vectors       0x00080000       0xf4 src/ASF/sam/utils/cmsis/sam3x/source/templates/gcc/startup_sam3x.o
                0x00080000                exception_table
 *(.text .text.* .gnu.linkonce.t.*)
 .text          0x000800f4       0x6c c:/program files (x86)/atmel/studio/7.0/toolchain/arm/arm-gnu-toolchain/bin/../lib/gcc/arm-none-eabi/6.3.1/thumb/v7-m/crtbegin.o
 .text._read    0x00080160       0x3c src/ASF/common/utils/stdio/read.o
                0x00080160                _read
 .text.usart_write
                0x0008019c       0x14 src/ASF/sam/drivers/usart/usart.o
                0x0008019c                usart_write
 .text.usart_read
                0x000801b0       0x18 src/ASF/sam/drivers/usart/usart.o
                0x000801b0                usart_read
 .text.USART0_Handler
                0x000801c8       0x60 src/ASF/thirdparty/wireless/addons/sio2host/uart/sio2host.o
                0x000801c8                USART0_Handler
 .text.pinMode  0x00080228       0x40 src/digitalIO.o
                0x00080228                pinMode
 .text.digitalWrite
                0x00080268       0xa8 src/digitalIO.o
                0x00080268                digitalWrite
 .text._write   0x00080310       0x50 src/ASF/common/utils/stdio/write.o
                0x00080310                _write
 .text.usart_serial_read_packet
                0x00080360       0xc8 src/ASF/common/services/serial/usart_serial.o
                0x00080360                usart_serial_read_packet
 .text.uart_init
                0x00080428       0x36 src/ASF/sam/drivers/uart/uart.o
                0x00080428                uart_init
 .text.uart_write
                0x0008045e       0x10 src/ASF/sam/drivers/uart/uart.o
                0x0008045e                uart_write
 .text.uart_read
                0x0008046e       0x12 src/ASF/sam/drivers/uart/uart.o
                0x0008046e                uart_read
 .text.usart_serial_getchar
                0x00080480       0xac test/main.o
 .text.usart_serial_putchar
                0x0008052c       0x9c test/main.o
 .text.main     0x000805c8       0xc8 test/main.o
                0x000805c8                main
 .text.sysclk_init
                0x00080690       0x64 src/ASF/common/services/clock/sam3x/sysclk.o
                0x00080690                sysclk_init
 .text.board_init
                0x000806f4       0x80 src/ASF/sam/boards/arduino_due_x/init.o
                0x000806f4                board_init
 .text.pio_set_peripheral
                0x00080774       0x3e src/ASF/sam/drivers/pio/pio.o
                0x00080774                pio_set_peripheral
 .text.pio_set_input
                0x000807b2       0x32 src/ASF/sam/drivers/pio/pio.o
                0x000807b2                pio_set_input
 .text.pio_set_output
                0x000807e4       0x26 src/ASF/sam/drivers/pio/pio.o
                0x000807e4                pio_set_output
 .text.pio_get_interrupt_status
                0x0008080a        0x4 src/ASF/sam/drivers/pio/pio.o
                0x0008080a                pio_get_interrupt_status
 .text.pio_get_interrupt_mask
                0x0008080e        0x4 src/ASF/sam/drivers/pio/pio.o
                0x0008080e                pio_get_interrupt_mask
 *fill*         0x00080812        0x2 
 .text.pio_configure_pin
                0x00080814       0xd0 src/ASF/sam/drivers/pio/pio.o
                0x00080814                pio_configure_pin
 .text.pio_configure_pin_group
                0x000808e4       0x9c src/ASF/sam/drivers/pio/pio.o
                0x000808e4                pio_configure_pin_group
 .text.pio_handler_process
                0x00080980       0x50 src/ASF/sam/drivers/pio/pio_handler.o
                0x00080980                pio_handler_process
 .text.PIOA_Handler
                0x000809d0       0x14 src/ASF/sam/drivers/pio/pio_handler.o
                0x000809d0                PIOA_Handler
 .text.PIOB_Handler
                0x000809e4       0x14 src/ASF/sam/drivers/pio/pio_handler.o
                0x000809e4                PIOB_Handler
 .text.PIOC_Handler
                0x000809f8       0x14 src/ASF/sam/drivers/pio/pio_handler.o
                0x000809f8                PIOC_Handler
 .text.PIOD_Handler
                0x00080a0c       0x14 src/ASF/sam/drivers/pio/pio_handler.o
                0x00080a0c                PIOD_Handler
 .text.pmc_switch_mck_to_pllack
                0x00080a20       0x64 src/ASF/sam/drivers/pmc/pmc.o
                0x00080a20                pmc_switch_mck_to_pllack
 .text.pmc_switch_mainck_to_xtal
                0x00080a84       0x54 src/ASF/sam/drivers/pmc/pmc.o
                0x00080a84                pmc_switch_mainck_to_xtal
 .text.pmc_osc_is_ready_mainck
                0x00080ad8       0x10 src/ASF/sam/drivers/pmc/pmc.o
                0x00080ad8                pmc_osc_is_ready_mainck
 .text.pmc_disable_pllack
                0x00080ae8       0x10 src/ASF/sam/drivers/pmc/pmc.o
                0x00080ae8                pmc_disable_pllack
 .text.pmc_is_locked_pllack
                0x00080af8       0x10 src/ASF/sam/drivers/pmc/pmc.o
                0x00080af8                pmc_is_locked_pllack
 .text.pmc_enable_periph_clk
                0x00080b08       0x54 src/ASF/sam/drivers/pmc/pmc.o
                0x00080b08                pmc_enable_periph_clk
 .text.Dummy_Handler
                0x00080b5c        0x2 src/ASF/sam/utils/cmsis/sam3x/source/templates/exceptions.o
                0x00080b5c                DACC_Handler
                0x00080b5c                DebugMon_Handler
                0x00080b5c                DMAC_Handler
                0x00080b5c                TRNG_Handler
                0x00080b5c                HardFault_Handler
                0x00080b5c                TC2_Handler
                0x00080b5c                SysTick_Handler
                0x00080b5c                USART3_Handler
                0x00080b5c                TWI1_Handler
                0x00080b5c                PendSV_Handler
                0x00080b5c                NMI_Handler
                0x00080b5c                TC7_Handler
                0x00080b5c                ADC_Handler
                0x00080b5c                SMC_Handler
                0x00080b5c                RTT_Handler
                0x00080b5c                EFC1_Handler
                0x00080b5c                RTC_Handler
                0x00080b5c                UsageFault_Handler
                0x00080b5c                TC6_Handler
                0x00080b5c                WDT_Handler
                0x00080b5c                CAN0_Handler
                0x00080b5c                TC4_Handler
                0x00080b5c                TC1_Handler
                0x00080b5c                HSMCI_Handler
                0x00080b5c                TC3_Handler
                0x00080b5c                Dummy_Handler
                0x00080b5c                TWI0_Handler
                0x00080b5c                USART1_Handler
                0x00080b5c                SSC_Handler
                0x00080b5c                EFC0_Handler
                0x00080b5c                PMC_Handler
                0x00080b5c                PWM_Handler
                0x00080b5c                CAN1_Handler
                0x00080b5c                MemManage_Handler
                0x00080b5c                SUPC_Handler
                0x00080b5c                SVC_Handler
                0x00080b5c                TC8_Handler
                0x00080b5c                USART2_Handler
                0x00080b5c                EMAC_Handler
                0x00080b5c                UART_Handler
                0x00080b5c                BusFault_Handler
                0x00080b5c                RSTC_Handler
                0x00080b5c                TC0_Handler
                0x00080b5c                TC5_Handler
                0x00080b5c                UOTGHS_Handler
                0x00080b5c                SPI0_Handler
 *fill*         0x00080b5e        0x2 
 .text.Reset_Handler
                0x00080b60       0x98 src/ASF/sam/utils/cmsis/sam3x/source/templates/gcc/startup_sam3x.o
                0x00080b60                Reset_Handler
 .text.SystemCoreClockUpdate
                0x00080bf8      0x118 src/ASF/sam/utils/cmsis/sam3x/source/templates/system_sam3x.o
                0x00080bf8                SystemCoreClockUpdate
 .text._sbrk    0x00080d10       0x38 src/ASF/sam/utils/syscalls/gcc/syscalls.o
                0x00080d10                _sbrk
 .text._close   0x00080d48        0x6 src/ASF/sam/utils/syscalls/gcc/syscalls.o
                0x00080d48                _close
 .text._fstat   0x00080d4e        0xa src/ASF/sam/utils/syscalls/gcc/syscalls.o
                0x00080d4e                _fstat
 .text._isatty  0x00080d58        0x4 src/ASF/sam/utils/syscalls/gcc/syscalls.o
                0x00080d58                _isatty
 .text._lseek   0x00080d5c        0x4 src/ASF/sam/utils/syscalls/gcc/syscalls.o
                0x00080d5c                _lseek
 .text.__libc_init_array
                0x00080d60       0x50 c:/program files (x86)/atmel/studio/7.0/toolchain/arm/arm-gnu-toolchain/bin/../lib/gcc/arm-none-eabi/6.3.1/../../../../arm-none-eabi/lib/thumb/v7-m\libc.a(lib_a-init.o)
                0x00080d60                __libc_init_array
 .text.iprintf  0x00080db0       0x28 c:/program files (x86)/atmel/studio/7.0/toolchain/arm/arm-gnu-toolchain/bin/../lib/gcc/arm-none-eabi/6.3.1/../../../../arm-none-eabi/lib/thumb/v7-m\libc.a(lib_a-iprintf.o)
                0x00080db0                iprintf
 .text.memset   0x00080dd8       0x9c c:/program files (x86)/atmel/studio/7.0/toolchain/arm/arm-gnu-toolchain/bin/../lib/gcc/arm-none-eabi/6.3.1/../../../../arm-none-eabi/lib/thumb/v7-m\libc.a(lib_a-memset.o)
                0x00080dd8                memset
 .text.setbuf   0x00080e74       0x10 c:/program files (x86)/atmel/studio/7.0/toolchain/arm/arm-gnu-toolchain/bin/../lib/gcc/arm-none-eabi/6.3.1/../../../../arm-none-eabi/lib/thumb/v7-m\libc.a(lib_a-setbuf.o)
                0x00080e74                setbuf
 .text.setvbuf  0x00080e84      0x190 c:/program files (x86)/atmel/studio/7.0/toolchain/arm/arm-gnu-toolchain/bin/../lib/gcc/arm-none-eabi/6.3.1/../../../../arm-none-eabi/lib/thumb/v7-m\libc.a(lib_a-setvbuf.o)
                0x00080e84                setvbuf
 .text.__sprint_r.part.0
                0x00081014       0x80 c:/program files (x86)/atmel/studio/7.0/toolchain/arm/arm-gnu-toolchain/bin/../lib/gcc/arm-none-eabi/6.3.1/../../../../arm-none-eabi/lib/thumb/v7-m\libc.a(lib_a-vfiprintf.o)
 .text._vfiprintf_r
                0x00081094      0xc88 c:/program files (x86)/atmel/studio/7.0/toolchain/arm/arm-gnu-toolchain/bin/../lib/gcc/arm-none-eabi/6.3.1/../../../../arm-none-eabi/lib/thumb/v7-m\libc.a(lib_a-vfiprintf.o)
                0x00081094                _vfiprintf_r
 .text.__sbprintf
                0x00081d1c       0x88 c:/program files (x86)/atmel/studio/7.0/toolchain/arm/arm-gnu-toolchain/bin/../lib/gcc/arm-none-eabi/6.3.1/../../../../arm-none-eabi/lib/thumb/v7-m\libc.a(lib_a-vfiprintf.o)
 .text.__swbuf_r
                0x00081da4       0xb0 c:/program files (x86)/atmel/studio/7.0/toolchain/arm/arm-gnu-toolchain/bin/../lib/gcc/arm-none-eabi/6.3.1/../../../../arm-none-eabi/lib/thumb/v7-m\libc.a(lib_a-wbuf.o)
                0x00081da4                __swbuf_r
 .text.__swsetup_r
                0x00081e54       0xc8 c:/program files (x86)/atmel/studio/7.0/toolchain/arm/arm-gnu-toolchain/bin/../lib/gcc/arm-none-eabi/6.3.1/../../../../arm-none-eabi/lib/thumb/v7-m\libc.a(lib_a-wsetup.o)
                0x00081e54                __swsetup_r
 .text.startup.register_fini
                0x00081f1c       0x14 c:/program files (x86)/atmel/studio/7.0/toolchain/arm/arm-gnu-toolchain/bin/../lib/gcc/arm-none-eabi/6.3.1/../../../../arm-none-eabi/lib/thumb/v7-m\libc.a(lib_a-__call_atexit.o)
 .text.atexit   0x00081f30        0xc c:/program files (x86)/atmel/studio/7.0/toolchain/arm/arm-gnu-toolchain/bin/../lib/gcc/arm-none-eabi/6.3.1/../../../../arm-none-eabi/lib/thumb/v7-m\libc.a(lib_a-atexit.o)
                0x00081f30                atexit
 .text.__sflush_r
                0x00081f3c      0x138 c:/program files (x86)/atmel/studio/7.0/toolchain/arm/arm-gnu-toolchain/bin/../lib/gcc/arm-none-eabi/6.3.1/../../../../arm-none-eabi/lib/thumb/v7-m\libc.a(lib_a-fflush.o)
                0x00081f3c                __sflush_r
 .text._fflush_r
                0x00082074       0x54 c:/program files (x86)/atmel/studio/7.0/toolchain/arm/arm-gnu-toolchain/bin/../lib/gcc/arm-none-eabi/6.3.1/../../../../arm-none-eabi/lib/thumb/v7-m\libc.a(lib_a-fflush.o)
                0x00082074                _fflush_r
 .text._cleanup_r
                0x000820c8        0xc c:/program files (x86)/atmel/studio/7.0/toolchain/arm/arm-gnu-toolchain/bin/../lib/gcc/arm-none-eabi/6.3.1/../../../../arm-none-eabi/lib/thumb/v7-m\libc.a(lib_a-findfp.o)
                0x000820c8                _cleanup_r
 .text.std.isra.0
                0x000820d4       0x50 c:/program files (x86)/atmel/studio/7.0/toolchain/arm/arm-gnu-toolchain/bin/../lib/gcc/arm-none-eabi/6.3.1/../../../../arm-none-eabi/lib/thumb/v7-m\libc.a(lib_a-findfp.o)
 .text.__sinit  0x00082124       0x60 c:/program files (x86)/atmel/studio/7.0/toolchain/arm/arm-gnu-toolchain/bin/../lib/gcc/arm-none-eabi/6.3.1/../../../../arm-none-eabi/lib/thumb/v7-m\libc.a(lib_a-findfp.o)
                0x00082124                __sinit
 .text.__sfp_lock_acquire
                0x00082184        0xc c:/program files (x86)/atmel/studio/7.0/toolchain/arm/arm-gnu-toolchain/bin/../lib/gcc/arm-none-eabi/6.3.1/../../../../arm-none-eabi/lib/thumb/v7-m\libc.a(lib_a-findfp.o)
                0x00082184                __sfp_lock_acquire
 .text.__sfp_lock_release
                0x00082190        0xc c:/program files (x86)/atmel/studio/7.0/toolchain/arm/arm-gnu-toolchain/bin/../lib/gcc/arm-none-eabi/6.3.1/../../../../arm-none-eabi/lib/thumb/v7-m\libc.a(lib_a-findfp.o)
                0x00082190                __sfp_lock_release
 .text.__libc_fini_array
                0x0008219c       0x34 c:/program files (x86)/atmel/studio/7.0/toolchain/arm/arm-gnu-toolchain/bin/../lib/gcc/arm-none-eabi/6.3.1/../../../../arm-none-eabi/lib/thumb/v7-m\libc.a(lib_a-fini.o)
                0x0008219c                __libc_fini_array
 .text.__fputwc
                0x000821d0       0x98 c:/program files (x86)/atmel/studio/7.0/toolchain/arm/arm-gnu-toolchain/bin/../lib/gcc/arm-none-eabi/6.3.1/../../../../arm-none-eabi/lib/thumb/v7-m\libc.a(lib_a-fputwc.o)
                0x000821d0                __fputwc
 .text._fputwc_r
                0x00082268       0x68 c:/program files (x86)/atmel/studio/7.0/toolchain/arm/arm-gnu-toolchain/bin/../lib/gcc/arm-none-eabi/6.3.1/../../../../arm-none-eabi/lib/thumb/v7-m\libc.a(lib_a-fputwc.o)
                0x00082268                _fputwc_r
 .text._malloc_trim_r
                0x000822d0       0xa0 c:/program files (x86)/atmel/studio/7.0/toolchain/arm/arm-gnu-toolchain/bin/../lib/gcc/arm-none-eabi/6.3.1/../../../../arm-none-eabi/lib/thumb/v7-m\libc.a(lib_a-freer.o)
                0x000822d0                _malloc_trim_r
 .text._free_r  0x00082370      0x1cc c:/program files (x86)/atmel/studio/7.0/toolchain/arm/arm-gnu-toolchain/bin/../lib/gcc/arm-none-eabi/6.3.1/../../../../arm-none-eabi/lib/thumb/v7-m\libc.a(lib_a-freer.o)
                0x00082370                _free_r
 .text.__sfvwrite_r
                0x0008253c      0x2f4 c:/program files (x86)/atmel/studio/7.0/toolchain/arm/arm-gnu-toolchain/bin/../lib/gcc/arm-none-eabi/6.3.1/../../../../arm-none-eabi/lib/thumb/v7-m\libc.a(lib_a-fvwrite.o)
                0x0008253c                __sfvwrite_r
 .text._fwalk_reent
                0x00082830       0x50 c:/program files (x86)/atmel/studio/7.0/toolchain/arm/arm-gnu-toolchain/bin/../lib/gcc/arm-none-eabi/6.3.1/../../../../arm-none-eabi/lib/thumb/v7-m\libc.a(lib_a-fwalk.o)
                0x00082830                _fwalk_reent
 .text.__locale_mb_cur_max
                0x00082880       0x1c c:/program files (x86)/atmel/studio/7.0/toolchain/arm/arm-gnu-toolchain/bin/../lib/gcc/arm-none-eabi/6.3.1/../../../../arm-none-eabi/lib/thumb/v7-m\libc.a(lib_a-locale.o)
                0x00082880                __locale_mb_cur_max
 .text.__retarget_lock_init_recursive
                0x0008289c        0x4 c:/program files (x86)/atmel/studio/7.0/toolchain/arm/arm-gnu-toolchain/bin/../lib/gcc/arm-none-eabi/6.3.1/../../../../arm-none-eabi/lib/thumb/v7-m\libc.a(lib_a-lock.o)
                0x0008289c                __retarget_lock_init_recursive
 .text.__retarget_lock_close_recursive
                0x000828a0        0x4 c:/program files (x86)/atmel/studio/7.0/toolchain/arm/arm-gnu-toolchain/bin/../lib/gcc/arm-none-eabi/6.3.1/../../../../arm-none-eabi/lib/thumb/v7-m\libc.a(lib_a-lock.o)
                0x000828a0                __retarget_lock_close_recursive
 .text.__retarget_lock_acquire_recursive
                0x000828a4        0x4 c:/program files (x86)/atmel/studio/7.0/toolchain/arm/arm-gnu-toolchain/bin/../lib/gcc/arm-none-eabi/6.3.1/../../../../arm-none-eabi/lib/thumb/v7-m\libc.a(lib_a-lock.o)
                0x000828a4                __retarget_lock_acquire_recursive
 .text.__retarget_lock_release_recursive
                0x000828a8        0x4 c:/program files (x86)/atmel/studio/7.0/toolchain/arm/arm-gnu-toolchain/bin/../lib/gcc/arm-none-eabi/6.3.1/../../../../arm-none-eabi/lib/thumb/v7-m\libc.a(lib_a-lock.o)
                0x000828a8                __retarget_lock_release_recursive
 .text.__swhatbuf_r
                0x000828ac       0x5c c:/program files (x86)/atmel/studio/7.0/toolchain/arm/arm-gnu-toolchain/bin/../lib/gcc/arm-none-eabi/6.3.1/../../../../arm-none-eabi/lib/thumb/v7-m\libc.a(lib_a-makebuf.o)
                0x000828ac                __swhatbuf_r
 .text.__smakebuf_r
                0x00082908       0x94 c:/program files (x86)/atmel/studio/7.0/toolchain/arm/arm-gnu-toolchain/bin/../lib/gcc/arm-none-eabi/6.3.1/../../../../arm-none-eabi/lib/thumb/v7-m\libc.a(lib_a-makebuf.o)
                0x00082908                __smakebuf_r
 .text.malloc   0x0008299c       0x10 c:/program files (x86)/atmel/studio/7.0/toolchain/arm/arm-gnu-toolchain/bin/../lib/gcc/arm-none-eabi/6.3.1/../../../../arm-none-eabi/lib/thumb/v7-m\libc.a(lib_a-malloc.o)
                0x0008299c                malloc
 .text._malloc_r
                0x000829ac      0x544 c:/program files (x86)/atmel/studio/7.0/toolchain/arm/arm-gnu-toolchain/bin/../lib/gcc/arm-none-eabi/6.3.1/../../../../arm-none-eabi/lib/thumb/v7-m\libc.a(lib_a-mallocr.o)
                0x000829ac                _malloc_r
 .text.__ascii_mbtowc
                0x00082ef0       0x2c c:/program files (x86)/atmel/studio/7.0/toolchain/arm/arm-gnu-toolchain/bin/../lib/gcc/arm-none-eabi/6.3.1/../../../../arm-none-eabi/lib/thumb/v7-m\libc.a(lib_a-mbtowc_r.o)
                0x00082ef0                __ascii_mbtowc
 .text.memchr   0x00082f1c       0x8c c:/program files (x86)/atmel/studio/7.0/toolchain/arm/arm-gnu-toolchain/bin/../lib/gcc/arm-none-eabi/6.3.1/../../../../arm-none-eabi/lib/thumb/v7-m\libc.a(lib_a-memchr-stub.o)
                0x00082f1c                memchr
 .text          0x00082fa8       0xec c:/program files (x86)/atmel/studio/7.0/toolchain/arm/arm-gnu-toolchain/bin/../lib/gcc/arm-none-eabi/6.3.1/../../../../arm-none-eabi/lib/thumb/v7-m\libc.a(lib_a-memcpy.o)
                0x00082fa8                memcpy
 .text.memmove  0x00083094       0xc8 c:/program files (x86)/atmel/studio/7.0/toolchain/arm/arm-gnu-toolchain/bin/../lib/gcc/arm-none-eabi/6.3.1/../../../../arm-none-eabi/lib/thumb/v7-m\libc.a(lib_a-memmove.o)
                0x00083094                memmove
 .text.__malloc_lock
                0x0008315c        0xc c:/program files (x86)/atmel/studio/7.0/toolchain/arm/arm-gnu-toolchain/bin/../lib/gcc/arm-none-eabi/6.3.1/../../../../arm-none-eabi/lib/thumb/v7-m\libc.a(lib_a-mlock.o)
                0x0008315c                __malloc_lock
 .text.__malloc_unlock
                0x00083168        0xc c:/program files (x86)/atmel/studio/7.0/toolchain/arm/arm-gnu-toolchain/bin/../lib/gcc/arm-none-eabi/6.3.1/../../../../arm-none-eabi/lib/thumb/v7-m\libc.a(lib_a-mlock.o)
                0x00083168                __malloc_unlock
 .text._realloc_r
                0x00083174      0x36c c:/program files (x86)/atmel/studio/7.0/toolchain/arm/arm-gnu-toolchain/bin/../lib/gcc/arm-none-eabi/6.3.1/../../../../arm-none-eabi/lib/thumb/v7-m\libc.a(lib_a-reallocr.o)
                0x00083174                _realloc_r
 .text._sbrk_r  0x000834e0       0x24 c:/program files (x86)/atmel/studio/7.0/toolchain/arm/arm-gnu-toolchain/bin/../lib/gcc/arm-none-eabi/6.3.1/../../../../arm-none-eabi/lib/thumb/v7-m\libc.a(lib_a-sbrkr.o)
                0x000834e0                _sbrk_r
 .text.__sread  0x00083504       0x24 c:/program files (x86)/atmel/studio/7.0/toolchain/arm/arm-gnu-toolchain/bin/../lib/gcc/arm-none-eabi/6.3.1/../../../../arm-none-eabi/lib/thumb/v7-m\libc.a(lib_a-stdio.o)
                0x00083504                __sread
 .text.__swrite
                0x00083528       0x3c c:/program files (x86)/atmel/studio/7.0/toolchain/arm/arm-gnu-toolchain/bin/../lib/gcc/arm-none-eabi/6.3.1/../../../../arm-none-eabi/lib/thumb/v7-m\libc.a(lib_a-stdio.o)
                0x00083528                __swrite
 .text.__sseek  0x00083564       0x20 c:/program files (x86)/atmel/studio/7.0/toolchain/arm/arm-gnu-toolchain/bin/../lib/gcc/arm-none-eabi/6.3.1/../../../../arm-none-eabi/lib/thumb/v7-m\libc.a(lib_a-stdio.o)
                0x00083564                __sseek
 .text.__sclose
                0x00083584        0x8 c:/program files (x86)/atmel/studio/7.0/toolchain/arm/arm-gnu-toolchain/bin/../lib/gcc/arm-none-eabi/6.3.1/../../../../arm-none-eabi/lib/thumb/v7-m\libc.a(lib_a-stdio.o)
                0x00083584                __sclose
 .text.strlen   0x0008358c       0x5c c:/program files (x86)/atmel/studio/7.0/toolchain/arm/arm-gnu-toolchain/bin/../lib/gcc/arm-none-eabi/6.3.1/../../../../arm-none-eabi/lib/thumb/v7-m\libc.a(lib_a-strlen-stub.o)
                0x0008358c                strlen
 .text._wcrtomb_r
                0x000835e8       0x54 c:/program files (x86)/atmel/studio/7.0/toolchain/arm/arm-gnu-toolchain/bin/../lib/gcc/arm-none-eabi/6.3.1/../../../../arm-none-eabi/lib/thumb/v7-m\libc.a(lib_a-wcrtomb.o)
                0x000835e8                _wcrtomb_r
 .text.__ascii_wctomb
                0x0008363c       0x18 c:/program files (x86)/atmel/studio/7.0/toolchain/arm/arm-gnu-toolchain/bin/../lib/gcc/arm-none-eabi/6.3.1/../../../../arm-none-eabi/lib/thumb/v7-m\libc.a(lib_a-wctomb_r.o)
                0x0008363c                __ascii_wctomb
 .text._write_r
                0x00083654       0x2c c:/program files (x86)/atmel/studio/7.0/toolchain/arm/arm-gnu-toolchain/bin/../lib/gcc/arm-none-eabi/6.3.1/../../../../arm-none-eabi/lib/thumb/v7-m\libc.a(lib_a-writer.o)
                0x00083654                _write_r
 .text.__register_exitproc
                0x00083680       0xc4 c:/program files (x86)/atmel/studio/7.0/toolchain/arm/arm-gnu-toolchain/bin/../lib/gcc/arm-none-eabi/6.3.1/../../../../arm-none-eabi/lib/thumb/v7-m\libc.a(lib_a-__atexit.o)
                0x00083680                __register_exitproc
 .text._close_r
                0x00083744       0x24 c:/program files (x86)/atmel/studio/7.0/toolchain/arm/arm-gnu-toolchain/bin/../lib/gcc/arm-none-eabi/6.3.1/../../../../arm-none-eabi/lib/thumb/v7-m\libc.a(lib_a-closer.o)
                0x00083744                _close_r
 .text._fclose_r
                0x00083768       0xc4 c:/program files (x86)/atmel/studio/7.0/toolchain/arm/arm-gnu-toolchain/bin/../lib/gcc/arm-none-eabi/6.3.1/../../../../arm-none-eabi/lib/thumb/v7-m\libc.a(lib_a-fclose.o)
                0x00083768                _fclose_r
 .text._fstat_r
                0x0008382c       0x28 c:/program files (x86)/atmel/studio/7.0/toolchain/arm/arm-gnu-toolchain/bin/../lib/gcc/arm-none-eabi/6.3.1/../../../../arm-none-eabi/lib/thumb/v7-m\libc.a(lib_a-fstatr.o)
                0x0008382c                _fstat_r
 .text._isatty_r
                0x00083854       0x24 c:/program files (x86)/atmel/studio/7.0/toolchain/arm/arm-gnu-toolchain/bin/../lib/gcc/arm-none-eabi/6.3.1/../../../../arm-none-eabi/lib/thumb/v7-m\libc.a(lib_a-isattyr.o)
                0x00083854                _isatty_r
 .text._lseek_r
                0x00083878       0x2c c:/program files (x86)/atmel/studio/7.0/toolchain/arm/arm-gnu-toolchain/bin/../lib/gcc/arm-none-eabi/6.3.1/../../../../arm-none-eabi/lib/thumb/v7-m\libc.a(lib_a-lseekr.o)
                0x00083878                _lseek_r
 .text._read_r  0x000838a4       0x2c c:/program files (x86)/atmel/studio/7.0/toolchain/arm/arm-gnu-toolchain/bin/../lib/gcc/arm-none-eabi/6.3.1/../../../../arm-none-eabi/lib/thumb/v7-m\libc.a(lib_a-readr.o)
                0x000838a4                _read_r
 .text          0x000838d0       0x30 c:/program files (x86)/atmel/studio/7.0/toolchain/arm/arm-gnu-toolchain/bin/../lib/gcc/arm-none-eabi/6.3.1/thumb/v7-m\libgcc.a(_aeabi_uldivmod.o)
                0x000838d0                __aeabi_uldivmod
 .text          0x00083900      0x2dc c:/program files (x86)/atmel/studio/7.0/toolchain/arm/arm-gnu-toolchain/bin/../lib/gcc/arm-none-eabi/6.3.1/thumb/v7-m\libgcc.a(_udivmoddi4.o)
                0x00083900                __udivmoddi4
 .text          0x00083bdc        0x4 c:/program files (x86)/atmel/studio/7.0/toolchain/arm/arm-gnu-toolchain/bin/../lib/gcc/arm-none-eabi/6.3.1/thumb/v7-m\libgcc.a(_dvmd_tls.o)
                0x00083bdc                __aeabi_idiv0
                0x00083bdc                __aeabi_ldiv0
 *(.glue_7t)
 .glue_7t       0x00083be0        0x0 linker stubs
 *(.glue_7)
 .glue_7        0x00083be0        0x0 linker stubs
 *(.rodata .rodata* .gnu.linkonce.r.*)
 .rodata.digitalWrite.str1.4
                0x00083be0        0xd src/digitalIO.o
 *fill*         0x00083bed        0x3 
 .rodata.main.str1.4
                0x00083bf0       0x1f test/main.o
 *fill*         0x00083c0f        0x1 
 .rodata._global_impure_ptr
                0x00083c10        0x4 c:/program files (x86)/atmel/studio/7.0/toolchain/arm/arm-gnu-toolchain/bin/../lib/gcc/arm-none-eabi/6.3.1/../../../../arm-none-eabi/lib/thumb/v7-m\libc.a(lib_a-impure.o)
                0x00083c10                _global_impure_ptr
 .rodata._vfiprintf_r.str1.4
                0x00083c14       0x2f c:/program files (x86)/atmel/studio/7.0/toolchain/arm/arm-gnu-toolchain/bin/../lib/gcc/arm-none-eabi/6.3.1/../../../../arm-none-eabi/lib/thumb/v7-m\libc.a(lib_a-vfiprintf.o)
 *fill*         0x00083c43        0x1 
 .rodata.blanks.7217
                0x00083c44       0x10 c:/program files (x86)/atmel/studio/7.0/toolchain/arm/arm-gnu-toolchain/bin/../lib/gcc/arm-none-eabi/6.3.1/../../../../arm-none-eabi/lib/thumb/v7-m\libc.a(lib_a-vfiprintf.o)
 .rodata.zeroes.7218
                0x00083c54       0x10 c:/program files (x86)/atmel/studio/7.0/toolchain/arm/arm-gnu-toolchain/bin/../lib/gcc/arm-none-eabi/6.3.1/../../../../arm-none-eabi/lib/thumb/v7-m\libc.a(lib_a-vfiprintf.o)
 .rodata._setlocale_r.str1.4
                0x00083c64        0xa c:/program files (x86)/atmel/studio/7.0/toolchain/arm/arm-gnu-toolchain/bin/../lib/gcc/arm-none-eabi/6.3.1/../../../../arm-none-eabi/lib/thumb/v7-m\libc.a(lib_a-locale.o)
                                  0xd (size before relaxing)
 *fill*         0x00083c6e        0x2 
 .rodata.str1.4
                0x00083c70        0x4 c:/program files (x86)/atmel/studio/7.0/toolchain/arm/arm-gnu-toolchain/bin/../lib/gcc/arm-none-eabi/6.3.1/../../../../arm-none-eabi/lib/thumb/v7-m\libc.a(lib_a-locale.o)
                                  0x2 (size before relaxing)
 .rodata._ctype_
                0x00083c74      0x101 c:/program files (x86)/atmel/studio/7.0/toolchain/arm/arm-gnu-toolchain/bin/../lib/gcc/arm-none-eabi/6.3.1/../../../../arm-none-eabi/lib/thumb/v7-m\libc.a(lib_a-ctype_.o)
                0x00083c74                _ctype_
 *(.ARM.extab* .gnu.linkonce.armextab.*)
                0x00083d78                . = ALIGN (0x4)
 *fill*         0x00083d75        0x3 
 *(.init)
 .init          0x00083d78        0x4 c:/program files (x86)/atmel/studio/7.0/toolchain/arm/arm-gnu-toolchain/bin/../lib/gcc/arm-none-eabi/6.3.1/thumb/v7-m/crti.o
                0x00083d78                _init
 .init          0x00083d7c        0x8 c:/program files (x86)/atmel/studio/7.0/toolchain/arm/arm-gnu-toolchain/bin/../lib/gcc/arm-none-eabi/6.3.1/thumb/v7-m/crtn.o
                0x00083d84                . = ALIGN (0x4)
                0x00083d84                __preinit_array_start = .
 *(.preinit_array)
                0x00083d84                __preinit_array_end = .
                0x00083d84                . = ALIGN (0x4)
                0x00083d84                __init_array_start = .
 *(SORT(.init_array.*))
 .init_array.00000
                0x00083d84        0x4 c:/program files (x86)/atmel/studio/7.0/toolchain/arm/arm-gnu-toolchain/bin/../lib/gcc/arm-none-eabi/6.3.1/../../../../arm-none-eabi/lib/thumb/v7-m\libc.a(lib_a-__call_atexit.o)
 *(.init_array)
 .init_array    0x00083d88        0x4 c:/program files (x86)/atmel/studio/7.0/toolchain/arm/arm-gnu-toolchain/bin/../lib/gcc/arm-none-eabi/6.3.1/thumb/v7-m/crtbegin.o
                0x00083d8c                __init_array_end = .
                0x00083d8c                . = ALIGN (0x4)
 *crtbegin.o(.ctors)
 *(EXCLUDE_FILE(*crtend.o) .ctors)
 *(SORT(.ctors.*))
 *crtend.o(.ctors)
                0x00083d8c                . = ALIGN (0x4)
 *(.fini)
 .fini          0x00083d8c        0x4 c:/program files (x86)/atmel/studio/7.0/toolchain/arm/arm-gnu-toolchain/bin/../lib/gcc/arm-none-eabi/6.3.1/thumb/v7-m/crti.o
                0x00083d8c                _fini
 .fini          0x00083d90        0x8 c:/program files (x86)/atmel/studio/7.0/toolchain/arm/arm-gnu-toolchain/bin/../lib/gcc/arm-none-eabi/6.3.1/thumb/v7-m/crtn.o
                0x00083d98                . = ALIGN (0x4)
                0x00083d98                __fini_array_start = .
 *(.fini_array)
 .fini_array    0x00083d98        0x4 c:/program files (x86)/atmel/studio/7.0/toolchain/arm/arm-gnu-toolchain/bin/../lib/gcc/arm-none-eabi/6.3.1/thumb/v7-m/crtbegin.o
 *(SORT(.fini_array.*))
                0x00083d9c                __fini_array_end = .
 *crtbegin.o(.dtors)
 *(EXCLUDE_FILE(*crtend.o) .dtors)
 *(SORT(.dtors.*))
 *crtend.o(.dtors)
                0x00083d9c                . = ALIGN (0x4)
                0x00083d9c                _efixed = .
                [!provide]                PROVIDE (__exidx_start, .)

.vfp11_veneer   0x00083d9c        0x0
 .vfp11_veneer  0x00083d9c        0x0 linker stubs

.v4_bx          0x00083d9c        0x0
 .v4_bx         0x00083d9c        0x0 linker stubs

.iplt           0x00083d9c        0x0
 .iplt          0x00083d9c        0x0 c:/program files (x86)/atmel/studio/7.0/toolchain/arm/arm-gnu-toolchain/bin/../lib/gcc/arm-none-eabi/6.3.1/thumb/v7-m/crtbegin.o

.ARM.exidx      0x00083d9c        0x8
 *(.ARM.exidx* .gnu.linkonce.armexidx.*)
 .ARM.exidx     0x00083d9c        0x8 c:/program files (x86)/atmel/studio/7.0/toolchain/arm/arm-gnu-toolchain/bin/../lib/gcc/arm-none-eabi/6.3.1/thumb/v7-m\libgcc.a(_udivmoddi4.o)
                [!provide]                PROVIDE (__exidx_end, .)

.eh_frame       0x00083da4        0x0
 .eh_frame      0x00083da4        0x0 c:/program files (x86)/atmel/studio/7.0/toolchain/arm/arm-gnu-toolchain/bin/../lib/gcc/arm-none-eabi/6.3.1/thumb/v7-m/crtbegin.o

.rel.dyn        0x00083da4        0x0
 .rel.iplt      0x00083da4        0x0 c:/program files (x86)/atmel/studio/7.0/toolchain/arm/arm-gnu-toolchain/bin/../lib/gcc/arm-none-eabi/6.3.1/thumb/v7-m/crtbegin.o

.jcr            0x00083da4        0x0
 .jcr           0x00083da4        0x0 c:/program files (x86)/atmel/studio/7.0/toolchain/arm/arm-gnu-toolchain/bin/../lib/gcc/arm-none-eabi/6.3.1/thumb/v7-m/crtbegin.o

.igot.plt       0x00083da4        0x0
 .igot.plt      0x00083da4        0x0 c:/program files (x86)/atmel/studio/7.0/toolchain/arm/arm-gnu-toolchain/bin/../lib/gcc/arm-none-eabi/6.3.1/thumb/v7-m/crtbegin.o
                0x00083da4                . = ALIGN (0x4)
                0x00083da4                _etext = .

.relocate       0x20070000      0xae0 load address 0x00083da4
                0x20070000                . = ALIGN (0x4)
                0x20070000                _srelocate = .
 *(.ramfunc .ramfunc.*)
 .ramfunc       0x20070000      0x12c src/ASF/sam/utils/cmsis/sam3x/source/templates/system_sam3x.o
                0x20070000                SystemInit
                0x200700a4                system_init_flash
 *(.data .data.*)
 .data.g_interrupt_enabled
                0x2007012c        0x1 src/ASF/common/utils/interrupt/interrupt_sam_nvic.o
                0x2007012c                g_interrupt_enabled
 *fill*         0x2007012d        0x3 
 .data.SystemCoreClock
                0x20070130        0x4 src/ASF/sam/utils/cmsis/sam3x/source/templates/system_sam3x.o
                0x20070130                SystemCoreClock
 .data._impure_ptr
                0x20070134        0x4 c:/program files (x86)/atmel/studio/7.0/toolchain/arm/arm-gnu-toolchain/bin/../lib/gcc/arm-none-eabi/6.3.1/../../../../arm-none-eabi/lib/thumb/v7-m\libc.a(lib_a-impure.o)
                0x20070134                _impure_ptr
 .data.impure_data
                0x20070138      0x428 c:/program files (x86)/atmel/studio/7.0/toolchain/arm/arm-gnu-toolchain/bin/../lib/gcc/arm-none-eabi/6.3.1/../../../../arm-none-eabi/lib/thumb/v7-m\libc.a(lib_a-impure.o)
 .data.__atexit_recursive_mutex
                0x20070560        0x4 c:/program files (x86)/atmel/studio/7.0/toolchain/arm/arm-gnu-toolchain/bin/../lib/gcc/arm-none-eabi/6.3.1/../../../../arm-none-eabi/lib/thumb/v7-m\libc.a(lib_a-__call_atexit.o)
                0x20070560                __atexit_recursive_mutex
 .data.__global_locale
                0x20070564      0x16c c:/program files (x86)/atmel/studio/7.0/toolchain/arm/arm-gnu-toolchain/bin/../lib/gcc/arm-none-eabi/6.3.1/../../../../arm-none-eabi/lib/thumb/v7-m\libc.a(lib_a-locale.o)
                0x20070564                __global_locale
 .data.__malloc_av_
                0x200706d0      0x408 c:/program files (x86)/atmel/studio/7.0/toolchain/arm/arm-gnu-toolchain/bin/../lib/gcc/arm-none-eabi/6.3.1/../../../../arm-none-eabi/lib/thumb/v7-m\libc.a(lib_a-mallocr.o)
                0x200706d0                __malloc_av_
 .data.__malloc_sbrk_base
                0x20070ad8        0x4 c:/program files (x86)/atmel/studio/7.0/toolchain/arm/arm-gnu-toolchain/bin/../lib/gcc/arm-none-eabi/6.3.1/../../../../arm-none-eabi/lib/thumb/v7-m\libc.a(lib_a-mallocr.o)
                0x20070ad8                __malloc_sbrk_base
 .data.__malloc_trim_threshold
                0x20070adc        0x4 c:/program files (x86)/atmel/studio/7.0/toolchain/arm/arm-gnu-toolchain/bin/../lib/gcc/arm-none-eabi/6.3.1/../../../../arm-none-eabi/lib/thumb/v7-m\libc.a(lib_a-mallocr.o)
                0x20070adc                __malloc_trim_threshold
                0x20070ae0                . = ALIGN (0x4)
                0x20070ae0                _erelocate = .

.bss            0x20070ae0      0x198 load address 0x00084884
                0x20070ae0                . = ALIGN (0x4)
                0x20070ae0                _sbss = .
                0x20070ae0                _szero = .
 *(.bss .bss.*)
 .bss           0x20070ae0       0x1c c:/program files (x86)/atmel/studio/7.0/toolchain/arm/arm-gnu-toolchain/bin/../lib/gcc/arm-none-eabi/6.3.1/thumb/v7-m/crtbegin.o
 .bss.serial_rx_buf
                0x20070afc       0x9c src/ASF/thirdparty/wireless/addons/sio2host/uart/sio2host.o
 .bss.serial_rx_buf_tail
                0x20070b98        0x1 src/ASF/thirdparty/wireless/addons/sio2host/uart/sio2host.o
 *fill*         0x20070b99        0x3 
 .bss.gs_interrupt_sources
                0x20070b9c       0x70 src/ASF/sam/drivers/pio/pio_handler.o
 .bss.heap.5297
                0x20070c0c        0x4 src/ASF/sam/utils/syscalls/gcc/syscalls.o
 .bss.__malloc_current_mallinfo
                0x20070c10       0x28 c:/program files (x86)/atmel/studio/7.0/toolchain/arm/arm-gnu-toolchain/bin/../lib/gcc/arm-none-eabi/6.3.1/../../../../arm-none-eabi/lib/thumb/v7-m\libc.a(lib_a-mallocr.o)
                0x20070c10                __malloc_current_mallinfo
 .bss.__malloc_max_sbrked_mem
                0x20070c38        0x4 c:/program files (x86)/atmel/studio/7.0/toolchain/arm/arm-gnu-toolchain/bin/../lib/gcc/arm-none-eabi/6.3.1/../../../../arm-none-eabi/lib/thumb/v7-m\libc.a(lib_a-mallocr.o)
                0x20070c38                __malloc_max_sbrked_mem
 .bss.__malloc_max_total_mem
                0x20070c3c        0x4 c:/program files (x86)/atmel/studio/7.0/toolchain/arm/arm-gnu-toolchain/bin/../lib/gcc/arm-none-eabi/6.3.1/../../../../arm-none-eabi/lib/thumb/v7-m\libc.a(lib_a-mallocr.o)
                0x20070c3c                __malloc_max_total_mem
 .bss.__malloc_top_pad
                0x20070c40        0x4 c:/program files (x86)/atmel/studio/7.0/toolchain/arm/arm-gnu-toolchain/bin/../lib/gcc/arm-none-eabi/6.3.1/../../../../arm-none-eabi/lib/thumb/v7-m\libc.a(lib_a-mallocr.o)
                0x20070c40                __malloc_top_pad
 *(COMMON)
 COMMON         0x20070c44        0x4 src/ASF/common/utils/stdio/read.o
                0x20070c44                ptr_get
 COMMON         0x20070c48        0x8 src/ASF/common/utils/stdio/write.o
                0x20070c48                ptr_put
                0x20070c4c                stdio_base
 COMMON         0x20070c50       0x21 c:/program files (x86)/atmel/studio/7.0/toolchain/arm/arm-gnu-toolchain/bin/../lib/gcc/arm-none-eabi/6.3.1/../../../../arm-none-eabi/lib/thumb/v7-m\libc.a(lib_a-lock.o)
                0x20070c50                __lock___atexit_recursive_mutex
                0x20070c54                __lock___arc4random_mutex
                0x20070c58                __lock___env_recursive_mutex
                0x20070c5c                __lock___sinit_recursive_mutex
                0x20070c60                __lock___malloc_recursive_mutex
                0x20070c64                __lock___at_quick_exit_mutex
                0x20070c68                __lock___dd_hash_mutex
                0x20070c6c                __lock___tz_mutex
                0x20070c70                __lock___sfp_recursive_mutex
 *fill*         0x20070c71        0x3 
 COMMON         0x20070c74        0x4 c:/program files (x86)/atmel/studio/7.0/toolchain/arm/arm-gnu-toolchain/bin/../lib/gcc/arm-none-eabi/6.3.1/../../../../arm-none-eabi/lib/thumb/v7-m\libc.a(lib_a-reent.o)
                0x20070c74                errno
                0x20070c78                . = ALIGN (0x4)
                0x20070c78                _ebss = .
                0x20070c78                _ezero = .

.stack          0x20070c78     0x2000 load address 0x00084a1c
                0x20070c78                . = ALIGN (0x8)
                0x20070c78                _sstack = .
                0x20072c78                . = (. + __stack_size__)
 *fill*         0x20070c78     0x2000 
                0x20072c78                . = ALIGN (0x8)
                0x20072c78                _estack = .
                0x20072c78                . = ALIGN (0x4)
                0x20072c78                _end = .
OUTPUT(ProjectDigitalIO.elf elf32-littlearm)

.ARM.attributes
                0x00000000       0x29
 .ARM.attributes
                0x00000000       0x1d c:/program files (x86)/atmel/studio/7.0/toolchain/arm/arm-gnu-toolchain/bin/../lib/gcc/arm-none-eabi/6.3.1/thumb/v7-m/crti.o
 .ARM.attributes
                0x0000001d       0x2d c:/program files (x86)/atmel/studio/7.0/toolchain/arm/arm-gnu-toolchain/bin/../lib/gcc/arm-none-eabi/6.3.1/thumb/v7-m/crtbegin.o
 .ARM.attributes
                0x0000004a       0x33 src/ASF/common/utils/stdio/read.o
 .ARM.attributes
                0x0000007d       0x33 src/ASF/sam/drivers/usart/usart.o
 .ARM.attributes
                0x000000b0       0x33 src/ASF/thirdparty/wireless/addons/sio2host/uart/sio2host.o
 .ARM.attributes
                0x000000e3       0x33 src/digitalIO.o
 .ARM.attributes
                0x00000116       0x33 src/ASF/common/utils/stdio/write.o
 .ARM.attributes
                0x00000149       0x33 src/ASF/common/services/serial/usart_serial.o
 .ARM.attributes
                0x0000017c       0x33 src/ASF/sam/drivers/uart/uart.o
 .ARM.attributes
                0x000001af       0x33 test/main.o
 .ARM.attributes
                0x000001e2       0x33 src/ASF/common/services/clock/sam3x/sysclk.o
 .ARM.attributes
                0x00000215       0x33 src/ASF/common/utils/interrupt/interrupt_sam_nvic.o
 .ARM.attributes
                0x00000248       0x33 src/ASF/sam/boards/arduino_due_x/init.o
 .ARM.attributes
                0x0000027b       0x33 src/ASF/sam/drivers/pio/pio.o
 .ARM.attributes
                0x000002ae       0x33 src/ASF/sam/drivers/pio/pio_handler.o
 .ARM.attributes
                0x000002e1       0x33 src/ASF/sam/drivers/pmc/pmc.o
 .ARM.attributes
                0x00000314       0x33 src/ASF/sam/utils/cmsis/sam3x/source/templates/exceptions.o
 .ARM.attributes
                0x00000347       0x33 src/ASF/sam/utils/cmsis/sam3x/source/templates/gcc/startup_sam3x.o
 .ARM.attributes
                0x0000037a       0x33 src/ASF/sam/utils/cmsis/sam3x/source/templates/system_sam3x.o
 .ARM.attributes
                0x000003ad       0x33 src/ASF/sam/utils/syscalls/gcc/syscalls.o
 .ARM.attributes
                0x000003e0       0x2d c:/program files (x86)/atmel/studio/7.0/toolchain/arm/arm-gnu-toolchain/bin/../lib/gcc/arm-none-eabi/6.3.1/../../../../arm-none-eabi/lib/thumb/v7-m\libc.a(lib_a-impure.o)
 .ARM.attributes
                0x0000040d       0x2d c:/program files (x86)/atmel/studio/7.0/toolchain/arm/arm-gnu-toolchain/bin/../lib/gcc/arm-none-eabi/6.3.1/../../../../arm-none-eabi/lib/thumb/v7-m\libc.a(lib_a-init.o)
 .ARM.attributes
                0x0000043a       0x2d c:/program files (x86)/atmel/studio/7.0/toolchain/arm/arm-gnu-toolchain/bin/../lib/gcc/arm-none-eabi/6.3.1/../../../../arm-none-eabi/lib/thumb/v7-m\libc.a(lib_a-iprintf.o)
 .ARM.attributes
                0x00000467       0x2d c:/program files (x86)/atmel/studio/7.0/toolchain/arm/arm-gnu-toolchain/bin/../lib/gcc/arm-none-eabi/6.3.1/../../../../arm-none-eabi/lib/thumb/v7-m\libc.a(lib_a-memset.o)
 .ARM.attributes
                0x00000494       0x2d c:/program files (x86)/atmel/studio/7.0/toolchain/arm/arm-gnu-toolchain/bin/../lib/gcc/arm-none-eabi/6.3.1/../../../../arm-none-eabi/lib/thumb/v7-m\libc.a(lib_a-setbuf.o)
 .ARM.attributes
                0x000004c1       0x2d c:/program files (x86)/atmel/studio/7.0/toolchain/arm/arm-gnu-toolchain/bin/../lib/gcc/arm-none-eabi/6.3.1/../../../../arm-none-eabi/lib/thumb/v7-m\libc.a(lib_a-setvbuf.o)
 .ARM.attributes
                0x000004ee       0x2d c:/program files (x86)/atmel/studio/7.0/toolchain/arm/arm-gnu-toolchain/bin/../lib/gcc/arm-none-eabi/6.3.1/../../../../arm-none-eabi/lib/thumb/v7-m\libc.a(lib_a-vfiprintf.o)
 .ARM.attributes
                0x0000051b       0x2d c:/program files (x86)/atmel/studio/7.0/toolchain/arm/arm-gnu-toolchain/bin/../lib/gcc/arm-none-eabi/6.3.1/../../../../arm-none-eabi/lib/thumb/v7-m\libc.a(lib_a-wbuf.o)
 .ARM.attributes
                0x00000548       0x2d c:/program files (x86)/atmel/studio/7.0/toolchain/arm/arm-gnu-toolchain/bin/../lib/gcc/arm-none-eabi/6.3.1/../../../../arm-none-eabi/lib/thumb/v7-m\libc.a(lib_a-wsetup.o)
 .ARM.attributes
                0x00000575       0x2d c:/program files (x86)/atmel/studio/7.0/toolchain/arm/arm-gnu-toolchain/bin/../lib/gcc/arm-none-eabi/6.3.1/../../../../arm-none-eabi/lib/thumb/v7-m\libc.a(lib_a-__call_atexit.o)
 .ARM.attributes
                0x000005a2       0x2d c:/program files (x86)/atmel/studio/7.0/toolchain/arm/arm-gnu-toolchain/bin/../lib/gcc/arm-none-eabi/6.3.1/../../../../arm-none-eabi/lib/thumb/v7-m\libc.a(lib_a-atexit.o)
 .ARM.attributes
                0x000005cf       0x2d c:/program files (x86)/atmel/studio/7.0/toolchain/arm/arm-gnu-toolchain/bin/../lib/gcc/arm-none-eabi/6.3.1/../../../../arm-none-eabi/lib/thumb/v7-m\libc.a(lib_a-fflush.o)
 .ARM.attributes
                0x000005fc       0x2d c:/program files (x86)/atmel/studio/7.0/toolchain/arm/arm-gnu-toolchain/bin/../lib/gcc/arm-none-eabi/6.3.1/../../../../arm-none-eabi/lib/thumb/v7-m\libc.a(lib_a-findfp.o)
 .ARM.attributes
                0x00000629       0x2d c:/program files (x86)/atmel/studio/7.0/toolchain/arm/arm-gnu-toolchain/bin/../lib/gcc/arm-none-eabi/6.3.1/../../../../arm-none-eabi/lib/thumb/v7-m\libc.a(lib_a-fini.o)
 .ARM.attributes
                0x00000656       0x2d c:/program files (x86)/atmel/studio/7.0/toolchain/arm/arm-gnu-toolchain/bin/../lib/gcc/arm-none-eabi/6.3.1/../../../../arm-none-eabi/lib/thumb/v7-m\libc.a(lib_a-fputwc.o)
 .ARM.attributes
                0x00000683       0x2d c:/program files (x86)/atmel/studio/7.0/toolchain/arm/arm-gnu-toolchain/bin/../lib/gcc/arm-none-eabi/6.3.1/../../../../arm-none-eabi/lib/thumb/v7-m\libc.a(lib_a-freer.o)
 .ARM.attributes
                0x000006b0       0x2d c:/program files (x86)/atmel/studio/7.0/toolchain/arm/arm-gnu-toolchain/bin/../lib/gcc/arm-none-eabi/6.3.1/../../../../arm-none-eabi/lib/thumb/v7-m\libc.a(lib_a-fvwrite.o)
 .ARM.attributes
                0x000006dd       0x2d c:/program files (x86)/atmel/studio/7.0/toolchain/arm/arm-gnu-toolchain/bin/../lib/gcc/arm-none-eabi/6.3.1/../../../../arm-none-eabi/lib/thumb/v7-m\libc.a(lib_a-fwalk.o)
 .ARM.attributes
                0x0000070a       0x2d c:/program files (x86)/atmel/studio/7.0/toolchain/arm/arm-gnu-toolchain/bin/../lib/gcc/arm-none-eabi/6.3.1/../../../../arm-none-eabi/lib/thumb/v7-m\libc.a(lib_a-locale.o)
 .ARM.attributes
                0x00000737       0x2d c:/program files (x86)/atmel/studio/7.0/toolchain/arm/arm-gnu-toolchain/bin/../lib/gcc/arm-none-eabi/6.3.1/../../../../arm-none-eabi/lib/thumb/v7-m\libc.a(lib_a-lock.o)
 .ARM.attributes
                0x00000764       0x2d c:/program files (x86)/atmel/studio/7.0/toolchain/arm/arm-gnu-toolchain/bin/../lib/gcc/arm-none-eabi/6.3.1/../../../../arm-none-eabi/lib/thumb/v7-m\libc.a(lib_a-makebuf.o)
 .ARM.attributes
                0x00000791       0x2d c:/program files (x86)/atmel/studio/7.0/toolchain/arm/arm-gnu-toolchain/bin/../lib/gcc/arm-none-eabi/6.3.1/../../../../arm-none-eabi/lib/thumb/v7-m\libc.a(lib_a-malloc.o)
 .ARM.attributes
                0x000007be       0x2d c:/program files (x86)/atmel/studio/7.0/toolchain/arm/arm-gnu-toolchain/bin/../lib/gcc/arm-none-eabi/6.3.1/../../../../arm-none-eabi/lib/thumb/v7-m\libc.a(lib_a-mallocr.o)
 .ARM.attributes
                0x000007eb       0x2d c:/program files (x86)/atmel/studio/7.0/toolchain/arm/arm-gnu-toolchain/bin/../lib/gcc/arm-none-eabi/6.3.1/../../../../arm-none-eabi/lib/thumb/v7-m\libc.a(lib_a-mbtowc_r.o)
 .ARM.attributes
                0x00000818       0x2d c:/program files (x86)/atmel/studio/7.0/toolchain/arm/arm-gnu-toolchain/bin/../lib/gcc/arm-none-eabi/6.3.1/../../../../arm-none-eabi/lib/thumb/v7-m\libc.a(lib_a-memchr-stub.o)
 .ARM.attributes
                0x00000845       0x1b c:/program files (x86)/atmel/studio/7.0/toolchain/arm/arm-gnu-toolchain/bin/../lib/gcc/arm-none-eabi/6.3.1/../../../../arm-none-eabi/lib/thumb/v7-m\libc.a(lib_a-memcpy.o)
 .ARM.attributes
                0x00000860       0x2d c:/program files (x86)/atmel/studio/7.0/toolchain/arm/arm-gnu-toolchain/bin/../lib/gcc/arm-none-eabi/6.3.1/../../../../arm-none-eabi/lib/thumb/v7-m\libc.a(lib_a-memmove.o)
 .ARM.attributes
                0x0000088d       0x2d c:/program files (x86)/atmel/studio/7.0/toolchain/arm/arm-gnu-toolchain/bin/../lib/gcc/arm-none-eabi/6.3.1/../../../../arm-none-eabi/lib/thumb/v7-m\libc.a(lib_a-mlock.o)
 .ARM.attributes
                0x000008ba       0x2d c:/program files (x86)/atmel/studio/7.0/toolchain/arm/arm-gnu-toolchain/bin/../lib/gcc/arm-none-eabi/6.3.1/../../../../arm-none-eabi/lib/thumb/v7-m\libc.a(lib_a-reallocr.o)
 .ARM.attributes
                0x000008e7       0x2d c:/program files (x86)/atmel/studio/7.0/toolchain/arm/arm-gnu-toolchain/bin/../lib/gcc/arm-none-eabi/6.3.1/../../../../arm-none-eabi/lib/thumb/v7-m\libc.a(lib_a-sbrkr.o)
 .ARM.attributes
                0x00000914       0x2d c:/program files (x86)/atmel/studio/7.0/toolchain/arm/arm-gnu-toolchain/bin/../lib/gcc/arm-none-eabi/6.3.1/../../../../arm-none-eabi/lib/thumb/v7-m\libc.a(lib_a-stdio.o)
 .ARM.attributes
                0x00000941       0x2d c:/program files (x86)/atmel/studio/7.0/toolchain/arm/arm-gnu-toolchain/bin/../lib/gcc/arm-none-eabi/6.3.1/../../../../arm-none-eabi/lib/thumb/v7-m\libc.a(lib_a-strlen-stub.o)
 .ARM.attributes
                0x0000096e       0x2d c:/program files (x86)/atmel/studio/7.0/toolchain/arm/arm-gnu-toolchain/bin/../lib/gcc/arm-none-eabi/6.3.1/../../../../arm-none-eabi/lib/thumb/v7-m\libc.a(lib_a-wcrtomb.o)
 .ARM.attributes
                0x0000099b       0x2d c:/program files (x86)/atmel/studio/7.0/toolchain/arm/arm-gnu-toolchain/bin/../lib/gcc/arm-none-eabi/6.3.1/../../../../arm-none-eabi/lib/thumb/v7-m\libc.a(lib_a-wctomb_r.o)
 .ARM.attributes
                0x000009c8       0x2d c:/program files (x86)/atmel/studio/7.0/toolchain/arm/arm-gnu-toolchain/bin/../lib/gcc/arm-none-eabi/6.3.1/../../../../arm-none-eabi/lib/thumb/v7-m\libc.a(lib_a-writer.o)
 .ARM.attributes
                0x000009f5       0x2d c:/program files (x86)/atmel/studio/7.0/toolchain/arm/arm-gnu-toolchain/bin/../lib/gcc/arm-none-eabi/6.3.1/../../../../arm-none-eabi/lib/thumb/v7-m\libc.a(lib_a-__atexit.o)
 .ARM.attributes
                0x00000a22       0x2d c:/program files (x86)/atmel/studio/7.0/toolchain/arm/arm-gnu-toolchain/bin/../lib/gcc/arm-none-eabi/6.3.1/../../../../arm-none-eabi/lib/thumb/v7-m\libc.a(lib_a-closer.o)
 .ARM.attributes
                0x00000a4f       0x2d c:/program files (x86)/atmel/studio/7.0/toolchain/arm/arm-gnu-toolchain/bin/../lib/gcc/arm-none-eabi/6.3.1/../../../../arm-none-eabi/lib/thumb/v7-m\libc.a(lib_a-ctype_.o)
 .ARM.attributes
                0x00000a7c       0x2d c:/program files (x86)/atmel/studio/7.0/toolchain/arm/arm-gnu-toolchain/bin/../lib/gcc/arm-none-eabi/6.3.1/../../../../arm-none-eabi/lib/thumb/v7-m\libc.a(lib_a-fclose.o)
 .ARM.attributes
                0x00000aa9       0x2d c:/program files (x86)/atmel/studio/7.0/toolchain/arm/arm-gnu-toolchain/bin/../lib/gcc/arm-none-eabi/6.3.1/../../../../arm-none-eabi/lib/thumb/v7-m\libc.a(lib_a-fstatr.o)
 .ARM.attributes
                0x00000ad6       0x2d c:/program files (x86)/atmel/studio/7.0/toolchain/arm/arm-gnu-toolchain/bin/../lib/gcc/arm-none-eabi/6.3.1/../../../../arm-none-eabi/lib/thumb/v7-m\libc.a(lib_a-isattyr.o)
 .ARM.attributes
                0x00000b03       0x2d c:/program files (x86)/atmel/studio/7.0/toolchain/arm/arm-gnu-toolchain/bin/../lib/gcc/arm-none-eabi/6.3.1/../../../../arm-none-eabi/lib/thumb/v7-m\libc.a(lib_a-lseekr.o)
 .ARM.attributes
                0x00000b30       0x2d c:/program files (x86)/atmel/studio/7.0/toolchain/arm/arm-gnu-toolchain/bin/../lib/gcc/arm-none-eabi/6.3.1/../../../../arm-none-eabi/lib/thumb/v7-m\libc.a(lib_a-readr.o)
 .ARM.attributes
                0x00000b5d       0x2d c:/program files (x86)/atmel/studio/7.0/toolchain/arm/arm-gnu-toolchain/bin/../lib/gcc/arm-none-eabi/6.3.1/../../../../arm-none-eabi/lib/thumb/v7-m\libc.a(lib_a-reent.o)
 .ARM.attributes
                0x00000b8a       0x1d c:/program files (x86)/atmel/studio/7.0/toolchain/arm/arm-gnu-toolchain/bin/../lib/gcc/arm-none-eabi/6.3.1/thumb/v7-m\libgcc.a(_aeabi_uldivmod.o)
 .ARM.attributes
                0x00000ba7       0x2d c:/program files (x86)/atmel/studio/7.0/toolchain/arm/arm-gnu-toolchain/bin/../lib/gcc/arm-none-eabi/6.3.1/thumb/v7-m\libgcc.a(_udivmoddi4.o)
 .ARM.attributes
                0x00000bd4       0x1d c:/program files (x86)/atmel/studio/7.0/toolchain/arm/arm-gnu-toolchain/bin/../lib/gcc/arm-none-eabi/6.3.1/thumb/v7-m\libgcc.a(_dvmd_tls.o)
 .ARM.attributes
                0x00000bf1       0x1d c:/program files (x86)/atmel/studio/7.0/toolchain/arm/arm-gnu-toolchain/bin/../lib/gcc/arm-none-eabi/6.3.1/thumb/v7-m/crtn.o

.comment        0x00000000       0x59
 .comment       0x00000000       0x59 src/ASF/common/utils/stdio/read.o
                                 0x5a (size before relaxing)
 .comment       0x00000059       0x5a src/ASF/sam/drivers/usart/usart.o
 .comment       0x00000059       0x5a src/ASF/thirdparty/wireless/addons/sio2host/uart/sio2host.o
 .comment       0x00000059       0x5a src/digitalIO.o
 .comment       0x00000059       0x5a src/ASF/common/utils/stdio/write.o
 .comment       0x00000059       0x5a src/ASF/common/services/serial/usart_serial.o
 .comment       0x00000059       0x5a src/ASF/sam/drivers/uart/uart.o
 .comment       0x00000059       0x5a test/main.o
 .comment       0x00000059       0x5a src/ASF/common/services/clock/sam3x/sysclk.o
 .comment       0x00000059       0x5a src/ASF/common/utils/interrupt/interrupt_sam_nvic.o
 .comment       0x00000059       0x5a src/ASF/sam/boards/arduino_due_x/init.o
 .comment       0x00000059       0x5a src/ASF/sam/drivers/pio/pio.o
 .comment       0x00000059       0x5a src/ASF/sam/drivers/pio/pio_handler.o
 .comment       0x00000059       0x5a src/ASF/sam/drivers/pmc/pmc.o
 .comment       0x00000059       0x5a src/ASF/sam/utils/cmsis/sam3x/source/templates/exceptions.o
 .comment       0x00000059       0x5a src/ASF/sam/utils/cmsis/sam3x/source/templates/gcc/startup_sam3x.o
 .comment       0x00000059       0x5a src/ASF/sam/utils/cmsis/sam3x/source/templates/system_sam3x.o
 .comment       0x00000059       0x5a src/ASF/sam/utils/syscalls/gcc/syscalls.o

.debug_info     0x00000000    0x1464b
 .debug_info    0x00000000      0xac9 src/ASF/common/utils/stdio/read.o
 .debug_info    0x00000ac9     0x24e6 src/ASF/sam/drivers/usart/usart.o
 .debug_info    0x00002faf     0x19a2 src/ASF/thirdparty/wireless/addons/sio2host/uart/sio2host.o
 .debug_info    0x00004951      0xbae src/digitalIO.o
 .debug_info    0x000054ff      0xac6 src/ASF/common/utils/stdio/write.o
 .debug_info    0x00005fc5     0x113c src/ASF/common/services/serial/usart_serial.o
 .debug_info    0x00007101     0x119e src/ASF/sam/drivers/uart/uart.o
 .debug_info    0x0000829f     0x15d9 test/main.o
 .debug_info    0x00009878     0x11ad src/ASF/common/services/clock/sam3x/sysclk.o
 .debug_info    0x0000aa25      0xb01 src/ASF/common/utils/interrupt/interrupt_sam_nvic.o
 .debug_info    0x0000b526     0x108a src/ASF/sam/boards/arduino_due_x/init.o
 .debug_info    0x0000c5b0     0x1c61 src/ASF/sam/drivers/pio/pio.o
 .debug_info    0x0000e211     0x17b0 src/ASF/sam/drivers/pio/pio_handler.o
 .debug_info    0x0000f9c1     0x1995 src/ASF/sam/drivers/pmc/pmc.o
 .debug_info    0x00011356      0xa39 src/ASF/sam/utils/cmsis/sam3x/source/templates/exceptions.o
 .debug_info    0x00011d8f      0xd1b src/ASF/sam/utils/cmsis/sam3x/source/templates/gcc/startup_sam3x.o
 .debug_info    0x00012aaa      0xdc2 src/ASF/sam/utils/cmsis/sam3x/source/templates/system_sam3x.o
 .debug_info    0x0001386c      0xddf src/ASF/sam/utils/syscalls/gcc/syscalls.o

.debug_abbrev   0x00000000     0x2ff4
 .debug_abbrev  0x00000000      0x1fe src/ASF/common/utils/stdio/read.o
 .debug_abbrev  0x000001fe      0x3bd src/ASF/sam/drivers/usart/usart.o
 .debug_abbrev  0x000005bb      0x3ea src/ASF/thirdparty/wireless/addons/sio2host/uart/sio2host.o
 .debug_abbrev  0x000009a5      0x240 src/digitalIO.o
 .debug_abbrev  0x00000be5      0x1e9 src/ASF/common/utils/stdio/write.o
 .debug_abbrev  0x00000dce      0x2b1 src/ASF/common/services/serial/usart_serial.o
 .debug_abbrev  0x0000107f      0x288 src/ASF/sam/drivers/uart/uart.o
 .debug_abbrev  0x00001307      0x374 test/main.o
 .debug_abbrev  0x0000167b      0x330 src/ASF/common/services/clock/sam3x/sysclk.o
 .debug_abbrev  0x000019ab      0x212 src/ASF/common/utils/interrupt/interrupt_sam_nvic.o
 .debug_abbrev  0x00001bbd      0x262 src/ASF/sam/boards/arduino_due_x/init.o
 .debug_abbrev  0x00001e1f      0x3c7 src/ASF/sam/drivers/pio/pio.o
 .debug_abbrev  0x000021e6      0x31a src/ASF/sam/drivers/pio/pio_handler.o
 .debug_abbrev  0x00002500      0x306 src/ASF/sam/drivers/pmc/pmc.o
 .debug_abbrev  0x00002806      0x1a4 src/ASF/sam/utils/cmsis/sam3x/source/templates/exceptions.o
 .debug_abbrev  0x000029aa      0x1f2 src/ASF/sam/utils/cmsis/sam3x/source/templates/gcc/startup_sam3x.o
 .debug_abbrev  0x00002b9c      0x1f4 src/ASF/sam/utils/cmsis/sam3x/source/templates/system_sam3x.o
 .debug_abbrev  0x00002d90      0x264 src/ASF/sam/utils/syscalls/gcc/syscalls.o

.debug_loc      0x00000000     0x3fc3
 .debug_loc     0x00000000       0xb3 src/ASF/common/utils/stdio/read.o
 .debug_loc     0x000000b3     0x1062 src/ASF/sam/drivers/usart/usart.o
 .debug_loc     0x00001115      0x5b0 src/ASF/thirdparty/wireless/addons/sio2host/uart/sio2host.o
 .debug_loc     0x000016c5      0x12a src/digitalIO.o
 .debug_loc     0x000017ef      0x12b src/ASF/common/utils/stdio/write.o
 .debug_loc     0x0000191a      0x2a7 src/ASF/common/services/serial/usart_serial.o
 .debug_loc     0x00001bc1      0x241 src/ASF/sam/drivers/uart/uart.o
 .debug_loc     0x00001e02      0x33e test/main.o
 .debug_loc     0x00002140      0x183 src/ASF/common/services/clock/sam3x/sysclk.o
 .debug_loc     0x000022c3       0x70 src/ASF/sam/boards/arduino_due_x/init.o
 .debug_loc     0x00002333      0xacc src/ASF/sam/drivers/pio/pio.o
 .debug_loc     0x00002dff      0x525 src/ASF/sam/drivers/pio/pio_handler.o
 .debug_loc     0x00003324      0xaeb src/ASF/sam/drivers/pmc/pmc.o
 .debug_loc     0x00003e0f       0x6b src/ASF/sam/utils/cmsis/sam3x/source/templates/gcc/startup_sam3x.o
 .debug_loc     0x00003e7a      0x149 src/ASF/sam/utils/syscalls/gcc/syscalls.o

.debug_aranges  0x00000000      0x9a8
 .debug_aranges
                0x00000000       0x20 src/ASF/common/utils/stdio/read.o
 .debug_aranges
                0x00000020      0x2a8 src/ASF/sam/drivers/usart/usart.o
 .debug_aranges
                0x000002c8       0x60 src/ASF/thirdparty/wireless/addons/sio2host/uart/sio2host.o
 .debug_aranges
                0x00000328       0x28 src/digitalIO.o
 .debug_aranges
                0x00000350       0x20 src/ASF/common/utils/stdio/write.o
 .debug_aranges
                0x00000370       0x28 src/ASF/common/services/serial/usart_serial.o
 .debug_aranges
                0x00000398       0xe8 src/ASF/sam/drivers/uart/uart.o
 .debug_aranges
                0x00000480       0x30 test/main.o
 .debug_aranges
                0x000004b0       0x40 src/ASF/common/services/clock/sam3x/sysclk.o
 .debug_aranges
                0x000004f0       0x28 src/ASF/common/utils/interrupt/interrupt_sam_nvic.o
 .debug_aranges
                0x00000518       0x20 src/ASF/sam/boards/arduino_due_x/init.o
 .debug_aranges
                0x00000538      0x148 src/ASF/sam/drivers/pio/pio.o
 .debug_aranges
                0x00000680       0x58 src/ASF/sam/drivers/pio/pio_handler.o
 .debug_aranges
                0x000006d8      0x200 src/ASF/sam/drivers/pmc/pmc.o
 .debug_aranges
                0x000008d8       0x20 src/ASF/sam/utils/cmsis/sam3x/source/templates/exceptions.o
 .debug_aranges
                0x000008f8       0x20 src/ASF/sam/utils/cmsis/sam3x/source/templates/gcc/startup_sam3x.o
 .debug_aranges
                0x00000918       0x30 src/ASF/sam/utils/cmsis/sam3x/source/templates/system_sam3x.o
 .debug_aranges
                0x00000948       0x60 src/ASF/sam/utils/syscalls/gcc/syscalls.o

.debug_ranges   0x00000000      0x8e8
 .debug_ranges  0x00000000       0x10 src/ASF/common/utils/stdio/read.o
 .debug_ranges  0x00000010      0x298 src/ASF/sam/drivers/usart/usart.o
 .debug_ranges  0x000002a8       0x50 src/ASF/thirdparty/wireless/addons/sio2host/uart/sio2host.o
 .debug_ranges  0x000002f8       0x18 src/digitalIO.o
 .debug_ranges  0x00000310       0x10 src/ASF/common/utils/stdio/write.o
 .debug_ranges  0x00000320       0x48 src/ASF/common/services/serial/usart_serial.o
 .debug_ranges  0x00000368       0xd8 src/ASF/sam/drivers/uart/uart.o
 .debug_ranges  0x00000440       0x20 test/main.o
 .debug_ranges  0x00000460       0x30 src/ASF/common/services/clock/sam3x/sysclk.o
 .debug_ranges  0x00000490       0x18 src/ASF/common/utils/interrupt/interrupt_sam_nvic.o
 .debug_ranges  0x000004a8       0x10 src/ASF/sam/boards/arduino_due_x/init.o
 .debug_ranges  0x000004b8      0x150 src/ASF/sam/drivers/pio/pio.o
 .debug_ranges  0x00000608       0x60 src/ASF/sam/drivers/pio/pio_handler.o
 .debug_ranges  0x00000668      0x1f0 src/ASF/sam/drivers/pmc/pmc.o
 .debug_ranges  0x00000858       0x10 src/ASF/sam/utils/cmsis/sam3x/source/templates/exceptions.o
 .debug_ranges  0x00000868       0x10 src/ASF/sam/utils/cmsis/sam3x/source/templates/gcc/startup_sam3x.o
 .debug_ranges  0x00000878       0x20 src/ASF/sam/utils/cmsis/sam3x/source/templates/system_sam3x.o
 .debug_ranges  0x00000898       0x50 src/ASF/sam/utils/syscalls/gcc/syscalls.o

.debug_macro    0x00000000    0x195da
 .debug_macro   0x00000000      0x550 src/ASF/common/utils/stdio/read.o
 .debug_macro   0x00000550      0x8ce src/ASF/common/utils/stdio/read.o
 .debug_macro   0x00000e1e      0x16d src/ASF/common/utils/stdio/read.o
 .debug_macro   0x00000f8b      0x517 src/ASF/common/utils/stdio/read.o
 .debug_macro   0x000014a2       0x76 src/ASF/common/utils/stdio/read.o
 .debug_macro   0x00001518       0x16 src/ASF/common/utils/stdio/read.o
 .debug_macro   0x0000152e      0x6e4 src/ASF/common/utils/stdio/read.o
 .debug_macro   0x00001c12       0x22 src/ASF/common/utils/stdio/read.o
 .debug_macro   0x00001c34       0x87 src/ASF/common/utils/stdio/read.o
 .debug_macro   0x00001cbb       0x51 src/ASF/common/utils/stdio/read.o
 .debug_macro   0x00001d0c       0xef src/ASF/common/utils/stdio/read.o
 .debug_macro   0x00001dfb       0x6a src/ASF/common/utils/stdio/read.o
 .debug_macro   0x00001e65      0x1df src/ASF/common/utils/stdio/read.o
 .debug_macro   0x00002044       0x20 src/ASF/common/utils/stdio/read.o
 .debug_macro   0x00002064       0x3a src/ASF/common/utils/stdio/read.o
 .debug_macro   0x0000209e       0x2d src/ASF/common/utils/stdio/read.o
 .debug_macro   0x000020cb      0xbb1 src/ASF/common/utils/stdio/read.o
 .debug_macro   0x00002c7c      0xab6 src/ASF/common/utils/stdio/read.o
 .debug_macro   0x00003732      0x569 src/ASF/common/utils/stdio/read.o
 .debug_macro   0x00003c9b      0x2b5 src/ASF/common/utils/stdio/read.o
 .debug_macro   0x00003f50      0x31a src/ASF/common/utils/stdio/read.o
 .debug_macro   0x0000426a      0x74f src/ASF/common/utils/stdio/read.o
 .debug_macro   0x000049b9       0x82 src/ASF/common/utils/stdio/read.o
 .debug_macro   0x00004a3b      0x57b src/ASF/common/utils/stdio/read.o
 .debug_macro   0x00004fb6       0x1c src/ASF/common/utils/stdio/read.o
 .debug_macro   0x00004fd2      0x6b7 src/ASF/common/utils/stdio/read.o
 .debug_macro   0x00005689      0x52d src/ASF/common/utils/stdio/read.o
 .debug_macro   0x00005bb6       0xbe src/ASF/common/utils/stdio/read.o
 .debug_macro   0x00005c74     0x2342 src/ASF/common/utils/stdio/read.o
 .debug_macro   0x00007fb6      0x85d src/ASF/common/utils/stdio/read.o
 .debug_macro   0x00008813      0xdc9 src/ASF/common/utils/stdio/read.o
 .debug_macro   0x000095dc       0x7c src/ASF/common/utils/stdio/read.o
 .debug_macro   0x00009658      0x263 src/ASF/common/utils/stdio/read.o
 .debug_macro   0x000098bb       0x58 src/ASF/common/utils/stdio/read.o
 .debug_macro   0x00009913      0x9a7 src/ASF/common/utils/stdio/read.o
 .debug_macro   0x0000a2ba      0x248 src/ASF/common/utils/stdio/read.o
 .debug_macro   0x0000a502      0x4df src/ASF/common/utils/stdio/read.o
 .debug_macro   0x0000a9e1      0x6b3 src/ASF/common/utils/stdio/read.o
 .debug_macro   0x0000b094      0x59f src/ASF/common/utils/stdio/read.o
 .debug_macro   0x0000b633       0x46 src/ASF/common/utils/stdio/read.o
 .debug_macro   0x0000b679      0x34d src/ASF/common/utils/stdio/read.o
 .debug_macro   0x0000b9c6      0x28c src/ASF/common/utils/stdio/read.o
 .debug_macro   0x0000bc52     0x14d7 src/ASF/common/utils/stdio/read.o
 .debug_macro   0x0000d129      0x7ba src/ASF/common/utils/stdio/read.o
 .debug_macro   0x0000d8e3       0x76 src/ASF/common/utils/stdio/read.o
 .debug_macro   0x0000d959       0x82 src/ASF/common/utils/stdio/read.o
 .debug_macro   0x0000d9db       0x76 src/ASF/common/utils/stdio/read.o
 .debug_macro   0x0000da51       0x4c src/ASF/common/utils/stdio/read.o
 .debug_macro   0x0000da9d      0x105 src/ASF/common/utils/stdio/read.o
 .debug_macro   0x0000dba2      0x105 src/ASF/common/utils/stdio/read.o
 .debug_macro   0x0000dca7      0x105 src/ASF/common/utils/stdio/read.o
 .debug_macro   0x0000ddac       0x88 src/ASF/common/utils/stdio/read.o
 .debug_macro   0x0000de34       0x88 src/ASF/common/utils/stdio/read.o
 .debug_macro   0x0000debc      0x3b4 src/ASF/common/utils/stdio/read.o
 .debug_macro   0x0000e270       0xb8 src/ASF/common/utils/stdio/read.o
 .debug_macro   0x0000e328       0xb8 src/ASF/common/utils/stdio/read.o
 .debug_macro   0x0000e3e0       0xb8 src/ASF/common/utils/stdio/read.o
 .debug_macro   0x0000e498       0xb8 src/ASF/common/utils/stdio/read.o
 .debug_macro   0x0000e550      0x2b8 src/ASF/common/utils/stdio/read.o
 .debug_macro   0x0000e808      0x125 src/ASF/common/utils/stdio/read.o
 .debug_macro   0x0000e92d      0x225 src/ASF/common/utils/stdio/read.o
 .debug_macro   0x0000eb52      0x225 src/ASF/common/utils/stdio/read.o
 .debug_macro   0x0000ed77       0x2e src/ASF/common/utils/stdio/read.o
 .debug_macro   0x0000eda5       0xac src/ASF/common/utils/stdio/read.o
 .debug_macro   0x0000ee51      0x14d src/ASF/common/utils/stdio/read.o
 .debug_macro   0x0000ef9e       0x7c src/ASF/common/utils/stdio/read.o
 .debug_macro   0x0000f01a      0x205 src/ASF/common/utils/stdio/read.o
 .debug_macro   0x0000f21f       0x64 src/ASF/common/utils/stdio/read.o
 .debug_macro   0x0000f283       0xa6 src/ASF/common/utils/stdio/read.o
 .debug_macro   0x0000f329       0x7c src/ASF/common/utils/stdio/read.o
 .debug_macro   0x0000f3a5       0x16 src/ASF/common/utils/stdio/read.o
 .debug_macro   0x0000f3bb       0x22 src/ASF/common/utils/stdio/read.o
 .debug_macro   0x0000f3dd       0x22 src/ASF/common/utils/stdio/read.o
 .debug_macro   0x0000f3ff      0x115 src/ASF/common/utils/stdio/read.o
 .debug_macro   0x0000f514      0x115 src/ASF/common/utils/stdio/read.o
 .debug_macro   0x0000f629      0x115 src/ASF/common/utils/stdio/read.o
 .debug_macro   0x0000f73e      0x115 src/ASF/common/utils/stdio/read.o
 .debug_macro   0x0000f853       0x1c src/ASF/common/utils/stdio/read.o
 .debug_macro   0x0000f86f       0x2e src/ASF/common/utils/stdio/read.o
 .debug_macro   0x0000f89d       0x22 src/ASF/common/utils/stdio/read.o
 .debug_macro   0x0000f8bf       0x1c src/ASF/common/utils/stdio/read.o
 .debug_macro   0x0000f8db       0x58 src/ASF/common/utils/stdio/read.o
 .debug_macro   0x0000f933       0x10 src/ASF/common/utils/stdio/read.o
 .debug_macro   0x0000f943      0x273 src/ASF/common/utils/stdio/read.o
 .debug_macro   0x0000fbb6      0xd43 src/ASF/common/utils/stdio/read.o
 .debug_macro   0x000108f9      0x131 src/ASF/common/utils/stdio/read.o
 .debug_macro   0x00010a2a       0x58 src/ASF/common/utils/stdio/read.o
 .debug_macro   0x00010a82       0x35 src/ASF/common/utils/stdio/read.o
 .debug_macro   0x00010ab7       0x9c src/ASF/common/utils/stdio/read.o
 .debug_macro   0x00010b53       0x16 src/ASF/common/utils/stdio/read.o
 .debug_macro   0x00010b69       0x35 src/ASF/common/utils/stdio/read.o
 .debug_macro   0x00010b9e      0x353 src/ASF/common/utils/stdio/read.o
 .debug_macro   0x00010ef1       0x10 src/ASF/common/utils/stdio/read.o
 .debug_macro   0x00010f01       0x58 src/ASF/common/utils/stdio/read.o
 .debug_macro   0x00010f59       0x1f src/ASF/common/utils/stdio/read.o
 .debug_macro   0x00010f78       0x43 src/ASF/common/utils/stdio/read.o
 .debug_macro   0x00010fbb       0x20 src/ASF/common/utils/stdio/read.o
 .debug_macro   0x00010fdb      0x187 src/ASF/common/utils/stdio/read.o
 .debug_macro   0x00011162       0x10 src/ASF/common/utils/stdio/read.o
 .debug_macro   0x00011172       0x1c src/ASF/common/utils/stdio/read.o
 .debug_macro   0x0001118e       0x52 src/ASF/common/utils/stdio/read.o
 .debug_macro   0x000111e0       0x40 src/ASF/common/utils/stdio/read.o
 .debug_macro   0x00011220       0x10 src/ASF/common/utils/stdio/read.o
 .debug_macro   0x00011230       0x40 src/ASF/common/utils/stdio/read.o
 .debug_macro   0x00011270       0xd7 src/ASF/common/utils/stdio/read.o
 .debug_macro   0x00011347       0x16 src/ASF/common/utils/stdio/read.o
 .debug_macro   0x0001135d      0x18b src/ASF/common/utils/stdio/read.o
 .debug_macro   0x000114e8       0x22 src/ASF/common/utils/stdio/read.o
 .debug_macro   0x0001150a       0x16 src/ASF/common/utils/stdio/read.o
 .debug_macro   0x00011520       0x16 src/ASF/common/utils/stdio/read.o
 .debug_macro   0x00011536       0x29 src/ASF/common/utils/stdio/read.o
 .debug_macro   0x0001155f       0x6e src/ASF/common/utils/stdio/read.o
 .debug_macro   0x000115cd       0x45 src/ASF/common/utils/stdio/read.o
 .debug_macro   0x00011612      0x3ca src/ASF/common/utils/stdio/read.o
 .debug_macro   0x000119dc      0x59b src/ASF/sam/drivers/usart/usart.o
 .debug_macro   0x00011f77       0x28 src/ASF/sam/drivers/usart/usart.o
 .debug_macro   0x00011f9f      0x68b src/ASF/thirdparty/wireless/addons/sio2host/uart/sio2host.o
 .debug_macro   0x0001262a       0x94 src/ASF/thirdparty/wireless/addons/sio2host/uart/sio2host.o
 .debug_macro   0x000126be       0x40 src/ASF/thirdparty/wireless/addons/sio2host/uart/sio2host.o
 .debug_macro   0x000126fe      0x25d src/ASF/thirdparty/wireless/addons/sio2host/uart/sio2host.o
 .debug_macro   0x0001295b      0x790 src/ASF/thirdparty/wireless/addons/sio2host/uart/sio2host.o
 .debug_macro   0x000130eb       0x34 src/ASF/thirdparty/wireless/addons/sio2host/uart/sio2host.o
 .debug_macro   0x0001311f       0x5e src/ASF/thirdparty/wireless/addons/sio2host/uart/sio2host.o
 .debug_macro   0x0001317d       0x64 src/ASF/thirdparty/wireless/addons/sio2host/uart/sio2host.o
 .debug_macro   0x000131e1       0x5f src/ASF/thirdparty/wireless/addons/sio2host/uart/sio2host.o
 .debug_macro   0x00013240       0x90 src/ASF/thirdparty/wireless/addons/sio2host/uart/sio2host.o
 .debug_macro   0x000132d0       0x6a src/ASF/thirdparty/wireless/addons/sio2host/uart/sio2host.o
 .debug_macro   0x0001333a       0x34 src/ASF/thirdparty/wireless/addons/sio2host/uart/sio2host.o
 .debug_macro   0x0001336e       0x1c src/ASF/thirdparty/wireless/addons/sio2host/uart/sio2host.o
 .debug_macro   0x0001338a       0x2e src/ASF/thirdparty/wireless/addons/sio2host/uart/sio2host.o
 .debug_macro   0x000133b8       0x1c src/ASF/thirdparty/wireless/addons/sio2host/uart/sio2host.o
 .debug_macro   0x000133d4       0x40 src/ASF/thirdparty/wireless/addons/sio2host/uart/sio2host.o
 .debug_macro   0x00013414      0x694 src/digitalIO.o
 .debug_macro   0x00013aa8       0x52 src/digitalIO.o
 .debug_macro   0x00013afa       0x8d src/digitalIO.o
 .debug_macro   0x00013b87       0x57 src/digitalIO.o
 .debug_macro   0x00013bde       0x82 src/digitalIO.o
 .debug_macro   0x00013c60      0x45d src/digitalIO.o
 .debug_macro   0x000140bd       0xfd src/digitalIO.o
 .debug_macro   0x000141ba       0x26 src/digitalIO.o
 .debug_macro   0x000141e0       0xa2 src/digitalIO.o
 .debug_macro   0x00014282      0x550 src/ASF/common/utils/stdio/write.o
 .debug_macro   0x000147d2      0x60a src/ASF/common/services/serial/usart_serial.o
 .debug_macro   0x00014ddc      0x55f src/ASF/sam/drivers/uart/uart.o
 .debug_macro   0x0001533b       0x16 src/ASF/sam/drivers/uart/uart.o
 .debug_macro   0x00015351      0x6fd test/main.o
 .debug_macro   0x00015a4e       0x97 test/main.o
 .debug_macro   0x00015ae5       0x86 test/main.o
 .debug_macro   0x00015b6b       0x70 test/main.o
 .debug_macro   0x00015bdb       0x16 test/main.o
 .debug_macro   0x00015bf1      0x5d1 src/ASF/common/services/clock/sam3x/sysclk.o
 .debug_macro   0x000161c2      0x257 src/ASF/common/services/clock/sam3x/sysclk.o
 .debug_macro   0x00016419      0x55a src/ASF/common/utils/interrupt/interrupt_sam_nvic.o
 .debug_macro   0x00016973       0x3f src/ASF/common/utils/interrupt/interrupt_sam_nvic.o
 .debug_macro   0x000169b2      0x616 src/ASF/sam/boards/arduino_due_x/init.o
 .debug_macro   0x00016fc8      0x56b src/ASF/sam/drivers/pio/pio.o
 .debug_macro   0x00017533       0x8e src/ASF/sam/drivers/pio/pio.o
 .debug_macro   0x000175c1      0x56f src/ASF/sam/drivers/pio/pio_handler.o
 .debug_macro   0x00017b30      0x565 src/ASF/sam/drivers/pmc/pmc.o
 .debug_macro   0x00018095       0x58 src/ASF/sam/drivers/pmc/pmc.o
 .debug_macro   0x000180ed      0x564 src/ASF/sam/utils/cmsis/sam3x/source/templates/exceptions.o
 .debug_macro   0x00018651      0x572 src/ASF/sam/utils/cmsis/sam3x/source/templates/gcc/startup_sam3x.o
 .debug_macro   0x00018bc3      0x572 src/ASF/sam/utils/cmsis/sam3x/source/templates/system_sam3x.o
 .debug_macro   0x00019135      0x1d6 src/ASF/sam/utils/syscalls/gcc/syscalls.o
 .debug_macro   0x0001930b       0xf6 src/ASF/sam/utils/syscalls/gcc/syscalls.o
 .debug_macro   0x00019401       0x4c src/ASF/sam/utils/syscalls/gcc/syscalls.o
 .debug_macro   0x0001944d       0x16 src/ASF/sam/utils/syscalls/gcc/syscalls.o
 .debug_macro   0x00019463       0x10 src/ASF/sam/utils/syscalls/gcc/syscalls.o
 .debug_macro   0x00019473       0x10 src/ASF/sam/utils/syscalls/gcc/syscalls.o
 .debug_macro   0x00019483       0x35 src/ASF/sam/utils/syscalls/gcc/syscalls.o
 .debug_macro   0x000194b8      0x122 src/ASF/sam/utils/syscalls/gcc/syscalls.o

.debug_line     0x00000000     0xe9ea
 .debug_line    0x00000000      0xb48 src/ASF/common/utils/stdio/read.o
 .debug_line    0x00000b48     0x1223 src/ASF/sam/drivers/usart/usart.o
 .debug_line    0x00001d6b     0x104d src/ASF/thirdparty/wireless/addons/sio2host/uart/sio2host.o
 .debug_line    0x00002db8      0xec7 src/digitalIO.o
 .debug_line    0x00003c7f      0xb40 src/ASF/common/utils/stdio/write.o
 .debug_line    0x000047bf      0xd98 src/ASF/common/services/serial/usart_serial.o
 .debug_line    0x00005557      0xcfb src/ASF/sam/drivers/uart/uart.o
 .debug_line    0x00006252     0x107e test/main.o
 .debug_line    0x000072d0      0xcba src/ASF/common/services/clock/sam3x/sysclk.o
 .debug_line    0x00007f8a      0xb62 src/ASF/common/utils/interrupt/interrupt_sam_nvic.o
 .debug_line    0x00008aec      0xd4d src/ASF/sam/boards/arduino_due_x/init.o
 .debug_line    0x00009839      0xeca src/ASF/sam/drivers/pio/pio.o
 .debug_line    0x0000a703      0xbfd src/ASF/sam/drivers/pio/pio_handler.o
 .debug_line    0x0000b300     0x10b2 src/ASF/sam/drivers/pmc/pmc.o
 .debug_line    0x0000c3b2      0xb23 src/ASF/sam/utils/cmsis/sam3x/source/templates/exceptions.o
 .debug_line    0x0000ced5      0xb6c src/ASF/sam/utils/cmsis/sam3x/source/templates/gcc/startup_sam3x.o
 .debug_line    0x0000da41      0xb9e src/ASF/sam/utils/cmsis/sam3x/source/templates/system_sam3x.o
 .debug_line    0x0000e5df      0x40b src/ASF/sam/utils/syscalls/gcc/syscalls.o

.debug_str      0x00000000    0x6d53b
 .debug_str     0x00000000    0x5b5c1 src/ASF/common/utils/stdio/read.o
                              0x5b94c (size before relaxing)
 .debug_str     0x0005b5c1      0xc86 src/ASF/sam/drivers/usart/usart.o
                              0x5c5c9 (size before relaxing)
 .debug_str     0x0005c247     0x4e26 src/ASF/thirdparty/wireless/addons/sio2host/uart/sio2host.o
                              0x60a4f (size before relaxing)
 .debug_str     0x0006106d     0x10db src/digitalIO.o
                              0x60f8e (size before relaxing)
 .debug_str     0x00062148       0x26 src/ASF/common/utils/stdio/write.o
                              0x5b94d (size before relaxing)
 .debug_str     0x0006216e       0x31 src/ASF/common/services/serial/usart_serial.o
                              0x5f9a6 (size before relaxing)
 .debug_str     0x0006219f      0x1ee src/ASF/sam/drivers/uart/uart.o
                              0x5bd18 (size before relaxing)
 .debug_str     0x0006238d     0x9618 test/main.o
                              0x6aa0b (size before relaxing)
 .debug_str     0x0006b9a5      0x376 src/ASF/common/services/clock/sam3x/sysclk.o
                              0x5f88d (size before relaxing)
 .debug_str     0x0006bd1b       0x73 src/ASF/common/utils/interrupt/interrupt_sam_nvic.o
                              0x5b9a3 (size before relaxing)
 .debug_str     0x0006bd8e      0x244 src/ASF/sam/boards/arduino_due_x/init.o
                              0x5ff6f (size before relaxing)
 .debug_str     0x0006bfd2      0x408 src/ASF/sam/drivers/pio/pio.o
                              0x5c2f7 (size before relaxing)
 .debug_str     0x0006c3da      0x1bf src/ASF/sam/drivers/pio/pio_handler.o
                              0x5c3f0 (size before relaxing)
 .debug_str     0x0006c599      0x578 src/ASF/sam/drivers/pmc/pmc.o
                              0x5c36d (size before relaxing)
 .debug_str     0x0006cb11       0x4d src/ASF/sam/utils/cmsis/sam3x/source/templates/exceptions.o
                              0x5b96c (size before relaxing)
 .debug_str     0x0006cb5e       0xd4 src/ASF/sam/utils/cmsis/sam3x/source/templates/gcc/startup_sam3x.o
                              0x5ba68 (size before relaxing)
 .debug_str     0x0006cc32      0x195 src/ASF/sam/utils/cmsis/sam3x/source/templates/system_sam3x.o
                              0x5bc44 (size before relaxing)
 .debug_str     0x0006cdc7      0x774 src/ASF/sam/utils/syscalls/gcc/syscalls.o
                               0x743e (size before relaxing)

.debug_frame    0x00000000     0x21a4
 .debug_frame   0x00000000       0x30 src/ASF/common/utils/stdio/read.o
 .debug_frame   0x00000030      0x5cc src/ASF/sam/drivers/usart/usart.o
 .debug_frame   0x000005fc      0x134 src/ASF/thirdparty/wireless/addons/sio2host/uart/sio2host.o
 .debug_frame   0x00000730       0x38 src/digitalIO.o
 .debug_frame   0x00000768       0x48 src/ASF/common/utils/stdio/write.o
 .debug_frame   0x000007b0       0x80 src/ASF/common/services/serial/usart_serial.o
 .debug_frame   0x00000830      0x1bc src/ASF/sam/drivers/uart/uart.o
 .debug_frame   0x000009ec       0x74 test/main.o
 .debug_frame   0x00000a60       0x88 src/ASF/common/services/clock/sam3x/sysclk.o
 .debug_frame   0x00000ae8       0x30 src/ASF/common/utils/interrupt/interrupt_sam_nvic.o
 .debug_frame   0x00000b18       0x28 src/ASF/sam/boards/arduino_due_x/init.o
 .debug_frame   0x00000b40      0x2b8 src/ASF/sam/drivers/pio/pio.o
 .debug_frame   0x00000df8       0xf8 src/ASF/sam/drivers/pio/pio_handler.o
 .debug_frame   0x00000ef0      0x3ec src/ASF/sam/drivers/pmc/pmc.o
 .debug_frame   0x000012dc       0x20 src/ASF/sam/utils/cmsis/sam3x/source/templates/exceptions.o
 .debug_frame   0x000012fc       0x28 src/ASF/sam/utils/cmsis/sam3x/source/templates/gcc/startup_sam3x.o
 .debug_frame   0x00001324       0x40 src/ASF/sam/utils/cmsis/sam3x/source/templates/system_sam3x.o
 .debug_frame   0x00001364       0xa8 src/ASF/sam/utils/syscalls/gcc/syscalls.o
 .debug_frame   0x0000140c       0x2c c:/program files (x86)/atmel/studio/7.0/toolchain/arm/arm-gnu-toolchain/bin/../lib/gcc/arm-none-eabi/6.3.1/../../../../arm-none-eabi/lib/thumb/v7-m\libc.a(lib_a-init.o)
 .debug_frame   0x00001438       0x78 c:/program files (x86)/atmel/studio/7.0/toolchain/arm/arm-gnu-toolchain/bin/../lib/gcc/arm-none-eabi/6.3.1/../../../../arm-none-eabi/lib/thumb/v7-m\libc.a(lib_a-iprintf.o)
 .debug_frame   0x000014b0       0x34 c:/program files (x86)/atmel/studio/7.0/toolchain/arm/arm-gnu-toolchain/bin/../lib/gcc/arm-none-eabi/6.3.1/../../../../arm-none-eabi/lib/thumb/v7-m\libc.a(lib_a-memset.o)
 .debug_frame   0x000014e4       0x20 c:/program files (x86)/atmel/studio/7.0/toolchain/arm/arm-gnu-toolchain/bin/../lib/gcc/arm-none-eabi/6.3.1/../../../../arm-none-eabi/lib/thumb/v7-m\libc.a(lib_a-setbuf.o)
 .debug_frame   0x00001504       0x48 c:/program files (x86)/atmel/studio/7.0/toolchain/arm/arm-gnu-toolchain/bin/../lib/gcc/arm-none-eabi/6.3.1/../../../../arm-none-eabi/lib/thumb/v7-m\libc.a(lib_a-setvbuf.o)
 .debug_frame   0x0000154c       0xd8 c:/program files (x86)/atmel/studio/7.0/toolchain/arm/arm-gnu-toolchain/bin/../lib/gcc/arm-none-eabi/6.3.1/../../../../arm-none-eabi/lib/thumb/v7-m\libc.a(lib_a-vfiprintf.o)
 .debug_frame   0x00001624       0x40 c:/program files (x86)/atmel/studio/7.0/toolchain/arm/arm-gnu-toolchain/bin/../lib/gcc/arm-none-eabi/6.3.1/../../../../arm-none-eabi/lib/thumb/v7-m\libc.a(lib_a-wbuf.o)
 .debug_frame   0x00001664       0x2c c:/program files (x86)/atmel/studio/7.0/toolchain/arm/arm-gnu-toolchain/bin/../lib/gcc/arm-none-eabi/6.3.1/../../../../arm-none-eabi/lib/thumb/v7-m\libc.a(lib_a-wsetup.o)
 .debug_frame   0x00001690       0x5c c:/program files (x86)/atmel/studio/7.0/toolchain/arm/arm-gnu-toolchain/bin/../lib/gcc/arm-none-eabi/6.3.1/../../../../arm-none-eabi/lib/thumb/v7-m\libc.a(lib_a-__call_atexit.o)
 .debug_frame   0x000016ec       0x20 c:/program files (x86)/atmel/studio/7.0/toolchain/arm/arm-gnu-toolchain/bin/../lib/gcc/arm-none-eabi/6.3.1/../../../../arm-none-eabi/lib/thumb/v7-m\libc.a(lib_a-atexit.o)
 .debug_frame   0x0000170c       0x5c c:/program files (x86)/atmel/studio/7.0/toolchain/arm/arm-gnu-toolchain/bin/../lib/gcc/arm-none-eabi/6.3.1/../../../../arm-none-eabi/lib/thumb/v7-m\libc.a(lib_a-fflush.o)
 .debug_frame   0x00001768      0x150 c:/program files (x86)/atmel/studio/7.0/toolchain/arm/arm-gnu-toolchain/bin/../lib/gcc/arm-none-eabi/6.3.1/../../../../arm-none-eabi/lib/thumb/v7-m\libc.a(lib_a-findfp.o)
 .debug_frame   0x000018b8       0x34 c:/program files (x86)/atmel/studio/7.0/toolchain/arm/arm-gnu-toolchain/bin/../lib/gcc/arm-none-eabi/6.3.1/../../../../arm-none-eabi/lib/thumb/v7-m\libc.a(lib_a-fini.o)
 .debug_frame   0x000018ec       0x90 c:/program files (x86)/atmel/studio/7.0/toolchain/arm/arm-gnu-toolchain/bin/../lib/gcc/arm-none-eabi/6.3.1/../../../../arm-none-eabi/lib/thumb/v7-m\libc.a(lib_a-fputwc.o)
 .debug_frame   0x0000197c       0x74 c:/program files (x86)/atmel/studio/7.0/toolchain/arm/arm-gnu-toolchain/bin/../lib/gcc/arm-none-eabi/6.3.1/../../../../arm-none-eabi/lib/thumb/v7-m\libc.a(lib_a-freer.o)
 .debug_frame   0x000019f0       0x68 c:/program files (x86)/atmel/studio/7.0/toolchain/arm/arm-gnu-toolchain/bin/../lib/gcc/arm-none-eabi/6.3.1/../../../../arm-none-eabi/lib/thumb/v7-m\libc.a(lib_a-fvwrite.o)
 .debug_frame   0x00001a58       0x54 c:/program files (x86)/atmel/studio/7.0/toolchain/arm/arm-gnu-toolchain/bin/../lib/gcc/arm-none-eabi/6.3.1/../../../../arm-none-eabi/lib/thumb/v7-m\libc.a(lib_a-fwalk.o)
 .debug_frame   0x00001aac       0x6c c:/program files (x86)/atmel/studio/7.0/toolchain/arm/arm-gnu-toolchain/bin/../lib/gcc/arm-none-eabi/6.3.1/../../../../arm-none-eabi/lib/thumb/v7-m\libc.a(lib_a-locale.o)
 .debug_frame   0x00001b18       0xb0 c:/program files (x86)/atmel/studio/7.0/toolchain/arm/arm-gnu-toolchain/bin/../lib/gcc/arm-none-eabi/6.3.1/../../../../arm-none-eabi/lib/thumb/v7-m\libc.a(lib_a-lock.o)
 .debug_frame   0x00001bc8       0x68 c:/program files (x86)/atmel/studio/7.0/toolchain/arm/arm-gnu-toolchain/bin/../lib/gcc/arm-none-eabi/6.3.1/../../../../arm-none-eabi/lib/thumb/v7-m\libc.a(lib_a-makebuf.o)
 .debug_frame   0x00001c30       0x30 c:/program files (x86)/atmel/studio/7.0/toolchain/arm/arm-gnu-toolchain/bin/../lib/gcc/arm-none-eabi/6.3.1/../../../../arm-none-eabi/lib/thumb/v7-m\libc.a(lib_a-malloc.o)
 .debug_frame   0x00001c60       0x54 c:/program files (x86)/atmel/studio/7.0/toolchain/arm/arm-gnu-toolchain/bin/../lib/gcc/arm-none-eabi/6.3.1/../../../../arm-none-eabi/lib/thumb/v7-m\libc.a(lib_a-mallocr.o)
 .debug_frame   0x00001cb4       0x4c c:/program files (x86)/atmel/studio/7.0/toolchain/arm/arm-gnu-toolchain/bin/../lib/gcc/arm-none-eabi/6.3.1/../../../../arm-none-eabi/lib/thumb/v7-m\libc.a(lib_a-mbtowc_r.o)
 .debug_frame   0x00001d00       0x34 c:/program files (x86)/atmel/studio/7.0/toolchain/arm/arm-gnu-toolchain/bin/../lib/gcc/arm-none-eabi/6.3.1/../../../../arm-none-eabi/lib/thumb/v7-m\libc.a(lib_a-memchr-stub.o)
 .debug_frame   0x00001d34       0x30 c:/program files (x86)/atmel/studio/7.0/toolchain/arm/arm-gnu-toolchain/bin/../lib/gcc/arm-none-eabi/6.3.1/../../../../arm-none-eabi/lib/thumb/v7-m\libc.a(lib_a-memmove.o)
 .debug_frame   0x00001d64       0x30 c:/program files (x86)/atmel/studio/7.0/toolchain/arm/arm-gnu-toolchain/bin/../lib/gcc/arm-none-eabi/6.3.1/../../../../arm-none-eabi/lib/thumb/v7-m\libc.a(lib_a-mlock.o)
 .debug_frame   0x00001d94       0x68 c:/program files (x86)/atmel/studio/7.0/toolchain/arm/arm-gnu-toolchain/bin/../lib/gcc/arm-none-eabi/6.3.1/../../../../arm-none-eabi/lib/thumb/v7-m\libc.a(lib_a-reallocr.o)
 .debug_frame   0x00001dfc       0x2c c:/program files (x86)/atmel/studio/7.0/toolchain/arm/arm-gnu-toolchain/bin/../lib/gcc/arm-none-eabi/6.3.1/../../../../arm-none-eabi/lib/thumb/v7-m\libc.a(lib_a-sbrkr.o)
 .debug_frame   0x00001e28       0x88 c:/program files (x86)/atmel/studio/7.0/toolchain/arm/arm-gnu-toolchain/bin/../lib/gcc/arm-none-eabi/6.3.1/../../../../arm-none-eabi/lib/thumb/v7-m\libc.a(lib_a-stdio.o)
 .debug_frame   0x00001eb0       0x20 c:/program files (x86)/atmel/studio/7.0/toolchain/arm/arm-gnu-toolchain/bin/../lib/gcc/arm-none-eabi/6.3.1/../../../../arm-none-eabi/lib/thumb/v7-m\libc.a(lib_a-strlen-stub.o)
 .debug_frame   0x00001ed0       0x5c c:/program files (x86)/atmel/studio/7.0/toolchain/arm/arm-gnu-toolchain/bin/../lib/gcc/arm-none-eabi/6.3.1/../../../../arm-none-eabi/lib/thumb/v7-m\libc.a(lib_a-wcrtomb.o)
 .debug_frame   0x00001f2c       0x3c c:/program files (x86)/atmel/studio/7.0/toolchain/arm/arm-gnu-toolchain/bin/../lib/gcc/arm-none-eabi/6.3.1/../../../../arm-none-eabi/lib/thumb/v7-m\libc.a(lib_a-wctomb_r.o)
 .debug_frame   0x00001f68       0x30 c:/program files (x86)/atmel/studio/7.0/toolchain/arm/arm-gnu-toolchain/bin/../lib/gcc/arm-none-eabi/6.3.1/../../../../arm-none-eabi/lib/thumb/v7-m\libc.a(lib_a-writer.o)
 .debug_frame   0x00001f98       0x34 c:/program files (x86)/atmel/studio/7.0/toolchain/arm/arm-gnu-toolchain/bin/../lib/gcc/arm-none-eabi/6.3.1/../../../../arm-none-eabi/lib/thumb/v7-m\libc.a(lib_a-__atexit.o)
 .debug_frame   0x00001fcc       0x2c c:/program files (x86)/atmel/studio/7.0/toolchain/arm/arm-gnu-toolchain/bin/../lib/gcc/arm-none-eabi/6.3.1/../../../../arm-none-eabi/lib/thumb/v7-m\libc.a(lib_a-closer.o)
 .debug_frame   0x00001ff8       0x3c c:/program files (x86)/atmel/studio/7.0/toolchain/arm/arm-gnu-toolchain/bin/../lib/gcc/arm-none-eabi/6.3.1/../../../../arm-none-eabi/lib/thumb/v7-m\libc.a(lib_a-fclose.o)
 .debug_frame   0x00002034       0x2c c:/program files (x86)/atmel/studio/7.0/toolchain/arm/arm-gnu-toolchain/bin/../lib/gcc/arm-none-eabi/6.3.1/../../../../arm-none-eabi/lib/thumb/v7-m\libc.a(lib_a-fstatr.o)
 .debug_frame   0x00002060       0x2c c:/program files (x86)/atmel/studio/7.0/toolchain/arm/arm-gnu-toolchain/bin/../lib/gcc/arm-none-eabi/6.3.1/../../../../arm-none-eabi/lib/thumb/v7-m\libc.a(lib_a-isattyr.o)
 .debug_frame   0x0000208c       0x30 c:/program files (x86)/atmel/studio/7.0/toolchain/arm/arm-gnu-toolchain/bin/../lib/gcc/arm-none-eabi/6.3.1/../../../../arm-none-eabi/lib/thumb/v7-m\libc.a(lib_a-lseekr.o)
 .debug_frame   0x000020bc       0x30 c:/program files (x86)/atmel/studio/7.0/toolchain/arm/arm-gnu-toolchain/bin/../lib/gcc/arm-none-eabi/6.3.1/../../../../arm-none-eabi/lib/thumb/v7-m\libc.a(lib_a-readr.o)
 .debug_frame   0x000020ec       0x58 c:/program files (x86)/atmel/studio/7.0/toolchain/arm/arm-gnu-toolchain/bin/../lib/gcc/arm-none-eabi/6.3.1/../../../../arm-none-eabi/lib/thumb/v7-m\libc.a(lib_a-reent.o)
 .debug_frame   0x00002144       0x2c c:/program files (x86)/atmel/studio/7.0/toolchain/arm/arm-gnu-toolchain/bin/../lib/gcc/arm-none-eabi/6.3.1/thumb/v7-m\libgcc.a(_aeabi_uldivmod.o)
 .debug_frame   0x00002170       0x34 c:/program files (x86)/atmel/studio/7.0/toolchain/arm/arm-gnu-toolchain/bin/../lib/gcc/arm-none-eabi/6.3.1/thumb/v7-m\libgcc.a(_udivmoddi4.o)

Cross Reference Table

Symbol                                            File
ADC_Handler                                       src/ASF/sam/utils/cmsis/sam3x/source/templates/exceptions.o
                                                  src/ASF/sam/utils/cmsis/sam3x/source/templates/gcc/startup_sam3x.o
BusFault_Handler                                  src/ASF/sam/utils/cmsis/sam3x/source/templates/exceptions.o
                                                  src/ASF/sam/utils/cmsis/sam3x/source/templates/gcc/startup_sam3x.o
CAN0_Handler                                      src/ASF/sam/utils/cmsis/sam3x/source/templates/exceptions.o
                                                  src/ASF/sam/utils/cmsis/sam3x/source/templates/gcc/startup_sam3x.o
CAN1_Handler                                      src/ASF/sam/utils/cmsis/sam3x/source/templates/exceptions.o
                                                  src/ASF/sam/utils/cmsis/sam3x/source/templates/gcc/startup_sam3x.o
DACC_Handler                                      src/ASF/sam/utils/cmsis/sam3x/source/templates/exceptions.o
                                                  src/ASF/sam/utils/cmsis/sam3x/source/templates/gcc/startup_sam3x.o
DMAC_Handler                                      src/ASF/sam/utils/cmsis/sam3x/source/templates/exceptions.o
                                                  src/ASF/sam/utils/cmsis/sam3x/source/templates/gcc/startup_sam3x.o
DebugMon_Handler                                  src/ASF/sam/utils/cmsis/sam3x/source/templates/exceptions.o
                                                  src/ASF/sam/utils/cmsis/sam3x/source/templates/gcc/startup_sam3x.o
Dummy_Handler                                     src/ASF/sam/utils/cmsis/sam3x/source/templates/exceptions.o
EFC0_Handler                                      src/ASF/sam/utils/cmsis/sam3x/source/templates/exceptions.o
                                                  src/ASF/sam/utils/cmsis/sam3x/source/templates/gcc/startup_sam3x.o
EFC1_Handler                                      src/ASF/sam/utils/cmsis/sam3x/source/templates/exceptions.o
                                                  src/ASF/sam/utils/cmsis/sam3x/source/templates/gcc/startup_sam3x.o
EMAC_Handler                                      src/ASF/sam/utils/cmsis/sam3x/source/templates/exceptions.o